Component: ARM Compiler 5.06 update 7 (build 960) Tool: armlink [4d3601]

==============================================================================

Section Cross References

    main.o(i.EXTI5_9_IRQHandler) refers to gd32f30x_exti.o(i.exti_interrupt_flag_get) for exti_interrupt_flag_get
    main.o(i.EXTI5_9_IRQHandler) refers to gd32f30x_exti.o(i.exti_interrupt_flag_clear) for exti_interrupt_flag_clear
    main.o(i.EXTI5_9_IRQHandler) refers to systick.o(i.delay_1ms) for delay_1ms
    main.o(i.EXTI5_9_IRQHandler) refers to gd32f30x_gpio.o(i.gpio_input_bit_get) for gpio_input_bit_get
    main.o(i.EXTI5_9_IRQHandler) refers to main.o(.data) for .data
    main.o(i.SysTick_Handler) refers to systick.o(i.delay_decrement) for delay_decrement
    main.o(i.SysTick_Handler) refers to led.o(i.gd_led_toggle) for gd_led_toggle
    main.o(i.SysTick_Handler) refers to main.o(.data) for .data
    main.o(i.USART0_IRQHandler) refers to gd32f30x_usart.o(i.usart_interrupt_flag_get) for usart_interrupt_flag_get
    main.o(i.USART0_IRQHandler) refers to gd32f30x_usart.o(i.usart_flag_get) for usart_flag_get
    main.o(i.USART0_IRQHandler) refers to gd32f30x_usart.o(i.usart_data_receive) for usart_data_receive
    main.o(i.USART0_IRQHandler) refers to usart.o(i.com_put_char) for com_put_char
    main.o(i.main) refers to gd32f30x_rcu.o(i.rcu_ahb_clock_config) for rcu_ahb_clock_config
    main.o(i.main) refers to systick.o(i.systick_config) for systick_config
    main.o(i.main) refers to gd32f30x_rcu.o(i.rcu_periph_clock_enable) for rcu_periph_clock_enable
    main.o(i.main) refers to systick.o(i.delay_1ms) for delay_1ms
    main.o(i.main) refers to gd32f30x_gpio.o(i.gpio_pin_remap_config) for gpio_pin_remap_config
    main.o(i.main) refers to key.o(i.gd_key_init) for gd_key_init
    main.o(i.main) refers to gd32f30x_usbd_hw.o(i.rcu_config) for rcu_config
    main.o(i.main) refers to standard_hid_core.o(i.hid_itfop_register) for hid_itfop_register
    main.o(i.main) refers to usbd_core.o(i.usbd_init) for usbd_init
    main.o(i.main) refers to gd32f30x_usbd_hw.o(i.nvic_config) for nvic_config
    main.o(i.main) refers to led.o(i.gd_led_off) for gd_led_off
    main.o(i.main) refers to key.o(i.KEY_MATRIX_Scan) for KEY_MATRIX_Scan
    main.o(i.main) refers to led.o(i.gd_led_on) for gd_led_on
    main.o(i.main) refers to hid_keyboard_itf.o(.data) for fop_handler
    main.o(i.main) refers to main.o(.bss) for .bss
    main.o(i.main) refers to standard_hid_core.o(.data) for hid_class
    main.o(i.main) refers to standard_hid_core.o(.data) for hid_desc
    main.o(i.main) refers to hid_keyboard_itf.o(.data) for buff_Key
    main.o(i.main) refers to main.o(.data) for .data
    main.o(i.main_tick_1s) refers to led.o(i.gd_led_toggle) for gd_led_toggle
    main.o(i.read_action) refers to myiic.o(i.IIC_Start) for IIC_Start
    main.o(i.read_action) refers to myiic.o(i.IIC_Send_Byte) for IIC_Send_Byte
    main.o(i.read_action) refers to myiic.o(i.IIC_Wait_Ack) for IIC_Wait_Ack
    main.o(i.read_action) refers to myiic.o(i.IIC_Read_Byte) for IIC_Read_Byte
    main.o(i.read_action) refers to myiic.o(i.IIC_Stop) for IIC_Stop
    main.o(i.read_action) refers to main.o(.data) for .data
    main.o(i.timer2_config) refers to gd32f30x_rcu.o(i.rcu_periph_clock_enable) for rcu_periph_clock_enable
    main.o(i.timer2_config) refers to gd32f30x_timer.o(i.timer_deinit) for timer_deinit
    main.o(i.timer2_config) refers to gd32f30x_timer.o(i.timer_init) for timer_init
    main.o(i.timer2_config) refers to gd32f30x_timer.o(i.timer_channel_output_config) for timer_channel_output_config
    main.o(i.timer2_config) refers to gd32f30x_timer.o(i.timer_channel_output_pulse_value_config) for timer_channel_output_pulse_value_config
    main.o(i.timer2_config) refers to gd32f30x_timer.o(i.timer_channel_output_mode_config) for timer_channel_output_mode_config
    main.o(i.timer2_config) refers to gd32f30x_timer.o(i.timer_channel_output_shadow_config) for timer_channel_output_shadow_config
    main.o(i.timer2_config) refers to gd32f30x_timer.o(i.timer_auto_reload_shadow_enable) for timer_auto_reload_shadow_enable
    main.o(i.timer2_config) refers to gd32f30x_timer.o(i.timer_enable) for timer_enable
    main.o(i.writeOneByte) refers to myiic.o(i.IIC_Start) for IIC_Start
    main.o(i.writeOneByte) refers to myiic.o(i.IIC_Send_Byte) for IIC_Send_Byte
    main.o(i.writeOneByte) refers to myiic.o(i.IIC_Wait_Ack) for IIC_Wait_Ack
    main.o(i.writeOneByte) refers to myiic.o(i.IIC_Stop) for IIC_Stop
    main.o(i.writeOneByte) refers to systick.o(i.delay_1ms) for delay_1ms
    systick.o(i.delay_1ms) refers to systick.o(.data) for .data
    systick.o(i.delay_decrement) refers to systick.o(.data) for .data
    systick.o(i.systick_config) refers to systick.o(i.NVIC_SetPriority) for NVIC_SetPriority
    systick.o(i.systick_config) refers to system_gd32f30x.o(.data) for SystemCoreClock
[...]
    Removing gd32f30x_rcu.o(i.rcu_periph_clock_sleep_enable), (28 bytes).
    Removing gd32f30x_rcu.o(i.rcu_periph_reset_disable), (28 bytes).
    Removing gd32f30x_rcu.o(i.rcu_periph_reset_enable), (28 bytes).
    Removing gd32f30x_rcu.o(i.rcu_pll_config), (28 bytes).
    Removing gd32f30x_rcu.o(i.rcu_pllpresel_config), (20 bytes).
    Removing gd32f30x_rcu.o(i.rcu_predv0_config), (24 bytes).
    Removing gd32f30x_rcu.o(i.rcu_rtc_clock_config), (20 bytes).
    Removing gd32f30x_rtc.o(.rev16_text), (4 bytes).
    Removing gd32f30x_rtc.o(.revsh_text), (4 bytes).
    Removing gd32f30x_rtc.o(i.rtc_alarm_config), (32 bytes).
    Removing gd32f30x_rtc.o(i.rtc_configuration_mode_enter), (16 bytes).
    Removing gd32f30x_rtc.o(i.rtc_configuration_mode_exit), (16 bytes).
    Removing gd32f30x_rtc.o(i.rtc_counter_get), (20 bytes).
    Removing gd32f30x_rtc.o(i.rtc_counter_set), (32 bytes).
    Removing gd32f30x_rtc.o(i.rtc_divider_get), (24 bytes).
    Removing gd32f30x_rtc.o(i.rtc_flag_clear), (16 bytes).
    Removing gd32f30x_rtc.o(i.rtc_flag_get), (20 bytes).
    Removing gd32f30x_rtc.o(i.rtc_interrupt_disable), (16 bytes).
    Removing gd32f30x_rtc.o(i.rtc_interrupt_enable), (16 bytes).
    Removing gd32f30x_rtc.o(i.rtc_lwoff_wait), (16 bytes).
    Removing gd32f30x_rtc.o(i.rtc_prescaler_set), (36 bytes).
    Removing gd32f30x_rtc.o(i.rtc_register_sync_wait), (24 bytes).
    Removing gd32f30x_sdio.o(.rev16_text), (4 bytes).
    Removing gd32f30x_sdio.o(.revsh_text), (4 bytes).
    Removing gd32f30x_sdio.o(i.sdio_bus_mode_set), (24 bytes).
    Removing gd32f30x_sdio.o(i.sdio_ceata_command_completion_disable), (16 bytes).
    Removing gd32f30x_sdio.o(i.sdio_ceata_command_completion_enable), (16 bytes).
    Removing gd32f30x_sdio.o(i.sdio_ceata_command_disable), (16 bytes).
    Removing gd32f30x_sdio.o(i.sdio_ceata_command_enable), (16 bytes).
    Removing gd32f30x_sdio.o(i.sdio_ceata_interrupt_disable), (16 bytes).
    Removing gd32f30x_sdio.o(i.sdio_ceata_interrupt_enable), (16 bytes).
    Removing gd32f30x_sdio.o(i.sdio_clock_config), (44 bytes).
    Removing gd32f30x_sdio.o(i.sdio_clock_disable), (16 bytes).
    Removing gd32f30x_sdio.o(i.sdio_clock_enable), (16 bytes).
    Removing gd32f30x_sdio.o(i.sdio_command_index_get), (12 bytes).
    Removing gd32f30x_sdio.o(i.sdio_command_response_config), (32 bytes).
    Removing gd32f30x_sdio.o(i.sdio_csm_disable), (16 bytes).
    Removing gd32f30x_sdio.o(i.sdio_csm_enable), (16 bytes).
    Removing gd32f30x_sdio.o(i.sdio_data_config), (44 bytes).
    Removing gd32f30x_sdio.o(i.sdio_data_counter_get), (12 bytes).
    Removing gd32f30x_sdio.o(i.sdio_data_read), (12 bytes).
    Removing gd32f30x_sdio.o(i.sdio_data_transfer_config), (20 bytes).
    Removing gd32f30x_sdio.o(i.sdio_data_write), (12 bytes).
    Removing gd32f30x_sdio.o(i.sdio_deinit), (28 bytes).
    Removing gd32f30x_sdio.o(i.sdio_dma_disable), (16 bytes).
    Removing gd32f30x_sdio.o(i.sdio_dma_enable), (16 bytes).
    Removing gd32f30x_sdio.o(i.sdio_dsm_disable), (16 bytes).
    Removing gd32f30x_sdio.o(i.sdio_dsm_enable), (16 bytes).
    Removing gd32f30x_sdio.o(i.sdio_fifo_counter_get), (12 bytes).
    Removing gd32f30x_sdio.o(i.sdio_flag_clear), (12 bytes).
    Removing gd32f30x_sdio.o(i.sdio_flag_get), (20 bytes).
    Removing gd32f30x_sdio.o(i.sdio_hardware_clock_disable), (16 bytes).
    Removing gd32f30x_sdio.o(i.sdio_hardware_clock_enable), (16 bytes).
    Removing gd32f30x_sdio.o(i.sdio_interrupt_disable), (16 bytes).
    Removing gd32f30x_sdio.o(i.sdio_interrupt_enable), (16 bytes).
    Removing gd32f30x_sdio.o(i.sdio_interrupt_flag_clear), (12 bytes).
    Removing gd32f30x_sdio.o(i.sdio_interrupt_flag_get), (20 bytes).
    Removing gd32f30x_sdio.o(i.sdio_operation_disable), (16 bytes).
    Removing gd32f30x_sdio.o(i.sdio_operation_enable), (16 bytes).
    Removing gd32f30x_sdio.o(i.sdio_power_state_get), (12 bytes).
    Removing gd32f30x_sdio.o(i.sdio_power_state_set), (12 bytes).
    Removing gd32f30x_sdio.o(i.sdio_readwait_disable), (16 bytes).
    Removing gd32f30x_sdio.o(i.sdio_readwait_enable), (16 bytes).
    Removing gd32f30x_sdio.o(i.sdio_readwait_type_set), (28 bytes).
    Removing gd32f30x_sdio.o(i.sdio_response_get), (44 bytes).
    Removing gd32f30x_sdio.o(i.sdio_stop_readwait_disable), (16 bytes).
    Removing gd32f30x_sdio.o(i.sdio_stop_readwait_enable), (16 bytes).
    Removing gd32f30x_sdio.o(i.sdio_suspend_disable), (16 bytes).
    Removing gd32f30x_sdio.o(i.sdio_suspend_enable), (16 bytes).
    Removing gd32f30x_sdio.o(i.sdio_wait_type_set), (24 bytes).
    Removing gd32f30x_spi.o(.rev16_text), (4 bytes).
    Removing gd32f30x_spi.o(.revsh_text), (4 bytes).
    Removing gd32f30x_spi.o(i.i2s_disable), (10 bytes).
    Removing gd32f30x_spi.o(i.i2s_enable), (10 bytes).
    Removing gd32f30x_spi.o(i.i2s_init), (24 bytes).
    Removing gd32f30x_spi.o(i.i2s_psc_config), (106 bytes).
    Removing gd32f30x_spi.o(i.qspi_disable), (12 bytes).
    Removing gd32f30x_spi.o(i.qspi_enable), (12 bytes).
    Removing gd32f30x_spi.o(i.qspi_io23_output_disable), (12 bytes).
    Removing gd32f30x_spi.o(i.qspi_io23_output_enable), (12 bytes).
    Removing gd32f30x_spi.o(i.qspi_read_enable), (12 bytes).
    Removing gd32f30x_spi.o(i.qspi_write_enable), (12 bytes).
    Removing gd32f30x_spi.o(i.spi_bidirectional_transfer_config), (22 bytes).
    Removing gd32f30x_spi.o(i.spi_crc_error_clear), (10 bytes).
    Removing gd32f30x_spi.o(i.spi_crc_get), (12 bytes).
    Removing gd32f30x_spi.o(i.spi_crc_next), (10 bytes).
    Removing gd32f30x_spi.o(i.spi_crc_off), (10 bytes).
    Removing gd32f30x_spi.o(i.spi_crc_on), (10 bytes).
    Removing gd32f30x_spi.o(i.spi_crc_polynomial_get), (6 bytes).
    Removing gd32f30x_spi.o(i.spi_crc_polynomial_set), (12 bytes).
    Removing gd32f30x_spi.o(i.spi_disable), (10 bytes).
    Removing gd32f30x_spi.o(i.spi_dma_disable), (20 bytes).
    Removing gd32f30x_spi.o(i.spi_dma_enable), (20 bytes).
    Removing gd32f30x_spi.o(i.spi_enable), (10 bytes).
    Removing gd32f30x_spi.o(i.spi_i2s_data_frame_format_config), (16 bytes).
    Removing gd32f30x_spi.o(i.spi_i2s_data_receive), (6 bytes).
    Removing gd32f30x_spi.o(i.spi_i2s_data_transmit), (4 bytes).
    Removing gd32f30x_spi.o(i.spi_i2s_deinit), (60 bytes).
    Removing gd32f30x_spi.o(i.spi_i2s_flag_get), (10 bytes).
    Removing gd32f30x_spi.o(i.spi_i2s_interrupt_disable), (36 bytes).
    Removing gd32f30x_spi.o(i.spi_i2s_interrupt_enable), (36 bytes).
    Removing gd32f30x_spi.o(i.spi_i2s_interrupt_flag_get), (84 bytes).
    Removing gd32f30x_spi.o(i.spi_init), (46 bytes).
    Removing gd32f30x_spi.o(i.spi_nss_internal_high), (10 bytes).
    Removing gd32f30x_spi.o(i.spi_nss_internal_low), (10 bytes).
    Removing gd32f30x_spi.o(i.spi_nss_output_disable), (10 bytes).
    Removing gd32f30x_spi.o(i.spi_nss_output_enable), (10 bytes).
    Removing gd32f30x_spi.o(i.spi_nssp_mode_disable), (10 bytes).
    Removing gd32f30x_spi.o(i.spi_nssp_mode_enable), (10 bytes).
    Removing gd32f30x_spi.o(i.spi_struct_para_init), (18 bytes).
    Removing gd32f30x_spi.o(i.spi_ti_mode_disable), (10 bytes).
    Removing gd32f30x_spi.o(i.spi_ti_mode_enable), (10 bytes).
    Removing gd32f30x_timer.o(.rev16_text), (4 bytes).
    Removing gd32f30x_timer.o(.revsh_text), (4 bytes).
    Removing gd32f30x_timer.o(i.timer_auto_reload_shadow_disable), (10 bytes).
    Removing gd32f30x_timer.o(i.timer_auto_reload_shadow_enable), (10 bytes).
    Removing gd32f30x_timer.o(i.timer_automatic_output_disable), (10 bytes).
    Removing gd32f30x_timer.o(i.timer_automatic_output_enable), (10 bytes).
    Removing gd32f30x_timer.o(i.timer_autoreload_value_config), (4 bytes).
    Removing gd32f30x_timer.o(i.timer_break_config), (32 bytes).
    Removing gd32f30x_timer.o(i.timer_break_disable), (10 bytes).
    Removing gd32f30x_timer.o(i.timer_break_enable), (10 bytes).
    Removing gd32f30x_timer.o(i.timer_break_struct_para_init), (18 bytes).
    Removing gd32f30x_timer.o(i.timer_channel_capture_value_register_read), (34 bytes).
    Removing gd32f30x_timer.o(i.timer_channel_complementary_output_polarity_config), (58 bytes).
    Removing gd32f30x_timer.o(i.timer_channel_complementary_output_state_config), (58 bytes).
    Removing gd32f30x_timer.o(i.timer_channel_control_shadow_config), (20 bytes).
    Removing gd32f30x_timer.o(i.timer_channel_control_shadow_update_config), (24 bytes).
    Removing gd32f30x_timer.o(i.timer_channel_dma_request_source_select), (24 bytes).
    Removing gd32f30x_timer.o(i.timer_channel_input_capture_prescaler_config), (78 bytes).
    Removing gd32f30x_timer.o(i.timer_channel_input_struct_para_init), (14 bytes).
    Removing gd32f30x_timer.o(i.timer_channel_output_clear_config), (78 bytes).
    Removing gd32f30x_timer.o(i.timer_channel_output_config), (468 bytes).
    Removing gd32f30x_timer.o(i.timer_channel_output_fast_config), (78 bytes).
    Removing gd32f30x_timer.o(i.timer_channel_output_mode_config), (78 bytes).
    Removing gd32f30x_timer.o(i.timer_channel_output_polarity_config), (78 bytes).
    Removing gd32f30x_timer.o(i.timer_channel_output_pulse_value_config), (30 bytes).
    Removing gd32f30x_timer.o(i.timer_channel_output_shadow_config), (78 bytes).
    Removing gd32f30x_timer.o(i.timer_channel_output_state_config), (78 bytes).
    Removing gd32f30x_timer.o(i.timer_channel_output_struct_para_init), (16 bytes).
    Removing gd32f30x_timer.o(i.timer_counter_alignment), (16 bytes).
    Removing gd32f30x_timer.o(i.timer_counter_down_direction), (10 bytes).
    Removing gd32f30x_timer.o(i.timer_counter_read), (4 bytes).
    Removing gd32f30x_timer.o(i.timer_counter_up_direction), (10 bytes).
    Removing gd32f30x_timer.o(i.timer_counter_value_config), (4 bytes).
    Removing gd32f30x_timer.o(i.timer_deinit), (120 bytes).
    Removing gd32f30x_timer.o(i.timer_disable), (10 bytes).
    Removing gd32f30x_timer.o(i.timer_dma_disable), (8 bytes).
    Removing gd32f30x_timer.o(i.timer_dma_enable), (8 bytes).
    Removing gd32f30x_timer.o(i.timer_dma_transfer_config), (22 bytes).
    Removing gd32f30x_timer.o(i.timer_enable), (10 bytes).
    Removing gd32f30x_timer.o(i.timer_event_software_generate), (8 bytes).
    Removing gd32f30x_timer.o(i.timer_external_clock_mode0_config), (26 bytes).
    Removing gd32f30x_timer.o(i.timer_external_clock_mode1_config), (18 bytes).
    Removing gd32f30x_timer.o(i.timer_external_clock_mode1_disable), (10 bytes).
    Removing gd32f30x_timer.o(i.timer_external_trigger_as_external_clock_config), (156 bytes).
    Removing gd32f30x_timer.o(i.timer_external_trigger_config), (28 bytes).
    Removing gd32f30x_timer.o(i.timer_flag_clear), (6 bytes).
    Removing gd32f30x_timer.o(i.timer_flag_get), (10 bytes).
    Removing gd32f30x_timer.o(i.timer_hall_mode_config), (24 bytes).
    Removing gd32f30x_timer.o(i.timer_init), (148 bytes).
    Removing gd32f30x_timer.o(i.timer_input_capture_config), (300 bytes).
    Removing gd32f30x_timer.o(i.timer_input_pwm_capture_config), (334 bytes).
    Removing gd32f30x_timer.o(i.timer_input_trigger_source_select), (16 bytes).
    Removing gd32f30x_timer.o(i.timer_internal_clock_config), (10 bytes).
    Removing gd32f30x_timer.o(i.timer_internal_trigger_as_external_clock_config), (26 bytes).
    Removing gd32f30x_timer.o(i.timer_interrupt_disable), (8 bytes).
    Removing gd32f30x_timer.o(i.timer_interrupt_enable), (8 bytes).
    Removing gd32f30x_timer.o(i.timer_interrupt_flag_clear), (6 bytes).
    Removing gd32f30x_timer.o(i.timer_interrupt_flag_get), (20 bytes).
    Removing gd32f30x_timer.o(i.timer_master_output_trigger_source_select), (16 bytes).
    Removing gd32f30x_timer.o(i.timer_master_slave_mode_config), (24 bytes).
    Removing gd32f30x_timer.o(i.timer_output_value_selection_config), (30 bytes).
    Removing gd32f30x_timer.o(i.timer_prescaler_config), (16 bytes).
    Removing gd32f30x_timer.o(i.timer_prescaler_read), (6 bytes).
    Removing gd32f30x_timer.o(i.timer_primary_output_config), (20 bytes).
    Removing gd32f30x_timer.o(i.timer_quadrature_decoder_mode_config), (64 bytes).
    Removing gd32f30x_timer.o(i.timer_repetition_value_config), (4 bytes).
    Removing gd32f30x_timer.o(i.timer_single_pulse_mode_config), (24 bytes).
    Removing gd32f30x_timer.o(i.timer_slave_mode_select), (16 bytes).
    Removing gd32f30x_timer.o(i.timer_struct_para_init), (20 bytes).
    Removing gd32f30x_timer.o(i.timer_update_event_disable), (10 bytes).
    Removing gd32f30x_timer.o(i.timer_update_event_enable), (10 bytes).
    Removing gd32f30x_timer.o(i.timer_update_source_config), (24 bytes).
    Removing gd32f30x_timer.o(i.timer_write_chxval_register_config), (30 bytes).
    Removing gd32f30x_usart.o(.rev16_text), (4 bytes).
    Removing gd32f30x_usart.o(.revsh_text), (4 bytes).
    Removing gd32f30x_usart.o(i.usart_address_config), (20 bytes).
    Removing gd32f30x_usart.o(i.usart_baudrate_set), (84 bytes).
    Removing gd32f30x_usart.o(i.usart_block_length_config), (20 bytes).
    Removing gd32f30x_usart.o(i.usart_data_first_config), (18 bytes).
    Removing gd32f30x_usart.o(i.usart_deinit), (88 bytes).
    Removing gd32f30x_usart.o(i.usart_disable), (10 bytes).
    Removing gd32f30x_usart.o(i.usart_dma_receive_config), (12 bytes).
    Removing gd32f30x_usart.o(i.usart_dma_transmit_config), (12 bytes).
    Removing gd32f30x_usart.o(i.usart_enable), (10 bytes).
    Removing gd32f30x_usart.o(i.usart_flag_clear), (20 bytes).
    Removing gd32f30x_usart.o(i.usart_guard_time_config), (24 bytes).
    Removing gd32f30x_usart.o(i.usart_halfduplex_disable), (10 bytes).
    Removing gd32f30x_usart.o(i.usart_halfduplex_enable), (10 bytes).
    Removing gd32f30x_usart.o(i.usart_hardware_flow_cts_config), (12 bytes).
    Removing gd32f30x_usart.o(i.usart_hardware_flow_rts_config), (12 bytes).
    Removing gd32f30x_usart.o(i.usart_interrupt_disable), (20 bytes).
    Removing gd32f30x_usart.o(i.usart_interrupt_enable), (20 bytes).
    Removing gd32f30x_usart.o(i.usart_interrupt_flag_clear), (20 bytes).
    Removing gd32f30x_usart.o(i.usart_invert_config), (76 bytes).
    Removing gd32f30x_usart.o(i.usart_irda_lowpower_config), (20 bytes).
    Removing gd32f30x_usart.o(i.usart_irda_mode_disable), (10 bytes).
    Removing gd32f30x_usart.o(i.usart_irda_mode_enable), (10 bytes).
    Removing gd32f30x_usart.o(i.usart_lin_break_detection_length_config), (20 bytes).
    Removing gd32f30x_usart.o(i.usart_lin_mode_disable), (10 bytes).
    Removing gd32f30x_usart.o(i.usart_lin_mode_enable), (10 bytes).
    Removing gd32f30x_usart.o(i.usart_mute_mode_disable), (10 bytes).
    Removing gd32f30x_usart.o(i.usart_mute_mode_enable), (10 bytes).
    Removing gd32f30x_usart.o(i.usart_mute_mode_wakeup_config), (16 bytes).
    Removing gd32f30x_usart.o(i.usart_parity_config), (16 bytes).
    Removing gd32f30x_usart.o(i.usart_prescaler_config), (16 bytes).
    Removing gd32f30x_usart.o(i.usart_receive_config), (12 bytes).
    Removing gd32f30x_usart.o(i.usart_receiver_timeout_disable), (12 bytes).
    Removing gd32f30x_usart.o(i.usart_receiver_timeout_enable), (12 bytes).
    Removing gd32f30x_usart.o(i.usart_receiver_timeout_threshold_config), (18 bytes).
    Removing gd32f30x_usart.o(i.usart_send_break), (10 bytes).
    Removing gd32f30x_usart.o(i.usart_smartcard_autoretry_config), (24 bytes).
    Removing gd32f30x_usart.o(i.usart_smartcard_mode_disable), (10 bytes).
    Removing gd32f30x_usart.o(i.usart_smartcard_mode_enable), (10 bytes).
    Removing gd32f30x_usart.o(i.usart_smartcard_mode_nack_disable), (10 bytes).
    Removing gd32f30x_usart.o(i.usart_smartcard_mode_nack_enable), (10 bytes).
    Removing gd32f30x_usart.o(i.usart_stop_bit_set), (16 bytes).
    Removing gd32f30x_usart.o(i.usart_synchronous_clock_config), (30 bytes).
    Removing gd32f30x_usart.o(i.usart_synchronous_clock_disable), (10 bytes).
    Removing gd32f30x_usart.o(i.usart_synchronous_clock_enable), (10 bytes).
    Removing gd32f30x_usart.o(i.usart_transmit_config), (12 bytes).
    Removing gd32f30x_usart.o(i.usart_word_length_set), (16 bytes).
    Removing gd32f30x_wwdgt.o(.rev16_text), (4 bytes).
    Removing gd32f30x_wwdgt.o(.revsh_text), (4 bytes).
    Removing gd32f30x_wwdgt.o(i.wwdgt_config), (44 bytes).
    Removing gd32f30x_wwdgt.o(i.wwdgt_counter_update), (24 bytes).
    Removing gd32f30x_wwdgt.o(i.wwdgt_deinit), (22 bytes).
    Removing gd32f30x_wwdgt.o(i.wwdgt_enable), (16 bytes).
    Removing gd32f30x_wwdgt.o(i.wwdgt_flag_clear), (16 bytes).
    Removing gd32f30x_wwdgt.o(i.wwdgt_flag_get), (16 bytes).
    Removing gd32f30x_wwdgt.o(i.wwdgt_interrupt_enable), (16 bytes).
    Removing usbd_lld_core.o(.rev16_text), (4 bytes).
    Removing usbd_lld_core.o(.revsh_text), (4 bytes).
    Removing usbd_lld_core.o(i.user_buffer_free), (52 bytes).
    Removing usbd_lld_int.o(.rev16_text), (4 bytes).
    Removing usbd_lld_int.o(.revsh_text), (4 bytes).
    Removing usbd_lld_int.o(i.usbd_int_hpst), (228 bytes).
    Removing usbd_core.o(.rev16_text), (4 bytes).
    Removing usbd_core.o(.revsh_text), (4 bytes).
    Removing usbd_core.o(i.usbd_ep_recev), (30 bytes).
    Removing usbd_enum.o(.rev16_text), (4 bytes).
    Removing usbd_enum.o(.revsh_text), (4 bytes).
    Removing usbd_pwr.o(.rev16_text), (4 bytes).
    Removing usbd_pwr.o(.revsh_text), (4 bytes).
    Removing usbd_pwr.o(i.usbd_remote_wakeup_active), (36 bytes).
    Removing usbd_transc.o(.rev16_text), (4 bytes).
    Removing usbd_transc.o(.revsh_text), (4 bytes).
    Removing standard_hid_core.o(.rev16_text), (4 bytes).
    Removing standard_hid_core.o(.revsh_text), (4 bytes).

680 unused section(s) (total 21215 bytes) removed from the image.

==============================================================================

Image Symbol Table

    Local Symbols

    Symbol Name                              Value     Ov Type        Size  Object(Section)

    ../clib/../cmprslib/zerorunl2.c          0x00000000   Number         0  __dczerorl2.o ABSOLUTE
    ../clib/microlib/init/entry.s            0x00000000   Number         0  entry5.o ABSOLUTE
    ../clib/microlib/init/entry.s            0x00000000   Number         0  entry7a.o ABSOLUTE
    ../clib/microlib/init/entry.s            0x00000000   Number         0  entry7b.o ABSOLUTE
    ../clib/microlib/init/entry.s            0x00000000   Number         0  entry8a.o ABSOLUTE
    ../clib/microlib/init/entry.s            0x00000000   Number         0  entry8b.o ABSOLUTE
    ../clib/microlib/init/entry.s            0x00000000   Number         0  entry.o ABSOLUTE
    ../clib/microlib/init/entry.s            0x00000000   Number         0  entry9a.o ABSOLUTE
    ../clib/microlib/init/entry.s            0x00000000   Number         0  entry9b.o ABSOLUTE
    ../clib/microlib/init/entry.s            0x00000000   Number         0  entry2.o ABSOLUTE
    ../clib/microlib/init/entry.s            0x00000000   Number         0  entry10a.o ABSOLUTE
    ../clib/microlib/init/entry.s            0x00000000   Number         0  entry10b.o ABSOLUTE
    ../clib/microlib/init/entry.s            0x00000000   Number         0  entry11a.o ABSOLUTE
    ../clib/microlib/init/entry.s            0x00000000   Number         0  entry11b.o ABSOLUTE
    ../clib/microlib/init/entry.s            0x00000000   Number         0  entry12a.o ABSOLUTE
    ../clib/microlib/init/entry.s            0x00000000   Number         0  entry12b.o ABSOLUTE
    ../clib/microlib/string/memset.c         0x00000000   Number         0  memseta.o ABSOLUTE
    ..\Code\Drivers\key.c                    0x00000000   Number         0  key.o ABSOLUTE
    ..\Code\Drivers\led.c                    0x00000000   Number         0  led.o ABSOLUTE
    ..\Code\Drivers\myiic.c                  0x00000000   Number         0  myiic.o ABSOLUTE
    ..\Code\Drivers\usart.c                  0x00000000   Number         0  usart.o ABSOLUTE
    ..\Code\GD32Api\CMSIS\GD\GD32F30x\Source\ARM\startup_gd32f30x_hd.s 0x00000000   Number         0  startup_gd32f30x_hd.o ABSOLUTE
    ..\Code\GD32Api\CMSIS\GD\GD32F30x\Source\system_gd32f30x.c 0x00000000   Number         0  system_gd32f30x.o ABSOLUTE
    ..\Code\GD32Api\F30x_stdperiph\Source\gd32f30x_adc.c 0x00000000   Number         0  gd32f30x_adc.o ABSOLUTE
    ..\Code\GD32Api\F30x_stdperiph\Source\gd32f30x_bkp.c 0x00000000   Number         0  gd32f30x_bkp.o ABSOLUTE
    ..\Code\GD32Api\F30x_stdperiph\Source\gd32f30x_can.c 0x00000000   Number         0  gd32f30x_can.o ABSOLUTE
    ..\Code\GD32Api\F30x_stdperiph\Source\gd32f30x_crc.c 0x00000000   Number         0  gd32f30x_crc.o ABSOLUTE
    ..\Code\GD32Api\F30x_stdperiph\Source\gd32f30x_ctc.c 0x00000000   Number         0  gd32f30x_ctc.o ABSOLUTE
    ..\Code\GD32Api\F30x_stdperiph\Source\gd32f30x_dac.c 0x00000000   Number         0  gd32f30x_dac.o ABSOLUTE
    ..\Code\GD32Api\F30x_stdperiph\Source\gd32f30x_dbg.c 0x00000000   Number         0  gd32f30x_dbg.o ABSOLUTE
    ..\Code\GD32Api\F30x_stdperiph\Source\gd32f30x_dma.c 0x00000000   Number         0  gd32f30x_dma.o ABSOLUTE
    ..\Code\GD32Api\F30x_stdperiph\Source\gd32f30x_enet.c 0x00000000   Number         0  gd32f30x_enet.o ABSOLUTE
    ..\Code\GD32Api\F30x_stdperiph\Source\gd32f30x_exmc.c 0x00000000   Number         0  gd32f30x_exmc.o ABSOLUTE
    ..\Code\GD32Api\F30x_stdperiph\Source\gd32f30x_exti.c 0x00000000   Number         0  gd32f30x_exti.o ABSOLUTE
    ..\Code\GD32Api\F30x_stdperiph\Source\gd32f30x_fmc.c 0x00000000   Number         0  gd32f30x_fmc.o ABSOLUTE
    ..\Code\GD32Api\F30x_stdperiph\Source\gd32f30x_fwdgt.c 0x00000000   Number         0  gd32f30x_fwdgt.o ABSOLUTE
    ..\Code\GD32Api\F30x_stdperiph\Source\gd32f30x_gpio.c 0x00000000   Number         0  gd32f30x_gpio.o ABSOLUTE
    ..\Code\GD32Api\F30x_stdperiph\Source\gd32f30x_i2c.c 0x00000000   Number         0  gd32f30x_i2c.o ABSOLUTE
    ..\Code\GD32Api\F30x_stdperiph\Source\gd32f30x_misc.c 0x00000000   Number         0  gd32f30x_misc.o ABSOLUTE
    ..\Code\GD32Api\F30x_stdperiph\Source\gd32f30x_pmu.c 0x00000000   Number         0  gd32f30x_pmu.o ABSOLUTE
    ..\Code\GD32Api\F30x_stdperiph\Source\gd32f30x_rcu.c 0x00000000   Number         0  gd32f30x_rcu.o ABSOLUTE
    ..\Code\GD32Api\F30x_stdperiph\Source\gd32f30x_rtc.c 0x00000000   Number         0  gd32f30x_rtc.o ABSOLUTE
    ..\Code\GD32Api\F30x_stdperiph\Source\gd32f30x_sdio.c 0x00000000   Number         0  gd32f30x_sdio.o ABSOLUTE
    ..\Code\GD32Api\F30x_stdperiph\Source\gd32f30x_spi.c 0x00000000   Number         0  gd32f30x_spi.o ABSOLUTE
    ..\Code\GD32Api\F30x_stdperiph\Source\gd32f30x_timer.c 0x00000000   Number         0  gd32f30x_timer.o ABSOLUTE
    ..\Code\GD32Api\F30x_stdperiph\Source\gd32f30x_usart.c 0x00000000   Number         0  gd32f30x_usart.o ABSOLUTE
    ..\Code\GD32Api\F30x_stdperiph\Source\gd32f30x_wwdgt.c 0x00000000   Number         0  gd32f30x_wwdgt.o ABSOLUTE
    ..\Code\Mains\gd32f30x_it.c              0x00000000   Number         0  gd32f30x_it.o ABSOLUTE
    ..\Code\Mains\gd32f30x_usbd_hw.c         0x00000000   Number         0  gd32f30x_usbd_hw.o ABSOLUTE
    ..\Code\Mains\hid_keyboard_itf.c         0x00000000   Number         0  hid_keyboard_itf.o ABSOLUTE
    ..\Code\Mains\main.c                     0x00000000   Number         0  main.o ABSOLUTE
    ..\Code\Mains\systick.c                  0x00000000   Number         0  systick.o ABSOLUTE
    ..\Code\USBD_Class\standard_hid_core.c   0x00000000   Number         0  standard_hid_core.o ABSOLUTE
    ..\Code\USBD_Device\usbd_core.c          0x00000000   Number         0  usbd_core.o ABSOLUTE
    ..\Code\USBD_Device\usbd_enum.c          0x00000000   Number         0  usbd_enum.o ABSOLUTE
    ..\Code\USBD_Device\usbd_pwr.c           0x00000000   Number         0  usbd_pwr.o ABSOLUTE
    ..\Code\USBD_Device\usbd_transc.c        0x00000000   Number         0  usbd_transc.o ABSOLUTE
    ..\Code\USBD_Drivers\usbd_lld_core.c     0x00000000   Number         0  usbd_lld_core.o ABSOLUTE
    ..\Code\USBD_Drivers\usbd_lld_int.c      0x00000000   Number         0  usbd_lld_int.o ABSOLUTE
    ..\\Code\\Drivers\\key.c                 0x00000000   Number         0  key.o ABSOLUTE
    ..\\Code\\Drivers\\led.c                 0x00000000   Number         0  led.o ABSOLUTE
    ..\\Code\\Drivers\\myiic.c               0x00000000   Number         0  myiic.o ABSOLUTE
    ..\\Code\\Drivers\\usart.c               0x00000000   Number         0  usart.o ABSOLUTE
    ..\\Code\\GD32Api\\CMSIS\\GD\\GD32F30x\\Source\\system_gd32f30x.c 0x00000000   Number         0  system_gd32f30x.o ABSOLUTE
    ..\\Code\\GD32Api\\F30x_stdperiph\\Source\\gd32f30x_adc.c 0x00000000   Number         0  gd32f30x_adc.o ABSOLUTE
    ..\\Code\\GD32Api\\F30x_stdperiph\\Source\\gd32f30x_bkp.c 0x00000000   Number         0  gd32f30x_bkp.o ABSOLUTE
    ..\\Code\\GD32Api\\F30x_stdperiph\\Source\\gd32f30x_can.c 0x00000000   Number         0  gd32f30x_can.o ABSOLUTE
    ..\\Code\\GD32Api\\F30x_stdperiph\\Source\\gd32f30x_crc.c 0x00000000   Number         0  gd32f30x_crc.o ABSOLUTE
    ..\\Code\\GD32Api\\F30x_stdperiph\\Source\\gd32f30x_ctc.c 0x00000000   Number         0  gd32f30x_ctc.o ABSOLUTE
    ..\\Code\\GD32Api\\F30x_stdperiph\\Source\\gd32f30x_dac.c 0x00000000   Number         0  gd32f30x_dac.o ABSOLUTE
    ..\\Code\\GD32Api\\F30x_stdperiph\\Source\\gd32f30x_dbg.c 0x00000000   Number         0  gd32f30x_dbg.o ABSOLUTE
    ..\\Code\\GD32Api\\F30x_stdperiph\\Source\\gd32f30x_dma.c 0x00000000   Number         0  gd32f30x_dma.o ABSOLUTE
    ..\\Code\\GD32Api\\F30x_stdperiph\\Source\\gd32f30x_enet.c 0x00000000   Number         0  gd32f30x_enet.o ABSOLUTE
    ..\\Code\\GD32Api\\F30x_stdperiph\\Source\\gd32f30x_exmc.c 0x00000000   Number         0  gd32f30x_exmc.o ABSOLUTE
    ..\\Code\\GD32Api\\F30x_stdperiph\\Source\\gd32f30x_exti.c 0x00000000   Number         0  gd32f30x_exti.o ABSOLUTE
    ..\\Code\\GD32Api\\F30x_stdperiph\\Source\\gd32f30x_fmc.c 0x00000000   Number         0  gd32f30x_fmc.o ABSOLUTE
    ..\\Code\\GD32Api\\F30x_stdperiph\\Source\\gd32f30x_fwdgt.c 0x00000000   Number         0  gd32f30x_fwdgt.o ABSOLUTE
    ..\\Code\\GD32Api\\F30x_stdperiph\\Source\\gd32f30x_gpio.c 0x00000000   Number         0  gd32f30x_gpio.o ABSOLUTE
    ..\\Code\\GD32Api\\F30x_stdperiph\\Source\\gd32f30x_i2c.c 0x00000000   Number         0  gd32f30x_i2c.o ABSOLUTE
    ..\\Code\\GD32Api\\F30x_stdperiph\\Source\\gd32f30x_misc.c 0x00000000   Number         0  gd32f30x_misc.o ABSOLUTE
    ..\\Code\\GD32Api\\F30x_stdperiph\\Source\\gd32f30x_pmu.c 0x00000000   Number         0  gd32f30x_pmu.o ABSOLUTE
    ..\\Code\\GD32Api\\F30x_stdperiph\\Source\\gd32f30x_rcu.c 0x00000000   Number         0  gd32f30x_rcu.o ABSOLUTE
    ..\\Code\\GD32Api\\F30x_stdperiph\\Source\\gd32f30x_rtc.c 0x00000000   Number         0  gd32f30x_rtc.o ABSOLUTE
    ..\\Code\\GD32Api\\F30x_stdperiph\\Source\\gd32f30x_sdio.c 0x00000000   Number         0  gd32f30x_sdio.o ABSOLUTE
    ..\\Code\\GD32Api\\F30x_stdperiph\\Source\\gd32f30x_spi.c 0x00000000   Number         0  gd32f30x_spi.o ABSOLUTE
    ..\\Code\\GD32Api\\F30x_stdperiph\\Source\\gd32f30x_timer.c 0x00000000   Number         0  gd32f30x_timer.o ABSOLUTE
    ..\\Code\\GD32Api\\F30x_stdperiph\\Source\\gd32f30x_usart.c 0x00000000   Number         0  gd32f30x_usart.o ABSOLUTE
    ..\\Code\\GD32Api\\F30x_stdperiph\\Source\\gd32f30x_wwdgt.c 0x00000000   Number         0  gd32f30x_wwdgt.o ABSOLUTE
    ..\\Code\\Mains\\gd32f30x_it.c           0x00000000   Number         0  gd32f30x_it.o ABSOLUTE
    ..\\Code\\Mains\\gd32f30x_usbd_hw.c      0x00000000   Number         0  gd32f30x_usbd_hw.o ABSOLUTE
    ..\\Code\\Mains\\hid_keyboard_itf.c      0x00000000   Number         0  hid_keyboard_itf.o ABSOLUTE
    ..\\Code\\Mains\\main.c                  0x00000000   Number         0  main.o ABSOLUTE
    ..\\Code\\Mains\\systick.c               0x00000000   Number         0  systick.o ABSOLUTE
    ..\\Code\\USBD_Class\\standard_hid_core.c 0x00000000   Number         0  standard_hid_core.o ABSOLUTE
    ..\\Code\\USBD_Device\\usbd_core.c       0x00000000   Number         0  usbd_core.o ABSOLUTE
    ..\\Code\\USBD_Device\\usbd_enum.c       0x00000000   Number         0  usbd_enum.o ABSOLUTE
    ..\\Code\\USBD_Device\\usbd_pwr.c        0x00000000   Number         0  usbd_pwr.o ABSOLUTE
    ..\\Code\\USBD_Device\\usbd_transc.c     0x00000000   Number         0  usbd_transc.o ABSOLUTE
    ..\\Code\\USBD_Drivers\\usbd_lld_core.c  0x00000000   Number         0  usbd_lld_core.o ABSOLUTE
    ..\\Code\\USBD_Drivers\\usbd_lld_int.c   0x00000000   Number         0  usbd_lld_int.o ABSOLUTE
    dc.s                                     0x00000000   Number         0  dc.o ABSOLUTE
    handlers.s                               0x00000000   Number         0  handlers.o ABSOLUTE
    init.s                                   0x00000000   Number         0  init.o ABSOLUTE
    RESET                                    0x08000000   Section      304  startup_gd32f30x_hd.o(RESET)
    .ARM.Collect$$$$00000000                 0x08000130   Section        0  entry.o(.ARM.Collect$$$$00000000)
    .ARM.Collect$$$$00000001                 0x08000130   Section        4  entry2.o(.ARM.Collect$$$$00000001)
    .ARM.Collect$$$$00000004                 0x08000134   Section        4  entry5.o(.ARM.Collect$$$$00000004)
    .ARM.Collect$$$$00000008                 0x08000138   Section        0  entry7b.o(.ARM.Collect$$$$00000008)
    .ARM.Collect$$$$0000000A                 0x08000138   Section        0  entry8b.o(.ARM.Collect$$$$0000000A)
    .ARM.Collect$$$$0000000B                 0x08000138   Section        8  entry9a.o(.ARM.Collect$$$$0000000B)
    .ARM.Collect$$$$0000000E                 0x08000140   Section        4  entry12b.o(.ARM.Collect$$$$0000000E)
    .ARM.Collect$$$$0000000F                 0x08000144   Section        0  entry10a.o(.ARM.Collect$$$$0000000F)
    .ARM.Collect$$$$00000011                 0x08000144   Section        0  entry11a.o(.ARM.Collect$$$$00000011)
    .ARM.Collect$$$$00002712                 0x08000144   Section        4  entry2.o(.ARM.Collect$$$$00002712)
    __lit__00000000                          0x08000144   Data           4  entry2.o(.ARM.Collect$$$$00002712)
    .text                                    0x08000148   Section       36  startup_gd32f30x_hd.o(.text)
    $v0                                      0x08000148   Number         0  startup_gd32f30x_hd.o(.text)
    .text                                    0x0800016c   Section        0  memseta.o(.text)
    .text                                    0x08000190   Section       36  init.o(.text)
    .text                                    0x080001b4   Section        0  __dczerorl2.o(.text)
    i.Activate_ALL_ROW                       0x0800020a   Section        0  key.o(i.Activate_ALL_ROW)
    i.Activate_ROW                           0x08000220   Section        0  key.o(i.Activate_ROW)
    i.BusFault_Handler                       0x08000240   Section        0  gd32f30x_it.o(i.BusFault_Handler)
    i.DebugMon_Handler                       0x08000242   Section        0  gd32f30x_it.o(i.DebugMon_Handler)
    i.EXTI5_9_IRQHandler                     0x08000244   Section        0  main.o(i.EXTI5_9_IRQHandler)
    i.HardFault_Handler                      0x0800027c   Section        0  gd32f30x_it.o(i.HardFault_Handler)
    i.KEY_MATRIX_Scan                        0x08000280   Section        0  key.o(i.KEY_MATRIX_Scan)
    i.MemManage_Handler                      0x0800035c   Section        0  gd32f30x_it.o(i.MemManage_Handler)
    i.NMI_Handler                            0x0800035e   Section        0  gd32f30x_it.o(i.NMI_Handler)
    i.NVIC_SetPriority                       0x08000360   Section        0  systick.o(i.NVIC_SetPriority)
    NVIC_SetPriority                         0x08000361   Thumb Code    32  systick.o(i.NVIC_SetPriority)
    i.PendSV_Handler                         0x08000380   Section        0  gd32f30x_it.o(i.PendSV_Handler)
    i.SVC_Handler                            0x08000382   Section        0  gd32f30x_it.o(i.SVC_Handler)
    i.SysTick_Handler                        0x08000384   Section        0  main.o(i.SysTick_Handler)
    i.SystemInit                             0x080003b4   Section        0  system_gd32f30x.o(i.SystemInit)
    i.USART0_IRQHandler                      0x08000410   Section        0  main.o(i.USART0_IRQHandler)
    i.USBD_LP_CAN0_RX0_IRQHandler            0x08000448   Section        0  gd32f30x_it.o(i.USBD_LP_CAN0_RX0_IRQHandler)
    i.UsageFault_Handler                     0x0800044c   Section        0  gd32f30x_it.o(i.UsageFault_Handler)
    i.__scatterload_copy                     0x0800044e   Section       14  handlers.o(i.__scatterload_copy)
    i.__scatterload_null                     0x0800045c   Section        2  handlers.o(i.__scatterload_null)
    i.__scatterload_zeroinit                 0x0800045e   Section       14  handlers.o(i.__scatterload_zeroinit)
    i._usb_config_desc_get                   0x0800046c   Section        0  usbd_enum.o(i._usb_config_desc_get)
    _usb_config_desc_get                     0x0800046d   Thumb Code    14  usbd_enum.o(i._usb_config_desc_get)
    i._usb_dev_desc_get                      0x0800047a   Section        0  usbd_enum.o(i._usb_dev_desc_get)
    _usb_dev_desc_get                        0x0800047b   Thumb Code    14  usbd_enum.o(i._usb_dev_desc_get)
    i._usb_in0_transc                        0x08000488   Section        0  usbd_transc.o(i._usb_in0_transc)
    i._usb_out0_transc                       0x080004e0   Section        0  usbd_transc.o(i._usb_out0_transc)
    i._usb_setup_transc                      0x0800051e   Section        0  usbd_transc.o(i._usb_setup_transc)
    i._usb_std_clearfeature                  0x080005aa   Section        0  usbd_enum.o(i._usb_std_clearfeature)
    _usb_std_clearfeature                    0x080005ab   Thumb Code   110  usbd_enum.o(i._usb_std_clearfeature)
    i._usb_std_getconfiguration              0x08000618   Section        0  usbd_enum.o(i._usb_std_getconfiguration)
    _usb_std_getconfiguration                0x08000619   Thumb Code    42  usbd_enum.o(i._usb_std_getconfiguration)
    i._usb_std_getdescriptor                 0x08000644   Section        0  usbd_enum.o(i._usb_std_getdescriptor)
    _usb_std_getdescriptor                   0x08000645   Thumb Code   188  usbd_enum.o(i._usb_std_getdescriptor)
    i._usb_std_getinterface                  0x08000704   Section        0  usbd_enum.o(i._usb_std_getinterface)
    _usb_std_getinterface                    0x08000705   Thumb Code    44  usbd_enum.o(i._usb_std_getinterface)
    i._usb_std_getstatus                     0x08000730   Section        0  usbd_enum.o(i._usb_std_getstatus)
    _usb_std_getstatus                       0x08000731   Thumb Code   134  usbd_enum.o(i._usb_std_getstatus)
    i._usb_std_reserved                      0x080007bc   Section        0  usbd_enum.o(i._usb_std_reserved)
    _usb_std_reserved                        0x080007bd   Thumb Code     4  usbd_enum.o(i._usb_std_reserved)
    i._usb_std_setaddress                    0x080007c0   Section        0  usbd_enum.o(i._usb_std_setaddress)
    _usb_std_setaddress                      0x080007c1   Thumb Code    40  usbd_enum.o(i._usb_std_setaddress)
    i._usb_std_setconfiguration              0x080007e8   Section        0  usbd_enum.o(i._usb_std_setconfiguration)
    _usb_std_setconfiguration                0x080007e9   Thumb Code   104  usbd_enum.o(i._usb_std_setconfiguration)
    i._usb_std_setdescriptor                 0x08000854   Section        0  usbd_enum.o(i._usb_std_setdescriptor)
    _usb_std_setdescriptor                   0x08000855   Thumb Code     4  usbd_enum.o(i._usb_std_setdescriptor)
    i._usb_std_setfeature                    0x08000858   Section        0  usbd_enum.o(i._usb_std_setfeature)
    _usb_std_setfeature                      0x08000859   Thumb Code   108  usbd_enum.o(i._usb_std_setfeature)
    i._usb_std_setinterface                  0x080008c4   Section        0  usbd_enum.o(i._usb_std_setinterface)
    _usb_std_setinterface                    0x080008c5   Thumb Code    44  usbd_enum.o(i._usb_std_setinterface)
    i._usb_std_synchframe                    0x080008f0   Section        0  usbd_enum.o(i._usb_std_synchframe)
    _usb_std_synchframe                      0x080008f1   Thumb Code     4  usbd_enum.o(i._usb_std_synchframe)
    i._usb_str_desc_get                      0x080008f4   Section        0  usbd_enum.o(i._usb_str_desc_get)
    _usb_str_desc_get                        0x080008f5   Thumb Code    14  usbd_enum.o(i._usb_str_desc_get)
    i.com_put_char                           0x08000904   Section        0  usart.o(i.com_put_char)
    i.delay_1ms                              0x08000924   Section        0  systick.o(i.delay_1ms)
    i.delay_decrement                        0x08000934   Section        0  systick.o(i.delay_decrement)
    i.exti_init                              0x08000948   Section        0  gd32f30x_exti.o(i.exti_init)
    i.exti_interrupt_flag_clear              0x080009b0   Section        0  gd32f30x_exti.o(i.exti_interrupt_flag_clear)
    i.exti_interrupt_flag_get                0x080009bc   Section        0  gd32f30x_exti.o(i.exti_interrupt_flag_get)
    i.gd_key_init                            0x080009e0   Section        0  key.o(i.gd_key_init)
    i.gd_led_off                             0x08000bb4   Section        0  led.o(i.gd_led_off)
    i.gd_led_on                              0x08000bcc   Section        0  led.o(i.gd_led_on)
    i.gd_led_toggle                          0x08000be4   Section        0  led.o(i.gd_led_toggle)
    i.gpio_bit_write                         0x08000c14   Section        0  gd32f30x_gpio.o(i.gpio_bit_write)
    i.gpio_exti_source_select                0x08000c20   Section        0  gd32f30x_gpio.o(i.gpio_exti_source_select)
    i.gpio_init                              0x08000c78   Section        0  gd32f30x_gpio.o(i.gpio_init)
    i.gpio_input_bit_get                     0x08000d18   Section        0  gd32f30x_gpio.o(i.gpio_input_bit_get)
    i.gpio_pin_remap_config                  0x08000d24   Section        0  gd32f30x_gpio.o(i.gpio_pin_remap_config)
    i.hid_data_in_handler                    0x08000d7c   Section        0  standard_hid_core.o(i.hid_data_in_handler)
    hid_data_in_handler                      0x08000d7d   Thumb Code    26  standard_hid_core.o(i.hid_data_in_handler)
    i.hid_deinit                             0x08000d96   Section        0  standard_hid_core.o(i.hid_deinit)
    hid_deinit                               0x08000d97   Thumb Code    14  standard_hid_core.o(i.hid_deinit)
    i.hid_init                               0x08000da4   Section        0  standard_hid_core.o(i.hid_init)
    hid_init                                 0x08000da5   Thumb Code    54  standard_hid_core.o(i.hid_init)
    i.hid_itfop_register                     0x08000de4   Section        0  standard_hid_core.o(i.hid_itfop_register)
    i.hid_key_data_send                      0x08000df0   Section        0  hid_keyboard_itf.o(i.hid_key_data_send)
    hid_key_data_send                        0x08000df1   Thumb Code   118  hid_keyboard_itf.o(i.hid_key_data_send)
    i.hid_report_send                        0x08000e6c   Section        0  standard_hid_core.o(i.hid_report_send)
    i.hid_req_handler                        0x08000e84   Section        0  standard_hid_core.o(i.hid_req_handler)
    hid_req_handler                          0x08000e85   Thumb Code   126  standard_hid_core.o(i.hid_req_handler)
    i.int_to_unicode                         0x08000f0c   Section        0  usbd_enum.o(i.int_to_unicode)
    int_to_unicode                           0x08000f0d   Thumb Code    54  usbd_enum.o(i.int_to_unicode)
    i.key_config                             0x08000f42   Section        0  hid_keyboard_itf.o(i.key_config)
    key_config                               0x08000f43   Thumb Code     2  hid_keyboard_itf.o(i.key_config)
    i.key_filter                             0x08000f44   Section        0  key.o(i.key_filter)
    i.key_state_get                          0x08000f80   Section        0  key.o(i.key_state_get)
    i.lowpower_mode_exit                     0x08000f98   Section        0  usbd_lld_core.o(i.lowpower_mode_exit)
    lowpower_mode_exit                       0x08000f99   Thumb Code   128  usbd_lld_core.o(i.lowpower_mode_exit)
    i.main                                   0x08001028   Section        0  main.o(i.main)
    i.nvic_config                            0x080010f0   Section        0  gd32f30x_usbd_hw.o(i.nvic_config)
    i.nvic_irq_enable                        0x08001114   Section        0  gd32f30x_misc.o(i.nvic_irq_enable)
    i.nvic_priority_group_set                0x080011a8   Section        0  gd32f30x_misc.o(i.nvic_priority_group_set)
    i.rcu_ahb_clock_config                   0x080011bc   Section        0  gd32f30x_rcu.o(i.rcu_ahb_clock_config)
    i.rcu_clock_freq_get                     0x080011d0   Section        0  gd32f30x_rcu.o(i.rcu_clock_freq_get)
    i.rcu_config                             0x080012c8   Section        0  gd32f30x_usbd_hw.o(i.rcu_config)
    i.rcu_flag_get                           0x08001328   Section        0  gd32f30x_rcu.o(i.rcu_flag_get)
    i.rcu_osci_on                            0x08001348   Section        0  gd32f30x_rcu.o(i.rcu_osci_on)
    i.rcu_periph_clock_disable               0x08001364   Section        0  gd32f30x_rcu.o(i.rcu_periph_clock_disable)
    i.rcu_periph_clock_enable                0x08001380   Section        0  gd32f30x_rcu.o(i.rcu_periph_clock_enable)
    i.rcu_system_clock_source_config         0x0800139c   Section        0  gd32f30x_rcu.o(i.rcu_system_clock_source_config)
    i.rcu_system_clock_source_get            0x080013b0   Section        0  gd32f30x_rcu.o(i.rcu_system_clock_source_get)
    i.rcu_usb_clock_config                   0x080013c0   Section        0  gd32f30x_rcu.o(i.rcu_usb_clock_config)
    i.serial_string_get                      0x080013d4   Section        0  usbd_enum.o(i.serial_string_get)
    i.system_clock_120m_irc8m                0x08001420   Section        0  system_gd32f30x.o(i.system_clock_120m_irc8m)
    system_clock_120m_irc8m                  0x08001421   Thumb Code   154  system_gd32f30x.o(i.system_clock_120m_irc8m)
    i.system_lowpower_reset                  0x080014cc   Section        0  gd32f30x_misc.o(i.system_lowpower_reset)
    i.systick_config                         0x080014dc   Section        0  systick.o(i.systick_config)
    i.usart_data_receive                     0x0800151c   Section        0  gd32f30x_usart.o(i.usart_data_receive)
    i.usart_data_transmit                    0x08001524   Section        0  gd32f30x_usart.o(i.usart_data_transmit)
    i.usart_flag_get                         0x0800152c   Section        0  gd32f30x_usart.o(i.usart_flag_get)
    i.usart_interrupt_flag_get               0x08001542   Section        0  gd32f30x_usart.o(i.usart_interrupt_flag_get)
    i.usb_ctl_status_in                      0x08001572   Section        0  usbd_transc.o(i.usb_ctl_status_in)
    usb_ctl_status_in                        0x08001573   Thumb Code    24  usbd_transc.o(i.usb_ctl_status_in)
    i.usb_stall_transc                       0x0800158a   Section        0  usbd_transc.o(i.usb_stall_transc)
    usb_stall_transc                         0x0800158b   Thumb Code     8  usbd_transc.o(i.usb_stall_transc)
    i.usbd_address_set                       0x08001594   Section        0  usbd_lld_core.o(i.usbd_address_set)
    usbd_address_set                         0x08001595   Thumb Code    12  usbd_lld_core.o(i.usbd_address_set)
    i.usbd_class_request                     0x080015a4   Section        0  usbd_enum.o(i.usbd_class_request)
    i.usbd_core_reset                        0x080015bc   Section        0  usbd_lld_core.o(i.usbd_core_reset)
    usbd_core_reset                          0x080015bd   Thumb Code    30  usbd_lld_core.o(i.usbd_core_reset)
    i.usbd_core_stop                         0x080015e0   Section        0  usbd_lld_core.o(i.usbd_core_stop)
    usbd_core_stop                           0x080015e1   Thumb Code    18  usbd_lld_core.o(i.usbd_core_stop)
    i.usbd_dp_pullup                         0x080015f8   Section        0  usbd_lld_core.o(i.usbd_dp_pullup)
    usbd_dp_pullup                           0x080015f9   Thumb Code     2  usbd_lld_core.o(i.usbd_dp_pullup)
    i.usbd_ep_data_read                      0x080015fc   Section        0  usbd_lld_core.o(i.usbd_ep_data_read)
    usbd_ep_data_read                        0x080015fd   Thumb Code    84  usbd_lld_core.o(i.usbd_ep_data_read)
    i.usbd_ep_data_write                     0x0800165c   Section        0  usbd_lld_core.o(i.usbd_ep_data_write)
    usbd_ep_data_write                       0x0800165d   Thumb Code    66  usbd_lld_core.o(i.usbd_ep_data_write)
    i.usbd_ep_disable                        0x080016ac   Section        0  usbd_lld_core.o(i.usbd_ep_disable)
    usbd_ep_disable                          0x080016ad   Thumb Code    84  usbd_lld_core.o(i.usbd_ep_disable)
    i.usbd_ep_reset                          0x08001704   Section        0  usbd_lld_core.o(i.usbd_ep_reset)
    usbd_ep_reset                            0x08001705   Thumb Code    86  usbd_lld_core.o(i.usbd_ep_reset)
    i.usbd_ep_rx_enable                      0x08001768   Section        0  usbd_lld_core.o(i.usbd_ep_rx_enable)
    usbd_ep_rx_enable                        0x08001769   Thumb Code    28  usbd_lld_core.o(i.usbd_ep_rx_enable)
    i.usbd_ep_send                           0x08001788   Section        0  usbd_core.o(i.usbd_ep_send)
    i.usbd_ep_setup                          0x080017c0   Section        0  usbd_lld_core.o(i.usbd_ep_setup)
    usbd_ep_setup                            0x080017c1   Thumb Code   308  usbd_lld_core.o(i.usbd_ep_setup)
    i.usbd_ep_stall_clear                    0x08001900   Section        0  usbd_lld_core.o(i.usbd_ep_stall_clear)
    usbd_ep_stall_clear                      0x08001901   Thumb Code   140  usbd_lld_core.o(i.usbd_ep_stall_clear)
    i.usbd_ep_stall_set                      0x08001990   Section        0  usbd_lld_core.o(i.usbd_ep_stall_set)
    usbd_ep_stall_set                        0x08001991   Thumb Code   102  usbd_lld_core.o(i.usbd_ep_stall_set)
    i.usbd_ep_status                         0x08001a00   Section        0  usbd_lld_core.o(i.usbd_ep_status)
    usbd_ep_status                           0x08001a01   Thumb Code    28  usbd_lld_core.o(i.usbd_ep_status)
    i.usbd_ep_status_get                     0x08001a20   Section        0  usbd_lld_core.o(i.usbd_ep_status_get)
    usbd_ep_status_get                       0x08001a21   Thumb Code     6  usbd_lld_core.o(i.usbd_ep_status_get)
    i.usbd_ep_status_get                     0x08001a26   Section        0  usbd_enum.o(i.usbd_ep_status_get)
    usbd_ep_status_get                       0x08001a27   Thumb Code     6  usbd_enum.o(i.usbd_ep_status_get)
    i.usbd_init                              0x08001a2c   Section        0  usbd_core.o(i.usbd_init)
    i.usbd_isr                               0x08001a8c   Section        0  usbd_lld_int.o(i.usbd_isr)
    i.usbd_leave_suspend                     0x08001c68   Section        0  usbd_lld_core.o(i.usbd_leave_suspend)
    usbd_leave_suspend                       0x08001c69   Thumb Code    26  usbd_lld_core.o(i.usbd_leave_suspend)
    i.usbd_resume                            0x08001c88   Section        0  usbd_lld_core.o(i.usbd_resume)
    usbd_resume                              0x08001c89   Thumb Code    22  usbd_lld_core.o(i.usbd_resume)
    i.usbd_standard_request                  0x08001ca8   Section        0  usbd_enum.o(i.usbd_standard_request)
    i.usbd_suspend                           0x08001cb8   Section        0  usbd_lld_core.o(i.usbd_suspend)
    usbd_suspend                             0x08001cb9   Thumb Code    12  usbd_lld_core.o(i.usbd_suspend)
    i.usbd_vendor_request                    0x08001cc8   Section        0  usbd_enum.o(i.usbd_vendor_request)
    .constdata                               0x08001ccc   Section       16  usbd_lld_core.o(.constdata)
    ep_type                                  0x08001ccc   Data          16  usbd_lld_core.o(.constdata)
    .constdata                               0x08001cdc   Section      176  standard_hid_core.o(.constdata)
    .data                                    0x20000000   Section       13  main.o(.data)
    touch_singal                             0x20000000   Data           1  main.o(.data)
    .data                                    0x20000010   Section        4  systick.o(.data)
    delay                                    0x20000010   Data           4  systick.o(.data)
    .data                                    0x20000014   Section        4  system_gd32f30x.o(.data)
    .data                                    0x20000018   Section       11  hid_keyboard_itf.o(.data)
    test                                     0x20000018   Data           2  hid_keyboard_itf.o(.data)
    .data                                    0x20000024   Section        8  hid_keyboard_itf.o(.data)
    .data                                    0x2000002c   Section       20  led.o(.data)
    GPIO_CLK                                 0x2000002c   Data           4  led.o(.data)
    GPIO_PORT                                0x20000030   Data           8  led.o(.data)
    GPIO_PIN                                 0x20000038   Data           8  led.o(.data)
    .data                                    0x20000040   Section      452  key.o(.data)
    row                                      0x20000040   Data           1  key.o(.data)
    col                                      0x20000041   Data           1  key.o(.data)
    index                                    0x20000042   Data           1  key.o(.data)
    KEY_PORT                                 0x20000044   Data          64  key.o(.data)
    KEY_PIN                                  0x20000084   Data          64  key.o(.data)
    COL_KEY_PORT                             0x200000c4   Data          32  key.o(.data)
    COL_KEY_PIN                              0x200000e4   Data          32  key.o(.data)
    .data                                    0x20000204   Section       64  usbd_lld_core.o(.data)
    .data                                    0x20000244   Section        8  usbd_lld_core.o(.data)
    .data                                    0x2000024c   Section        4  usbd_core.o(.data)
    .data                                    0x20000250   Section       68  usbd_enum.o(.data)
    config                                   0x20000250   Data           1  usbd_enum.o(.data)
    status                                   0x20000251   Data           2  usbd_enum.o(.data)
    _std_dev_req                             0x20000254   Data          52  usbd_enum.o(.data)
    std_desc_get                             0x20000288   Data          12  usbd_enum.o(.data)
    .data                                    0x20000294   Section       18  standard_hid_core.o(.data)
    .data                                    0x200002a8   Section       76  standard_hid_core.o(.data)
    .data                                    0x200002f4   Section        4  standard_hid_core.o(.data)
    usbd_language_id_desc                    0x200002f4   Data           4  standard_hid_core.o(.data)
    .data                                    0x200002f8   Section      130  standard_hid_core.o(.data)
    manufacturer_string                      0x200002f8   Data         130  standard_hid_core.o(.data)
    .data                                    0x2000037a   Section      130  standard_hid_core.o(.data)
    product_string                           0x2000037a   Data         130  standard_hid_core.o(.data)
    .data                                    0x200003fc   Section      130  standard_hid_core.o(.data)
    serial_string                            0x200003fc   Data         130  standard_hid_core.o(.data)
    .data                                    0x20000480   Section       16  standard_hid_core.o(.data)
    .data                                    0x20000490   Section       16  standard_hid_core.o(.data)
    .bss                                     0x200004a0   Section      132  main.o(.bss)
    .bss                                     0x20000524   Section       24  key.o(.bss)
    .bss                                     0x2000053c   Section       24  standard_hid_core.o(.bss)
    hid_handler                              0x2000053c   Data          24  standard_hid_core.o(.bss)
    STACK                                    0x20000558   Section     1024  startup_gd32f30x_hd.o(STACK)
    .ARM.__AT_0x40006000                     0x40006000   Section       32  usbd_lld_core.o(.ARM.__AT_0x40006000)
    btable_ep                                0x40006000   Data          32  usbd_lld_core.o(.ARM.__AT_0x40006000)

    Global Symbols

    Symbol Name                              Value     Ov Type        Size  Object(Section)

    BuildAttributes$$THM_ISAv4$E$P$D$K$B$S$7EM$VFPi3$EXTD16$VFPS$VFMA$PE$A:L22UL41UL21$X:L11$S22US41US21$IEEE1$IW$USESV6$~STKCKD$USESV7$~SHL$OSPACE$EBA8$MICROLIB$REQ8$PRES8$EABIv2 0x00000000   Number         0  anon$$obj.o ABSOLUTE
    __ARM_use_no_argv                        0x00000000   Number         0  main.o ABSOLUTE
    __arm_fini_                               - Undefined Weak Reference
    __cpp_initialize__aeabi_                  - Undefined Weak Reference
    __cxa_finalize                            - Undefined Weak Reference
    _clock_init                               - Undefined Weak Reference
    _microlib_exit                            - Undefined Weak Reference
    __Vectors_Size                           0x00000130   Number         0  startup_gd32f30x_hd.o ABSOLUTE
    __Vectors                                0x08000000   Data           4  startup_gd32f30x_hd.o(RESET)
    __Vectors_End                            0x08000130   Data           0  startup_gd32f30x_hd.o(RESET)
    __main                                   0x08000131   Thumb Code     0  entry.o(.ARM.Collect$$$$00000000)
    _main_stk                                0x08000131   Thumb Code     0  entry2.o(.ARM.Collect$$$$00000001)
    _main_scatterload                        0x08000135   Thumb Code     0  entry5.o(.ARM.Collect$$$$00000004)
    __main_after_scatterload                 0x08000139   Thumb Code     0  entry5.o(.ARM.Collect$$$$00000004)
    _main_clock                              0x08000139   Thumb Code     0  entry7b.o(.ARM.Collect$$$$00000008)
    _main_cpp_init                           0x08000139   Thumb Code     0  entry8b.o(.ARM.Collect$$$$0000000A)
    _main_init                               0x08000139   Thumb Code     0  entry9a.o(.ARM.Collect$$$$0000000B)
    __rt_lib_shutdown_fini                   0x08000141   Thumb Code     0  entry12b.o(.ARM.Collect$$$$0000000E)
    __rt_final_cpp                           0x08000145   Thumb Code     0  entry10a.o(.ARM.Collect$$$$0000000F)
    __rt_final_exit                          0x08000145   Thumb Code     0  entry11a.o(.ARM.Collect$$$$00000011)
    Reset_Handler                            0x08000149   Thumb Code     8  startup_gd32f30x_hd.o(.text)
    ADC0_1_IRQHandler                        0x08000163   Thumb Code     0  startup_gd32f30x_hd.o(.text)
    ADC2_IRQHandler                          0x08000163   Thumb Code     0  startup_gd32f30x_hd.o(.text)
    CAN0_EWMC_IRQHandler                     0x08000163   Thumb Code     0  startup_gd32f30x_hd.o(.text)
    CAN0_RX1_IRQHandler                      0x08000163   Thumb Code     0  startup_gd32f30x_hd.o(.text)
    DMA0_Channel0_IRQHandler                 0x08000163   Thumb Code     0  startup_gd32f30x_hd.o(.text)
    DMA0_Channel1_IRQHandler                 0x08000163   Thumb Code     0  startup_gd32f30x_hd.o(.text)
    DMA0_Channel2_IRQHandler                 0x08000163   Thumb Code     0  startup_gd32f30x_hd.o(.text)
    DMA0_Channel3_IRQHandler                 0x08000163   Thumb Code     0  startup_gd32f30x_hd.o(.text)
    DMA0_Channel4_IRQHandler                 0x08000163   Thumb Code     0  startup_gd32f30x_hd.o(.text)
    DMA0_Channel5_IRQHandler                 0x08000163   Thumb Code     0  startup_gd32f30x_hd.o(.text)
    DMA0_Channel6_IRQHandler                 0x08000163   Thumb Code     0  startup_gd32f30x_hd.o(.text)
    DMA1_Channel0_IRQHandler                 0x08000163   Thumb Code     0  startup_gd32f30x_hd.o(.text)
    DMA1_Channel1_IRQHandler                 0x08000163   Thumb Code     0  startup_gd32f30x_hd.o(.text)
    DMA1_Channel2_IRQHandler                 0x08000163   Thumb Code     0  startup_gd32f30x_hd.o(.text)
    DMA1_Channel3_4_IRQHandler               0x08000163   Thumb Code     0  startup_gd32f30x_hd.o(.text)
    EXMC_IRQHandler                          0x08000163   Thumb Code     0  startup_gd32f30x_hd.o(.text)
    EXTI0_IRQHandler                         0x08000163   Thumb Code     0  startup_gd32f30x_hd.o(.text)
    EXTI10_15_IRQHandler                     0x08000163   Thumb Code     0  startup_gd32f30x_hd.o(.text)
    EXTI1_IRQHandler                         0x08000163   Thumb Code     0  startup_gd32f30x_hd.o(.text)
    EXTI2_IRQHandler                         0x08000163   Thumb Code     0  startup_gd32f30x_hd.o(.text)
    EXTI3_IRQHandler                         0x08000163   Thumb Code     0  startup_gd32f30x_hd.o(.text)
    EXTI4_IRQHandler                         0x08000163   Thumb Code     0  startup_gd32f30x_hd.o(.text)
    FMC_IRQHandler                           0x08000163   Thumb Code     0  startup_gd32f30x_hd.o(.text)
    I2C0_ER_IRQHandler                       0x08000163   Thumb Code     0  startup_gd32f30x_hd.o(.text)
    I2C0_EV_IRQHandler                       0x08000163   Thumb Code     0  startup_gd32f30x_hd.o(.text)
    I2C1_ER_IRQHandler                       0x08000163   Thumb Code     0  startup_gd32f30x_hd.o(.text)
    I2C1_EV_IRQHandler                       0x08000163   Thumb Code     0  startup_gd32f30x_hd.o(.text)
    LVD_IRQHandler                           0x08000163   Thumb Code     0  startup_gd32f30x_hd.o(.text)
    RCU_CTC_IRQHandler                       0x08000163   Thumb Code     0  startup_gd32f30x_hd.o(.text)
    RTC_Alarm_IRQHandler                     0x08000163   Thumb Code     0  startup_gd32f30x_hd.o(.text)
    RTC_IRQHandler                           0x08000163   Thumb Code     0  startup_gd32f30x_hd.o(.text)
    SDIO_IRQHandler                          0x08000163   Thumb Code     0  startup_gd32f30x_hd.o(.text)
    SPI0_IRQHandler                          0x08000163   Thumb Code     0  startup_gd32f30x_hd.o(.text)
    SPI1_IRQHandler                          0x08000163   Thumb Code     0  startup_gd32f30x_hd.o(.text)
    SPI2_IRQHandler                          0x08000163   Thumb Code     0  startup_gd32f30x_hd.o(.text)
    TAMPER_IRQHandler                        0x08000163   Thumb Code     0  startup_gd32f30x_hd.o(.text)
    TIMER0_BRK_IRQHandler                    0x08000163   Thumb Code     0  startup_gd32f30x_hd.o(.text)
    TIMER0_Channel_IRQHandler                0x08000163   Thumb Code     0  startup_gd32f30x_hd.o(.text)
    TIMER0_TRG_CMT_IRQHandler                0x08000163   Thumb Code     0  startup_gd32f30x_hd.o(.text)
    TIMER0_UP_IRQHandler                     0x08000163   Thumb Code     0  startup_gd32f30x_hd.o(.text)
    TIMER1_IRQHandler                        0x08000163   Thumb Code     0  startup_gd32f30x_hd.o(.text)
    TIMER2_IRQHandler                        0x08000163   Thumb Code     0  startup_gd32f30x_hd.o(.text)
    TIMER3_IRQHandler                        0x08000163   Thumb Code     0  startup_gd32f30x_hd.o(.text)
    TIMER4_IRQHandler                        0x08000163   Thumb Code     0  startup_gd32f30x_hd.o(.text)
    TIMER5_IRQHandler                        0x08000163   Thumb Code     0  startup_gd32f30x_hd.o(.text)
    TIMER6_IRQHandler                        0x08000163   Thumb Code     0  startup_gd32f30x_hd.o(.text)
    TIMER7_BRK_IRQHandler                    0x08000163   Thumb Code     0  startup_gd32f30x_hd.o(.text)
    TIMER7_Channel_IRQHandler                0x08000163   Thumb Code     0  startup_gd32f30x_hd.o(.text)
    TIMER7_TRG_CMT_IRQHandler                0x08000163   Thumb Code     0  startup_gd32f30x_hd.o(.text)
    TIMER7_UP_IRQHandler                     0x08000163   Thumb Code     0  startup_gd32f30x_hd.o(.text)
    UART3_IRQHandler                         0x08000163   Thumb Code     0  startup_gd32f30x_hd.o(.text)
    UART4_IRQHandler                         0x08000163   Thumb Code     0  startup_gd32f30x_hd.o(.text)
    USART1_IRQHandler                        0x08000163   Thumb Code     0  startup_gd32f30x_hd.o(.text)
    USART2_IRQHandler                        0x08000163   Thumb Code     0  startup_gd32f30x_hd.o(.text)
    USBD_HP_CAN0_TX_IRQHandler               0x08000163   Thumb Code     0  startup_gd32f30x_hd.o(.text)
    USBD_WKUP_IRQHandler                     0x08000163   Thumb Code     0  startup_gd32f30x_hd.o(.text)
    WWDGT_IRQHandler                         0x08000163   Thumb Code     0  startup_gd32f30x_hd.o(.text)
    __aeabi_memset                           0x0800016d   Thumb Code    14  memseta.o(.text)
    __aeabi_memset4                          0x0800016d   Thumb Code     0  memseta.o(.text)
    __aeabi_memset8                          0x0800016d   Thumb Code     0  memseta.o(.text)
    __aeabi_memclr                           0x0800017b   Thumb Code     4  memseta.o(.text)
    __aeabi_memclr4                          0x0800017b   Thumb Code     0  memseta.o(.text)
    __aeabi_memclr8                          0x0800017b   Thumb Code     0  memseta.o(.text)
    _memset$wrapper                          0x0800017f   Thumb Code    18  memseta.o(.text)
    __scatterload                            0x08000191   Thumb Code    28  init.o(.text)
    __scatterload_rt2                        0x08000191   Thumb Code     0  init.o(.text)
    __decompress                             0x080001b5   Thumb Code     0  __dczerorl2.o(.text)
    __decompress1                            0x080001b5   Thumb Code    86  __dczerorl2.o(.text)
    Activate_ALL_ROW                         0x0800020b   Thumb Code    22  key.o(i.Activate_ALL_ROW)
    Activate_ROW                             0x08000221   Thumb Code    26  key.o(i.Activate_ROW)
    BusFault_Handler                         0x08000241   Thumb Code     2  gd32f30x_it.o(i.BusFault_Handler)
    DebugMon_Handler                         0x08000243   Thumb Code     2  gd32f30x_it.o(i.DebugMon_Handler)
    EXTI5_9_IRQHandler                       0x08000245   Thumb Code    48  main.o(i.EXTI5_9_IRQHandler)
    HardFault_Handler                        0x0800027d   Thumb Code     2  gd32f30x_it.o(i.HardFault_Handler)
    KEY_MATRIX_Scan                          0x08000281   Thumb Code   208  key.o(i.KEY_MATRIX_Scan)
    MemManage_Handler                        0x0800035d   Thumb Code     2  gd32f30x_it.o(i.MemManage_Handler)
    NMI_Handler                              0x0800035f   Thumb Code     2  gd32f30x_it.o(i.NMI_Handler)
    PendSV_Handler                           0x08000381   Thumb Code     2  gd32f30x_it.o(i.PendSV_Handler)
    SVC_Handler                              0x08000383   Thumb Code     2  gd32f30x_it.o(i.SVC_Handler)
    SysTick_Handler                          0x08000385   Thumb Code    42  main.o(i.SysTick_Handler)
    SystemInit                               0x080003b5   Thumb Code    80  system_gd32f30x.o(i.SystemInit)
    USART0_IRQHandler                        0x08000411   Thumb Code    46  main.o(i.USART0_IRQHandler)
    USBD_LP_CAN0_RX0_IRQHandler              0x08000449   Thumb Code     4  gd32f30x_it.o(i.USBD_LP_CAN0_RX0_IRQHandler)
    UsageFault_Handler                       0x0800044d   Thumb Code     2  gd32f30x_it.o(i.UsageFault_Handler)
    __scatterload_copy                       0x0800044f   Thumb Code    14  handlers.o(i.__scatterload_copy)
    __scatterload_null                       0x0800045d   Thumb Code     2  handlers.o(i.__scatterload_null)
    __scatterload_zeroinit                   0x0800045f   Thumb Code    14  handlers.o(i.__scatterload_zeroinit)
    _usb_in0_transc                          0x08000489   Thumb Code    88  usbd_transc.o(i._usb_in0_transc)
    _usb_out0_transc                         0x080004e1   Thumb Code    62  usbd_transc.o(i._usb_out0_transc)
    _usb_setup_transc                        0x0800051f   Thumb Code   140  usbd_transc.o(i._usb_setup_transc)
    com_put_char                             0x08000905   Thumb Code    26  usart.o(i.com_put_char)
    delay_1ms                                0x08000925   Thumb Code    12  systick.o(i.delay_1ms)
    delay_decrement                          0x08000935   Thumb Code    16  systick.o(i.delay_decrement)
    exti_init                                0x08000949   Thumb Code    98  gd32f30x_exti.o(i.exti_init)
    exti_interrupt_flag_clear                0x080009b1   Thumb Code     6  gd32f30x_exti.o(i.exti_interrupt_flag_clear)
    exti_interrupt_flag_get                  0x080009bd   Thumb Code    26  gd32f30x_exti.o(i.exti_interrupt_flag_get)
    gd_key_init                              0x080009e1   Thumb Code   452  key.o(i.gd_key_init)
    gd_led_off                               0x08000bb5   Thumb Code    18  led.o(i.gd_led_off)
    gd_led_on                                0x08000bcd   Thumb Code    18  led.o(i.gd_led_on)
    gd_led_toggle                            0x08000be5   Thumb Code    44  led.o(i.gd_led_toggle)
    gpio_bit_write                           0x08000c15   Thumb Code    10  gd32f30x_gpio.o(i.gpio_bit_write)
    gpio_exti_source_select                  0x08000c21   Thumb Code    82  gd32f30x_gpio.o(i.gpio_exti_source_select)
    gpio_init                                0x08000c79   Thumb Code   160  gd32f30x_gpio.o(i.gpio_init)
    gpio_input_bit_get                       0x08000d19   Thumb Code    10  gd32f30x_gpio.o(i.gpio_input_bit_get)
    gpio_pin_remap_config                    0x08000d25   Thumb Code    82  gd32f30x_gpio.o(i.gpio_pin_remap_config)
    hid_itfop_register                       0x08000de5   Thumb Code    12  standard_hid_core.o(i.hid_itfop_register)
    hid_report_send                          0x08000e6d   Thumb Code    22  standard_hid_core.o(i.hid_report_send)
    key_filter                               0x08000f45   Thumb Code    56  key.o(i.key_filter)
    key_state_get                            0x08000f81   Thumb Code    18  key.o(i.key_state_get)
    main                                     0x08001029   Thumb Code   170  main.o(i.main)
    nvic_config                              0x080010f1   Thumb Code    34  gd32f30x_usbd_hw.o(i.nvic_config)
    nvic_irq_enable                          0x08001115   Thumb Code   144  gd32f30x_misc.o(i.nvic_irq_enable)
    nvic_priority_group_set                  0x080011a9   Thumb Code    10  gd32f30x_misc.o(i.nvic_priority_group_set)
    rcu_ahb_clock_config                     0x080011bd   Thumb Code    14  gd32f30x_rcu.o(i.rcu_ahb_clock_config)
    rcu_clock_freq_get                       0x080011d1   Thumb Code   218  gd32f30x_rcu.o(i.rcu_clock_freq_get)
    rcu_config                               0x080012c9   Thumb Code    78  gd32f30x_usbd_hw.o(i.rcu_config)
    rcu_flag_get                             0x08001329   Thumb Code    28  gd32f30x_rcu.o(i.rcu_flag_get)
    rcu_osci_on                              0x08001349   Thumb Code    22  gd32f30x_rcu.o(i.rcu_osci_on)
    rcu_periph_clock_disable                 0x08001365   Thumb Code    22  gd32f30x_rcu.o(i.rcu_periph_clock_disable)
    rcu_periph_clock_enable                  0x08001381   Thumb Code    22  gd32f30x_rcu.o(i.rcu_periph_clock_enable)
    rcu_system_clock_source_config           0x0800139d   Thumb Code    14  gd32f30x_rcu.o(i.rcu_system_clock_source_config)
    rcu_system_clock_source_get              0x080013b1   Thumb Code    10  gd32f30x_rcu.o(i.rcu_system_clock_source_get)
    rcu_usb_clock_config                     0x080013c1   Thumb Code    14  gd32f30x_rcu.o(i.rcu_usb_clock_config)
    serial_string_get                        0x080013d5   Thumb Code    68  usbd_enum.o(i.serial_string_get)
    system_lowpower_reset                    0x080014cd   Thumb Code    10  gd32f30x_misc.o(i.system_lowpower_reset)
    systick_config                           0x080014dd   Thumb Code    60  systick.o(i.systick_config)
    usart_data_receive                       0x0800151d   Thumb Code     8  gd32f30x_usart.o(i.usart_data_receive)
    usart_data_transmit                      0x08001525   Thumb Code     8  gd32f30x_usart.o(i.usart_data_transmit)
    usart_flag_get                           0x0800152d   Thumb Code    22  gd32f30x_usart.o(i.usart_flag_get)
    usart_interrupt_flag_get                 0x08001543   Thumb Code    48  gd32f30x_usart.o(i.usart_interrupt_flag_get)
    usbd_class_request                       0x080015a5   Thumb Code    24  usbd_enum.o(i.usbd_class_request)
    usbd_ep_send                             0x08001789   Thumb Code    54  usbd_core.o(i.usbd_ep_send)
    usbd_init                                0x08001a2d   Thumb Code    76  usbd_core.o(i.usbd_init)
    usbd_isr                                 0x08001a8d   Thumb Code   458  usbd_lld_int.o(i.usbd_isr)
    usbd_standard_request                    0x08001ca9   Thumb Code    10  usbd_enum.o(i.usbd_standard_request)
    usbd_vendor_request                      0x08001cc9   Thumb Code     4  usbd_enum.o(i.usbd_vendor_request)
    hid_report_desc                          0x08001cdc   Data         176  standard_hid_core.o(.constdata)
    Region$$Table$$Base                      0x08001d8c   Number         0  anon$$obj.o(Region$$Table)
    Region$$Table$$Limit                     0x08001dac   Number         0  anon$$obj.o(Region$$Table)
    isFn_Press                               0x20000002   Data           2  main.o(.data)
    msCount                                  0x20000004   Data           4  main.o(.data)
    iic_data                                 0x20000008   Data           5  main.o(.data)
    SystemCoreClock                          0x20000014   Data           4  system_gd32f30x.o(.data)
    buff_Key                                 0x2000001a   Data           9  hid_keyboard_itf.o(.data)
    fop_handler                              0x20000024   Data           8  hid_keyboard_itf.o(.data)
    keyMap                                   0x20000104   Data         256  key.o(.data)
    usbd_drv_handler                         0x20000204   Data          64  usbd_lld_core.o(.data)
    usbd_core                                0x20000244   Data           8  usbd_lld_core.o(.data)
    usbd_int_fops                            0x2000024c   Data           4  usbd_core.o(.data)
    hid_dev_desc                             0x20000294   Data          18  standard_hid_core.o(.data)
    hid_config_desc                          0x200002a8   Data          41  standard_hid_core.o(.data)
    hid_class                                0x200002d4   Data          32  standard_hid_core.o(.data)
    usbd_hid_strings                         0x20000480   Data          16  standard_hid_core.o(.data)
    hid_desc                                 0x20000490   Data          16  standard_hid_core.o(.data)
    usb_hid                                  0x200004a0   Data         120  main.o(.bss)
    key_temp                                 0x20000518   Data          12  main.o(.bss)
    keys_f                                   0x20000524   Data          24  key.o(.bss)
    __initial_sp                             0x20000958   Data           0  startup_gd32f30x_hd.o(STACK)



==============================================================================

Memory Map of the image

  Image Entry point : 0x08000131

  Load Region LR_IROM1 (Base: 0x08000000, Size: 0x0000224c, Max: 0x00020000, ABSOLUTE, COMPRESSED[0x00001fb0])

    Execution Region ER_IROM1 (Exec base: 0x08000000, Load base: 0x08000000, Size: 0x00001dac, Max: 0x00020000, ABSOLUTE)

    Exec Addr    Load Addr    Size         Type   Attr      Idx    E Section Name        Object

    0x08000000   0x08000000   0x00000130   Data   RO          789    RESET               startup_gd32f30x_hd.o
    0x08000130   0x08000130   0x00000000   Code   RO         5152  * .ARM.Collect$$$$00000000  mc_w.l(entry.o)
    0x08000130   0x08000130   0x00000004   Code   RO         5157    .ARM.Collect$$$$00000001  mc_w.l(entry2.o)
    0x08000134   0x08000134   0x00000004   Code   RO         5160    .ARM.Collect$$$$00000004  mc_w.l(entry5.o)
    0x08000138   0x08000138   0x00000000   Code   RO         5162    .ARM.Collect$$$$00000008  mc_w.l(entry7b.o)
    0x08000138   0x08000138   0x00000000   Code   RO         5164    .ARM.Collect$$$$0000000A  mc_w.l(entry8b.o)
    0x08000138   0x08000138   0x00000008   Code   RO         5165    .ARM.Collect$$$$0000000B  mc_w.l(entry9a.o)
    0x08000140   0x08000140   0x00000004   Code   RO         5172    .ARM.Collect$$$$0000000E  mc_w.l(entry12b.o)
    0x08000144   0x08000144   0x00000000   Code   RO         5167    .ARM.Collect$$$$0000000F  mc_w.l(entry10a.o)
    0x08000144   0x08000144   0x00000000   Code   RO         5169    .ARM.Collect$$$$00000011  mc_w.l(entry11a.o)
    0x08000144   0x08000144   0x00000004   Code   RO         5158    .ARM.Collect$$$$00002712  mc_w.l(entry2.o)
    0x08000148   0x08000148   0x00000024   Code   RO          790    .text               startup_gd32f30x_hd.o
    0x0800016c   0x0800016c   0x00000024   Code   RO         5155    .text               mc_w.l(memseta.o)
    0x08000190   0x08000190   0x00000024   Code   RO         5173    .text               mc_w.l(init.o)
    0x080001b4   0x080001b4   0x00000056   Code   RO         5183    .text               mc_w.l(__dczerorl2.o)
    0x0800020a   0x0800020a   0x00000016   Code   RO          612    i.Activate_ALL_ROW  key.o
    0x08000220   0x08000220   0x00000020   Code   RO          613    i.Activate_ROW      key.o
    0x08000240   0x08000240   0x00000002   Code   RO          359    i.BusFault_Handler  gd32f30x_it.o
    0x08000242   0x08000242   0x00000002   Code   RO          360    i.DebugMon_Handler  gd32f30x_it.o
    0x08000244   0x08000244   0x00000038   Code   RO            3    i.EXTI5_9_IRQHandler  main.o
    0x0800027c   0x0800027c   0x00000002   Code   RO          361    i.HardFault_Handler  gd32f30x_it.o
    0x0800027e   0x0800027e   0x00000002   PAD
    0x08000280   0x08000280   0x000000dc   Code   RO          614    i.KEY_MATRIX_Scan   key.o
    0x0800035c   0x0800035c   0x00000002   Code   RO          362    i.MemManage_Handler  gd32f30x_it.o
    0x0800035e   0x0800035e   0x00000002   Code   RO          363    i.NMI_Handler       gd32f30x_it.o
    0x08000360   0x08000360   0x00000020   Code   RO          222    i.NVIC_SetPriority  systick.o
    0x08000380   0x08000380   0x00000002   Code   RO          364    i.PendSV_Handler    gd32f30x_it.o
    0x08000382   0x08000382   0x00000002   Code   RO          365    i.SVC_Handler       gd32f30x_it.o
    0x08000384   0x08000384   0x00000030   Code   RO            4    i.SysTick_Handler   main.o
    0x080003b4   0x080003b4   0x0000005c   Code   RO          461    i.SystemInit        system_gd32f30x.o
    0x08000410   0x08000410   0x00000038   Code   RO            5    i.USART0_IRQHandler  main.o
    0x08000448   0x08000448   0x00000004   Code   RO          366    i.USBD_LP_CAN0_RX0_IRQHandler  gd32f30x_it.o
    0x0800044c   0x0800044c   0x00000002   Code   RO          367    i.UsageFault_Handler  gd32f30x_it.o
    0x0800044e   0x0800044e   0x0000000e   Code   RO         5177    i.__scatterload_copy  mc_w.l(handlers.o)
    0x0800045c   0x0800045c   0x00000002   Code   RO         5178    i.__scatterload_null  mc_w.l(handlers.o)
    0x0800045e   0x0800045e   0x0000000e   Code   RO         5179    i.__scatterload_zeroinit  mc_w.l(handlers.o)
    0x0800046c   0x0800046c   0x0000000e   Code   RO         4879    i._usb_config_desc_get  usbd_enum.o
    0x0800047a   0x0800047a   0x0000000e   Code   RO         4880    i._usb_dev_desc_get  usbd_enum.o
    0x08000488   0x08000488   0x00000058   Code   RO         5034    i._usb_in0_transc   usbd_transc.o
    0x080004e0   0x080004e0   0x0000003e   Code   RO         5035    i._usb_out0_transc  usbd_transc.o
    0x0800051e   0x0800051e   0x0000008c   Code   RO         5036    i._usb_setup_transc  usbd_transc.o
    0x080005aa   0x080005aa   0x0000006e   Code   RO         4881    i._usb_std_clearfeature  usbd_enum.o
    0x08000618   0x08000618   0x0000002a   Code   RO         4882    i._usb_std_getconfiguration  usbd_enum.o
    0x08000642   0x08000642   0x00000002   PAD
    0x08000644   0x08000644   0x000000c0   Code   RO         4883    i._usb_std_getdescriptor  usbd_enum.o
    0x08000704   0x08000704   0x0000002c   Code   RO         4884    i._usb_std_getinterface  usbd_enum.o
    0x08000730   0x08000730   0x0000008c   Code   RO         4885    i._usb_std_getstatus  usbd_enum.o
    0x080007bc   0x080007bc   0x00000004   Code   RO         4886    i._usb_std_reserved  usbd_enum.o
    0x080007c0   0x080007c0   0x00000028   Code   RO         4887    i._usb_std_setaddress  usbd_enum.o
    0x080007e8   0x080007e8   0x0000006c   Code   RO         4888    i._usb_std_setconfiguration  usbd_enum.o
    0x08000854   0x08000854   0x00000004   Code   RO         4889    i._usb_std_setdescriptor  usbd_enum.o
    0x08000858   0x08000858   0x0000006c   Code   RO         4890    i._usb_std_setfeature  usbd_enum.o
    0x080008c4   0x080008c4   0x0000002c   Code   RO         4891    i._usb_std_setinterface  usbd_enum.o
    0x080008f0   0x080008f0   0x00000004   Code   RO         4892    i._usb_std_synchframe  usbd_enum.o
    0x080008f4   0x080008f4   0x0000000e   Code   RO         4893    i._usb_str_desc_get  usbd_enum.o
    0x08000902   0x08000902   0x00000002   PAD
    0x08000904   0x08000904   0x00000020   Code   RO          675    i.com_put_char      usart.o
    0x08000924   0x08000924   0x00000010   Code   RO          223    i.delay_1ms         systick.o
    0x08000934   0x08000934   0x00000014   Code   RO          224    i.delay_decrement   systick.o
    0x08000948   0x08000948   0x00000068   Code   RO         2118    i.exti_init         gd32f30x_exti.o
    0x080009b0   0x080009b0   0x0000000c   Code   RO         2121    i.exti_interrupt_flag_clear  gd32f30x_exti.o
    0x080009bc   0x080009bc   0x00000024   Code   RO         2122    i.exti_interrupt_flag_get  gd32f30x_exti.o
    0x080009e0   0x080009e0   0x000001d4   Code   RO          615    i.gd_key_init       key.o
    0x08000bb4   0x08000bb4   0x00000018   Code   RO          570    i.gd_led_off        led.o
    0x08000bcc   0x08000bcc   0x00000018   Code   RO          571    i.gd_led_on         led.o
    0x08000be4   0x08000be4   0x00000030   Code   RO          572    i.gd_led_toggle     led.o
    0x08000c14   0x08000c14   0x0000000a   Code   RO         2474    i.gpio_bit_write    gd32f30x_gpio.o
    0x08000c1e   0x08000c1e   0x00000002   PAD
    0x08000c20   0x08000c20   0x00000058   Code   RO         2481    i.gpio_exti_source_select  gd32f30x_gpio.o
    0x08000c78   0x08000c78   0x000000a0   Code   RO         2482    i.gpio_init         gd32f30x_gpio.o
    0x08000d18   0x08000d18   0x0000000a   Code   RO         2483    i.gpio_input_bit_get  gd32f30x_gpio.o
    0x08000d22   0x08000d22   0x00000002   PAD
    0x08000d24   0x08000d24   0x00000058   Code   RO         2488    i.gpio_pin_remap_config  gd32f30x_gpio.o
    0x08000d7c   0x08000d7c   0x0000001a   Code   RO         5083    i.hid_data_in_handler  standard_hid_core.o
    0x08000d96   0x08000d96   0x0000000e   Code   RO         5084    i.hid_deinit        standard_hid_core.o
    0x08000da4   0x08000da4   0x00000040   Code   RO         5085    i.hid_init          standard_hid_core.o
    0x08000de4   0x08000de4   0x0000000c   Code   RO         5086    i.hid_itfop_register  standard_hid_core.o
    0x08000df0   0x08000df0   0x0000007c   Code   RO          532    i.hid_key_data_send  hid_keyboard_itf.o
    0x08000e6c   0x08000e6c   0x00000016   Code   RO         5087    i.hid_report_send   standard_hid_core.o
    0x08000e82   0x08000e82   0x00000002   PAD
    0x08000e84   0x08000e84   0x00000088   Code   RO         5088    i.hid_req_handler   standard_hid_core.o
    0x08000f0c   0x08000f0c   0x00000036   Code   RO         4894    i.int_to_unicode    usbd_enum.o
    0x08000f42   0x08000f42   0x00000002   Code   RO          533    i.key_config        hid_keyboard_itf.o
    0x08000f44   0x08000f44   0x0000003c   Code   RO          617    i.key_filter        key.o
    0x08000f80   0x08000f80   0x00000018   Code   RO          618    i.key_state_get     key.o
    0x08000f98   0x08000f98   0x00000090   Code   RO         4682    i.lowpower_mode_exit  usbd_lld_core.o
    0x08001028   0x08001028   0x000000c8   Code   RO            6    i.main              main.o
    0x080010f0   0x080010f0   0x00000022   Code   RO          498    i.nvic_config       gd32f30x_usbd_hw.o
    0x08001112   0x08001112   0x00000002   PAD
    0x08001114   0x08001114   0x00000094   Code   RO         2800    i.nvic_irq_enable   gd32f30x_misc.o
    0x080011a8   0x080011a8   0x00000014   Code   RO         2801    i.nvic_priority_group_set  gd32f30x_misc.o
    0x080011bc   0x080011bc   0x00000014   Code   RO         2991    i.rcu_ahb_clock_config  gd32f30x_rcu.o
    0x080011d0   0x080011d0   0x000000f8   Code   RO         2999    i.rcu_clock_freq_get  gd32f30x_rcu.o
    0x080012c8   0x080012c8   0x00000060   Code   RO          499    i.rcu_config        gd32f30x_usbd_hw.o
    0x08001328   0x08001328   0x00000020   Code   RO         3002    i.rcu_flag_get      gd32f30x_rcu.o
    0x08001348   0x08001348   0x0000001c   Code   RO         3014    i.rcu_osci_on       gd32f30x_rcu.o
    0x08001364   0x08001364   0x0000001c   Code   RO         3016    i.rcu_periph_clock_disable  gd32f30x_rcu.o
    0x08001380   0x08001380   0x0000001c   Code   RO         3017    i.rcu_periph_clock_enable  gd32f30x_rcu.o
    0x0800139c   0x0800139c   0x00000014   Code   RO         3026    i.rcu_system_clock_source_config  gd32f30x_rcu.o
    0x080013b0   0x080013b0   0x00000010   Code   RO         3027    i.rcu_system_clock_source_get  gd32f30x_rcu.o
    0x080013c0   0x080013c0   0x00000014   Code   RO         3028    i.rcu_usb_clock_config  gd32f30x_rcu.o
    0x080013d4   0x080013d4   0x0000004c   Code   RO         4895    i.serial_string_get  usbd_enum.o
    0x08001420   0x08001420   0x000000ac   Code   RO          462    i.system_clock_120m_irc8m  system_gd32f30x.o
    0x080014cc   0x080014cc   0x00000010   Code   RO         2803    i.system_lowpower_reset  gd32f30x_misc.o
    0x080014dc   0x080014dc   0x00000040   Code   RO          225    i.systick_config    systick.o
    0x0800151c   0x0800151c   0x00000008   Code   RO         4316    i.usart_data_receive  gd32f30x_usart.o
    0x08001524   0x08001524   0x00000008   Code   RO         4317    i.usart_data_transmit  gd32f30x_usart.o
    0x0800152c   0x0800152c   0x00000016   Code   RO         4324    i.usart_flag_get    gd32f30x_usart.o
    0x08001542   0x08001542   0x00000030   Code   RO         4333    i.usart_interrupt_flag_get  gd32f30x_usart.o
    0x08001572   0x08001572   0x00000018   Code   RO         5037    i.usb_ctl_status_in  usbd_transc.o
    0x0800158a   0x0800158a   0x00000008   Code   RO         5038    i.usb_stall_transc  usbd_transc.o
    0x08001592   0x08001592   0x00000002   PAD
    0x08001594   0x08001594   0x00000010   Code   RO         4683    i.usbd_address_set  usbd_lld_core.o
    0x080015a4   0x080015a4   0x00000018   Code   RO         4896    i.usbd_class_request  usbd_enum.o
    0x080015bc   0x080015bc   0x00000024   Code   RO         4684    i.usbd_core_reset   usbd_lld_core.o
    0x080015e0   0x080015e0   0x00000018   Code   RO         4685    i.usbd_core_stop    usbd_lld_core.o
    0x080015f8   0x080015f8   0x00000002   Code   RO         4686    i.usbd_dp_pullup    usbd_lld_core.o
    0x080015fa   0x080015fa   0x00000002   PAD
    0x080015fc   0x080015fc   0x00000060   Code   RO         4687    i.usbd_ep_data_read  usbd_lld_core.o
    0x0800165c   0x0800165c   0x00000050   Code   RO         4688    i.usbd_ep_data_write  usbd_lld_core.o
    0x080016ac   0x080016ac   0x00000058   Code   RO         4689    i.usbd_ep_disable   usbd_lld_core.o
    0x08001704   0x08001704   0x00000064   Code   RO         4690    i.usbd_ep_reset     usbd_lld_core.o
    0x08001768   0x08001768   0x00000020   Code   RO         4691    i.usbd_ep_rx_enable  usbd_lld_core.o
    0x08001788   0x08001788   0x00000036   Code   RO         4835    i.usbd_ep_send      usbd_core.o
    0x080017be   0x080017be   0x00000002   PAD
    0x080017c0   0x080017c0   0x00000140   Code   RO         4692    i.usbd_ep_setup     usbd_lld_core.o
    0x08001900   0x08001900   0x00000090   Code   RO         4693    i.usbd_ep_stall_clear  usbd_lld_core.o
    0x08001990   0x08001990   0x00000070   Code   RO         4694    i.usbd_ep_stall_set  usbd_lld_core.o
    0x08001a00   0x08001a00   0x00000020   Code   RO         4695    i.usbd_ep_status    usbd_lld_core.o
    0x08001a20   0x08001a20   0x00000006   Code   RO         4696    i.usbd_ep_status_get  usbd_lld_core.o
    0x08001a26   0x08001a26   0x00000006   Code   RO         4897    i.usbd_ep_status_get  usbd_enum.o
    0x08001a2c   0x08001a2c   0x00000060   Code   RO         4836    i.usbd_init         usbd_core.o
    0x08001a8c   0x08001a8c   0x000001dc   Code   RO         4806    i.usbd_isr          usbd_lld_int.o
    0x08001c68   0x08001c68   0x00000020   Code   RO         4697    i.usbd_leave_suspend  usbd_lld_core.o
    0x08001c88   0x08001c88   0x00000020   Code   RO         4698    i.usbd_resume       usbd_lld_core.o
    0x08001ca8   0x08001ca8   0x00000010   Code   RO         4898    i.usbd_standard_request  usbd_enum.o
    0x08001cb8   0x08001cb8   0x00000010   Code   RO         4699    i.usbd_suspend      usbd_lld_core.o
    0x08001cc8   0x08001cc8   0x00000004   Code   RO         4899    i.usbd_vendor_request  usbd_enum.o
    0x08001ccc   0x08001ccc   0x00000010   Data   RO         4702    .constdata          usbd_lld_core.o
    0x08001cdc   0x08001cdc   0x000000b0   Data   RO         5090    .constdata          standard_hid_core.o
    0x08001d8c   0x08001d8c   0x00000020   Data   RO         5175    Region$$Table       anon$$obj.o


    Execution Region RW_IRAM1 (Exec base: 0x20000000, Load base: 0x08001dac, Size: 0x00000958, Max: 0x0000c000, ABSOLUTE, COMPRESSED[0x00000204])

    Exec Addr    Load Addr    Size         Type   Attr      Idx    E Section Name        Object

    0x20000000   COMPRESSED   0x0000000d   Data   RW           12    .data               main.o
    0x2000000d   COMPRESSED   0x00000003   PAD
    0x20000010   COMPRESSED   0x00000004   Data   RW          226    .data               systick.o
    0x20000014   COMPRESSED   0x00000004   Data   RW          463    .data               system_gd32f30x.o
    0x20000018   COMPRESSED   0x0000000b   Data   RW          536    .data               hid_keyboard_itf.o
    0x20000023   COMPRESSED   0x00000001   PAD
    0x20000024   COMPRESSED   0x00000008   Data   RW          537    .data               hid_keyboard_itf.o
    0x2000002c   COMPRESSED   0x00000014   Data   RW          573    .data               led.o
    0x20000040   COMPRESSED   0x000001c4   Data   RW          620    .data               key.o
    0x20000204   COMPRESSED   0x00000040   Data   RW         4703    .data               usbd_lld_core.o
    0x20000244   COMPRESSED   0x00000008   Data   RW         4704    .data               usbd_lld_core.o
    0x2000024c   COMPRESSED   0x00000004   Data   RW         4837    .data               usbd_core.o
    0x20000250   COMPRESSED   0x00000044   Data   RW         4900    .data               usbd_enum.o
    0x20000294   COMPRESSED   0x00000012   Data   RW         5091    .data               standard_hid_core.o
    0x200002a6   COMPRESSED   0x00000002   PAD
    0x200002a8   COMPRESSED   0x0000004c   Data   RW         5092    .data               standard_hid_core.o
    0x200002f4   COMPRESSED   0x00000004   Data   RW         5093    .data               standard_hid_core.o
    0x200002f8   COMPRESSED   0x00000082   Data   RW         5094    .data               standard_hid_core.o
    0x2000037a   COMPRESSED   0x00000082   Data   RW         5095    .data               standard_hid_core.o
    0x200003fc   COMPRESSED   0x00000082   Data   RW         5096    .data               standard_hid_core.o
    0x2000047e   COMPRESSED   0x00000002   PAD
    0x20000480   COMPRESSED   0x00000010   Data   RW         5097    .data               standard_hid_core.o
    0x20000490   COMPRESSED   0x00000010   Data   RW         5098    .data               standard_hid_core.o
    0x200004a0        -       0x00000084   Zero   RW           11    .bss                main.o
    0x20000524        -       0x00000018   Zero   RW          619    .bss                key.o
    0x2000053c        -       0x00000018   Zero   RW         5089    .bss                standard_hid_core.o
    0x20000554   COMPRESSED   0x00000004   PAD
    0x20000558        -       0x00000400   Zero   RW          787    STACK               startup_gd32f30x_hd.o



  Load Region LR$$.ARM.__AT_0x40006000 (Base: 0x40006000, Size: 0x00000000, Max: 0x00000020, ABSOLUTE)

    Execution Region ER$$.ARM.__AT_0x40006000 (Exec base: 0x40006000, Load base: 0x40006000, Size: 0x00000020, Max: 0x00000020, ABSOLUTE, UNINIT)

    Exec Addr    Load Addr    Size         Type   Attr      Idx    E Section Name        Object

    0x40006000        -       0x00000020   Zero   RW         4701    .ARM.__AT_0x40006000  usbd_lld_core.o


==============================================================================

Image component sizes


      Code (inc. data)   RO Data    RW Data    ZI Data      Debug   Object Name

       152         22          0          0          0       1994   gd32f30x_exti.o
       356         12          0          0          0       3920   gd32f30x_gpio.o
        20          0          0          0          0      11934   gd32f30x_it.o
       184         20          0          0          0       2548   gd32f30x_misc.o
       440         76          0          0          0       6896   gd32f30x_rcu.o
        86          0          0          0          0       2603   gd32f30x_usart.o
       130         18          0          0          0       1111   gd32f30x_usbd_hw.o
       126          6          0         19          0       3918   hid_keyboard_itf.o
       826         44          0        452         24       7557   key.o
        96         16          0         20          0       2609   led.o
       360         54          0         13        132      41418   main.o
       274         32        176        520         24      10798   standard_hid_core.o
        36          8        304          0       1024        888   startup_gd32f30x_hd.o
       264         30          0          4          0       2419   system_gd32f30x.o
       132         12          0          4          0      72986   systick.o
        32          6          0          0          0        963   usart.o
       150         20          0          4          0       6303   usbd_core.o
      1062         44          0         68          0      19327   usbd_enum.o
      1312        130         16         72         32      15585   usbd_lld_core.o
       476         18          0          0          0       2363   usbd_lld_int.o
       322          0          0          0          0       7741   usbd_transc.o

    ----------------------------------------------------------------------
      6856        568        528       1184       1240     225881   Object Totals
         0          0         32          0          0          0   (incl. Generated)
        20          0          0          8          4          0   (incl. Padding)

    ----------------------------------------------------------------------

      Code (inc. data)   RO Data    RW Data    ZI Data      Debug   Library Member Name

        86          0          0          0          0          0   __dczerorl2.o
         0          0          0          0          0          0   entry.o
         0          0          0          0          0          0   entry10a.o
         0          0          0          0          0          0   entry11a.o
         4          0          0          0          0          0   entry12b.o
         8          4          0          0          0          0   entry2.o
         4          0          0          0          0          0   entry5.o
         0          0          0          0          0          0   entry7b.o
         0          0          0          0          0          0   entry8b.o
         8          4          0          0          0          0   entry9a.o
        30          0          0          0          0          0   handlers.o
        36          8          0          0          0         68   init.o
        36          0          0          0          0        108   memseta.o

    ----------------------------------------------------------------------
       212         16          0          0          0        176   Library Totals
         0          0          0          0          0          0   (incl. Padding)

    ----------------------------------------------------------------------

      Code (inc. data)   RO Data    RW Data    ZI Data      Debug   Library Name

       212         16          0          0          0        176   mc_w.l

    ----------------------------------------------------------------------
       212         16          0          0          0        176   Library Totals

    ----------------------------------------------------------------------

==============================================================================


      Code (inc. data)   RO Data    RW Data    ZI Data      Debug   

      7068        584        528       1184       1240     216041   Grand Totals
      7068        584        528        516       1240     216041   ELF Image Totals (compressed)
      7068        584        528        516          0          0   ROM Totals

==============================================================================

    Total RO  Size (Code + RO Data)                 7596 (   7.42kB)
    Total RW  Size (RW Data + ZI Data)              2424 (   2.37kB)
    Total ROM Size (Code + RO Data + RW Data)       8112 (   7.92kB)

==============================================================================

