Component: ARM Compiler 5.06 update 7 (build 960) Tool: armlink [4d3601]

==============================================================================

Section Cross References

    main.o(i.EXTI5_9_IRQHandler) refers to gd32f30x_exti.o(i.exti_interrupt_flag_get) for exti_interrupt_flag_get
    main.o(i.EXTI5_9_IRQHandler) refers to gd32f30x_exti.o(i.exti_interrupt_flag_clear) for exti_interrupt_flag_clear
    main.o(i.EXTI5_9_IRQHandler) refers to systick.o(i.delay_1ms) for delay_1ms
    main.o(i.EXTI5_9_IRQHandler) refers to gd32f30x_gpio.o(i.gpio_input_bit_get) for gpio_input_bit_get
    main.o(i.EXTI5_9_IRQHandler) refers to main.o(.data) for .data
    main.o(i.SysTick_Handler) refers to systick.o(i.delay_decrement) for delay_decrement
    main.o(i.SysTick_Handler) refers to led.o(i.gd_led_toggle) for gd_led_toggle
    main.o(i.SysTick_Handler) refers to main.o(.data) for .data
    main.o(i.USART0_IRQHandler) refers to gd32f30x_usart.o(i.usart_interrupt_flag_get) for usart_interrupt_flag_get
    main.o(i.USART0_IRQHandler) refers to gd32f30x_usart.o(i.usart_flag_get) for usart_flag_get
    main.o(i.USART0_IRQHandler) refers to gd32f30x_usart.o(i.usart_data_receive) for usart_data_receive
    main.o(i.USART0_IRQHandler) refers to usart.o(i.com_put_char) for com_put_char
    main.o(i.main) refers to gd32f30x_rcu.o(i.rcu_ahb_clock_config) for rcu_ahb_clock_config
    main.o(i.main) refers to systick.o(i.systick_config) for systick_config
    main.o(i.main) refers to gd32f30x_rcu.o(i.rcu_periph_clock_enable) for rcu_periph_clock_enable
    main.o(i.main) refers to systick.o(i.delay_1ms) for delay_1ms
    main.o(i.main) refers to gd32f30x_gpio.o(i.gpio_pin_remap_config) for gpio_pin_remap_config
    main.o(i.main) refers to gd32f30x_gpio.o(i.gpio_init) for gpio_init
    main.o(i.main) refers to led.o(i.gd_led_off) for gd_led_off
    main.o(i.main) refers to led.o(i.gd_led_on) for gd_led_on
    main.o(i.main_tick_1s) refers to led.o(i.gd_led_toggle) for gd_led_toggle
    main.o(i.read_action) refers to myiic.o(i.IIC_Start) for IIC_Start
    main.o(i.read_action) refers to myiic.o(i.IIC_Send_Byte) for IIC_Send_Byte
    main.o(i.read_action) refers to myiic.o(i.IIC_Wait_Ack) for IIC_Wait_Ack
    main.o(i.read_action) refers to myiic.o(i.IIC_Read_Byte) for IIC_Read_Byte
    main.o(i.read_action) refers to myiic.o(i.IIC_Stop) for IIC_Stop
    main.o(i.read_action) refers to main.o(.data) for .data
    main.o(i.timer2_config) refers to gd32f30x_rcu.o(i.rcu_periph_clock_enable) for rcu_periph_clock_enable
    main.o(i.timer2_config) refers to gd32f30x_timer.o(i.timer_deinit) for timer_deinit
    main.o(i.timer2_config) refers to gd32f30x_timer.o(i.timer_init) for timer_init
    main.o(i.timer2_config) refers to gd32f30x_timer.o(i.timer_channel_output_config) for timer_channel_output_config
    main.o(i.timer2_config) refers to gd32f30x_timer.o(i.timer_channel_output_pulse_value_config) for timer_channel_output_pulse_value_config
    main.o(i.timer2_config) refers to gd32f30x_timer.o(i.timer_channel_output_mode_config) for timer_channel_output_mode_config
    main.o(i.timer2_config) refers to gd32f30x_timer.o(i.timer_channel_output_shadow_config) for timer_channel_output_shadow_config
    main.o(i.timer2_config) refers to gd32f30x_timer.o(i.timer_auto_reload_shadow_enable) for timer_auto_reload_shadow_enable
    main.o(i.timer2_config) refers to gd32f30x_timer.o(i.timer_enable) for timer_enable
    main.o(i.writeOneByte) refers to myiic.o(i.IIC_Start) for IIC_Start
    main.o(i.writeOneByte) refers to myiic.o(i.IIC_Send_Byte) for IIC_Send_Byte
    main.o(i.writeOneByte) refers to myiic.o(i.IIC_Wait_Ack) for IIC_Wait_Ack
    main.o(i.writeOneByte) refers to myiic.o(i.IIC_Stop) for IIC_Stop
    main.o(i.writeOneByte) refers to systick.o(i.delay_1ms) for delay_1ms
    systick.o(i.delay_1ms) refers to systick.o(.data) for .data
    systick.o(i.delay_decrement) refers to systick.o(.data) for .data
    systick.o(i.systick_config) refers to systick.o(i.NVIC_SetPriority) for NVIC_SetPriority
    systick.o(i.systick_config) refers to system_gd32f30x.o(.data) for SystemCoreClock
    gd32f30x_it.o(i.USBD_LP_CAN0_RX0_IRQHandler) refers to usbd_lld_int.o(i.usbd_isr) for usbd_isr
    system_gd32f30x.o(i.SystemCoreClockUpdate) refers to system_gd32f30x.o(.data) for .data
    system_gd32f30x.o(i.SystemInit) refers to system_gd32f30x.o(i.system_clock_120m_irc8m) for system_clock_120m_irc8m
    gd32f30x_usbd_hw.o(i.gpio_config) refers to gd32f30x_exti.o(i.exti_interrupt_flag_clear) for exti_interrupt_flag_clear
    gd32f30x_usbd_hw.o(i.gpio_config) refers to gd32f30x_exti.o(i.exti_init) for exti_init
    gd32f30x_usbd_hw.o(i.nvic_config) refers to gd32f30x_misc.o(i.nvic_priority_group_set) for nvic_priority_group_set
    gd32f30x_usbd_hw.o(i.nvic_config) refers to gd32f30x_misc.o(i.nvic_irq_enable) for nvic_irq_enable
    gd32f30x_usbd_hw.o(i.rcu_config) refers to gd32f30x_rcu.o(i.rcu_clock_freq_get) for rcu_clock_freq_get
[...]
    entry.o(.ARM.Collect$$$$00000000) refers (Special) to entry7b.o(.ARM.Collect$$$$00000008) for _main_clock
    entry.o(.ARM.Collect$$$$00000000) refers (Special) to entry8b.o(.ARM.Collect$$$$0000000A) for _main_cpp_init
    entry.o(.ARM.Collect$$$$00000000) refers (Special) to entry9a.o(.ARM.Collect$$$$0000000B) for _main_init
    entry.o(.ARM.Collect$$$$00000000) refers (Special) to entry5.o(.ARM.Collect$$$$00000004) for _main_scatterload
    entry.o(.ARM.Collect$$$$00000000) refers (Special) to entry2.o(.ARM.Collect$$$$00000001) for _main_stk
    entry2.o(.ARM.Collect$$$$00000001) refers to entry2.o(.ARM.Collect$$$$00002712) for __lit__00000000
    entry2.o(.ARM.Collect$$$$00002712) refers to startup_gd32f30x_hd.o(STACK) for __initial_sp
    entry2.o(__vectab_stack_and_reset_area) refers to startup_gd32f30x_hd.o(STACK) for __initial_sp
    entry2.o(__vectab_stack_and_reset_area) refers to entry.o(.ARM.Collect$$$$00000000) for __main
    entry5.o(.ARM.Collect$$$$00000004) refers to init.o(.text) for __scatterload
    entry9a.o(.ARM.Collect$$$$0000000B) refers to main.o(i.main) for main
    entry9b.o(.ARM.Collect$$$$0000000C) refers to main.o(i.main) for main
    init.o(.text) refers to entry5.o(.ARM.Collect$$$$00000004) for __main_after_scatterload


==============================================================================

Removing Unused input sections from the image.

    Removing main.o(.rev16_text), (4 bytes).
    Removing main.o(.revsh_text), (4 bytes).
    Removing main.o(i.main_tick_1s), (6 bytes).
    Removing main.o(i.read_action), (72 bytes).
    Removing main.o(i.timer2_config), (148 bytes).
    Removing main.o(i.writeOneByte), (56 bytes).
    Removing main.o(.bss), (120 bytes).
    Removing main.o(.bss), (12 bytes).
    Removing main.o(.data), (2 bytes).
    Removing systick.o(.rev16_text), (4 bytes).
    Removing systick.o(.revsh_text), (4 bytes).
    Removing gd32f30x_it.o(.rev16_text), (4 bytes).
    Removing gd32f30x_it.o(.revsh_text), (4 bytes).
    Removing system_gd32f30x.o(.rev16_text), (4 bytes).
    Removing system_gd32f30x.o(.revsh_text), (4 bytes).
    Removing system_gd32f30x.o(i.SystemCoreClockUpdate), (128 bytes).
    Removing gd32f30x_usbd_hw.o(.rev16_text), (4 bytes).
    Removing gd32f30x_usbd_hw.o(.revsh_text), (4 bytes).
    Removing gd32f30x_usbd_hw.o(i.gpio_config), (26 bytes).
    Removing gd32f30x_usbd_hw.o(i.nvic_config), (34 bytes).
    Removing gd32f30x_usbd_hw.o(i.rcu_config), (96 bytes).
    Removing hid_keyboard_itf.o(.rev16_text), (4 bytes).
    Removing hid_keyboard_itf.o(.revsh_text), (4 bytes).
    Removing hid_keyboard_itf.o(i.hid_key_data_send), (100 bytes).
    Removing hid_keyboard_itf.o(i.key_config), (2 bytes).
    Removing hid_keyboard_itf.o(.data), (5 bytes).
    Removing hid_keyboard_itf.o(.data), (4 bytes).
    Removing hid_keyboard_itf.o(.data), (9 bytes).
    Removing hid_keyboard_itf.o(.data), (8 bytes).
    Removing led.o(.rev16_text), (4 bytes).
    Removing led.o(.revsh_text), (4 bytes).
    Removing led.o(i.gd_led_init), (56 bytes).
    Removing key.o(.rev16_text), (4 bytes).
    Removing key.o(.revsh_text), (4 bytes).
    Removing key.o(i.Activate_ALL_ROW), (22 bytes).
    Removing key.o(i.Activate_ROW), (32 bytes).
    Removing key.o(i.KEY_MATRIX_Scan), (108 bytes).
    Removing key.o(i.gd_key_init), (468 bytes).
    Removing key.o(i.gd_key_state_get), (24 bytes).
    Removing key.o(i.key_filter), (60 bytes).
    Removing key.o(.bss), (24 bytes).
    Removing key.o(.data), (192 bytes).
    Removing key.o(.data), (256 bytes).
    Removing key.o(.data), (256 bytes).
    Removing usart.o(.rev16_text), (4 bytes).
    Removing usart.o(.revsh_text), (4 bytes).
    Removing usart.o(i.fputc), (36 bytes).
    Removing usart.o(i.gd_com_init), (156 bytes).
    Removing usart.o(i.uart_printf), (22 bytes).
    Removing usart.o(i.uart_send_data), (26 bytes).
    Removing usart.o(.data), (12 bytes).
    Removing myiic.o(.rev16_text), (4 bytes).
    Removing myiic.o(.revsh_text), (4 bytes).
    Removing myiic.o(i.IIC_Ack), (72 bytes).
    Removing myiic.o(i.IIC_Init), (44 bytes).
    Removing myiic.o(i.IIC_NAck), (72 bytes).
    Removing myiic.o(i.IIC_Read_Byte), (108 bytes).
    Removing myiic.o(i.IIC_Send_Byte), (108 bytes).
    Removing myiic.o(i.IIC_Start), (72 bytes).
    Removing myiic.o(i.IIC_Stop), (72 bytes).
    Removing myiic.o(i.IIC_Wait_Ack), (96 bytes).
    Removing startup_gd32f30x_hd.o(HEAP), (1024 bytes).
    Removing gd32f30x_adc.o(.rev16_text), (4 bytes).
    Removing gd32f30x_adc.o(.revsh_text), (4 bytes).
    Removing gd32f30x_adc.o(i.adc_calibration_enable), (30 bytes).
    Removing gd32f30x_adc.o(i.adc_channel_length_config), (54 bytes).
    Removing gd32f30x_adc.o(i.adc_data_alignment_config), (20 bytes).
    Removing gd32f30x_adc.o(i.adc_deinit), (60 bytes).
    Removing gd32f30x_adc.o(i.adc_disable), (10 bytes).
    Removing gd32f30x_adc.o(i.adc_discontinuous_mode_config), (56 bytes).
    Removing gd32f30x_adc.o(i.adc_dma_mode_disable), (10 bytes).
    Removing gd32f30x_adc.o(i.adc_dma_mode_enable), (10 bytes).
    Removing gd32f30x_adc.o(i.adc_enable), (16 bytes).
    Removing gd32f30x_adc.o(i.adc_external_trigger_config), (54 bytes).
    Removing gd32f30x_adc.o(i.adc_external_trigger_source_config), (32 bytes).
    Removing gd32f30x_adc.o(i.adc_flag_clear), (8 bytes).
    Removing gd32f30x_adc.o(i.adc_flag_get), (14 bytes).
    Removing gd32f30x_adc.o(i.adc_inserted_channel_config), (80 bytes).
    Removing gd32f30x_adc.o(i.adc_inserted_channel_offset_config), (28 bytes).
    Removing gd32f30x_adc.o(i.adc_inserted_data_read), (36 bytes).
    Removing gd32f30x_adc.o(i.adc_interrupt_disable), (38 bytes).
    Removing gd32f30x_adc.o(i.adc_interrupt_enable), (38 bytes).
    Removing gd32f30x_adc.o(i.adc_interrupt_flag_clear), (8 bytes).
    Removing gd32f30x_adc.o(i.adc_interrupt_flag_get), (62 bytes).
    Removing gd32f30x_adc.o(i.adc_mode_config), (24 bytes).
    Removing gd32f30x_adc.o(i.adc_oversample_mode_config), (44 bytes).
    Removing gd32f30x_adc.o(i.adc_oversample_mode_disable), (12 bytes).
    Removing gd32f30x_adc.o(i.adc_oversample_mode_enable), (12 bytes).
    Removing gd32f30x_adc.o(i.adc_regular_channel_config), (126 bytes).
    Removing gd32f30x_adc.o(i.adc_regular_data_read), (6 bytes).
    Removing gd32f30x_adc.o(i.adc_resolution_config), (18 bytes).
    Removing gd32f30x_adc.o(i.adc_software_trigger_enable), (26 bytes).
    Removing gd32f30x_adc.o(i.adc_special_function_config), (82 bytes).
    Removing gd32f30x_adc.o(i.adc_sync_mode_convert_value_read), (12 bytes).
    Removing gd32f30x_adc.o(i.adc_tempsensor_vrefint_disable), (16 bytes).
    Removing gd32f30x_adc.o(i.adc_tempsensor_vrefint_enable), (16 bytes).
    Removing gd32f30x_adc.o(i.adc_watchdog_disable), (16 bytes).
    Removing gd32f30x_adc.o(i.adc_watchdog_group_channel_enable), (52 bytes).
    Removing gd32f30x_adc.o(i.adc_watchdog_single_channel_enable), (32 bytes).
    Removing gd32f30x_adc.o(i.adc_watchdog_threshold_config), (14 bytes).
    Removing gd32f30x_bkp.o(.rev16_text), (4 bytes).
    Removing gd32f30x_bkp.o(.revsh_text), (4 bytes).
    Removing gd32f30x_bkp.o(i.bkp_deinit), (14 bytes).
    Removing gd32f30x_bkp.o(i.bkp_flag_clear), (16 bytes).
    Removing gd32f30x_bkp.o(i.bkp_flag_get), (20 bytes).
    Removing gd32f30x_bkp.o(i.bkp_interrupt_flag_clear), (16 bytes).
    Removing gd32f30x_bkp.o(i.bkp_interrupt_flag_get), (20 bytes).
    Removing gd32f30x_bkp.o(i.bkp_read_data), (44 bytes).
    Removing gd32f30x_bkp.o(i.bkp_rtc_calibration_output_disable), (16 bytes).
    Removing gd32f30x_bkp.o(i.bkp_rtc_calibration_output_enable), (16 bytes).
    Removing gd32f30x_bkp.o(i.bkp_rtc_calibration_value_set), (24 bytes).
    Removing gd32f30x_bkp.o(i.bkp_rtc_clock_calibration_direction), (20 bytes).
    Removing gd32f30x_bkp.o(i.bkp_rtc_clock_output_select), (20 bytes).
    Removing gd32f30x_bkp.o(i.bkp_rtc_output_select), (20 bytes).
    Removing gd32f30x_bkp.o(i.bkp_rtc_signal_output_disable), (16 bytes).
    Removing gd32f30x_bkp.o(i.bkp_rtc_signal_output_enable), (16 bytes).
    Removing gd32f30x_bkp.o(i.bkp_tamper_active_level_set), (20 bytes).
    Removing gd32f30x_bkp.o(i.bkp_tamper_detection_disable), (16 bytes).
    Removing gd32f30x_bkp.o(i.bkp_tamper_detection_enable), (16 bytes).
    Removing gd32f30x_bkp.o(i.bkp_tamper_interrupt_disable), (16 bytes).
    Removing gd32f30x_bkp.o(i.bkp_tamper_interrupt_enable), (16 bytes).
    Removing gd32f30x_bkp.o(i.bkp_write_data), (40 bytes).
    Removing gd32f30x_can.o(.rev16_text), (4 bytes).
    Removing gd32f30x_can.o(.revsh_text), (4 bytes).
    Removing gd32f30x_can.o(i.can1_filter_start_bank), (48 bytes).
    Removing gd32f30x_can.o(i.can_debug_freeze_disable), (28 bytes).
    Removing gd32f30x_can.o(i.can_debug_freeze_enable), (28 bytes).
    Removing gd32f30x_can.o(i.can_deinit), (36 bytes).
    Removing gd32f30x_can.o(i.can_error_get), (8 bytes).
    Removing gd32f30x_can.o(i.can_fifo_release), (28 bytes).
    Removing gd32f30x_can.o(i.can_filter_init), (208 bytes).
    Removing gd32f30x_can.o(i.can_flag_clear), (16 bytes).
    Removing gd32f30x_can.o(i.can_flag_get), (22 bytes).
    Removing gd32f30x_can.o(i.can_init), (254 bytes).
    Removing gd32f30x_can.o(i.can_interrupt_disable), (8 bytes).
    Removing gd32f30x_can.o(i.can_interrupt_enable), (8 bytes).
    Removing gd32f30x_can.o(i.can_interrupt_flag_clear), (16 bytes).
    Removing gd32f30x_can.o(i.can_interrupt_flag_get), (92 bytes).
    Removing gd32f30x_can.o(i.can_message_receive), (142 bytes).
    Removing gd32f30x_can.o(i.can_message_transmit), (182 bytes).
    Removing gd32f30x_can.o(i.can_receive_error_number_get), (6 bytes).
    Removing gd32f30x_can.o(i.can_receive_message_length_get), (22 bytes).
    Removing gd32f30x_can.o(i.can_struct_para_init), (124 bytes).
    Removing gd32f30x_can.o(i.can_time_trigger_mode_disable), (36 bytes).
    Removing gd32f30x_can.o(i.can_time_trigger_mode_enable), (36 bytes).
    Removing gd32f30x_can.o(i.can_transmission_stop), (58 bytes).
    Removing gd32f30x_can.o(i.can_transmit_error_number_get), (8 bytes).
    Removing gd32f30x_can.o(i.can_transmit_states), (88 bytes).
    Removing gd32f30x_can.o(i.can_wakeup), (40 bytes).
    Removing gd32f30x_can.o(i.can_working_mode_set), (134 bytes).
    Removing gd32f30x_crc.o(.rev16_text), (4 bytes).
    Removing gd32f30x_crc.o(.revsh_text), (4 bytes).
    Removing gd32f30x_crc.o(i.crc_block_data_calculate), (28 bytes).
    Removing gd32f30x_crc.o(i.crc_data_register_read), (12 bytes).
    Removing gd32f30x_crc.o(i.crc_data_register_reset), (16 bytes).
    Removing gd32f30x_crc.o(i.crc_deinit), (24 bytes).
    Removing gd32f30x_crc.o(i.crc_free_data_register_read), (12 bytes).
    Removing gd32f30x_crc.o(i.crc_free_data_register_write), (12 bytes).
    Removing gd32f30x_crc.o(i.crc_single_data_calculate), (12 bytes).
    Removing gd32f30x_ctc.o(.rev16_text), (4 bytes).
    Removing gd32f30x_ctc.o(.revsh_text), (4 bytes).
    Removing gd32f30x_ctc.o(i.ctc_clock_limit_value_config), (24 bytes).
    Removing gd32f30x_ctc.o(i.ctc_counter_capture_value_read), (12 bytes).
    Removing gd32f30x_ctc.o(i.ctc_counter_direction_read), (20 bytes).
    Removing gd32f30x_ctc.o(i.ctc_counter_disable), (16 bytes).
    Removing gd32f30x_ctc.o(i.ctc_counter_enable), (16 bytes).
    Removing gd32f30x_ctc.o(i.ctc_counter_reload_value_config), (24 bytes).
    Removing gd32f30x_ctc.o(i.ctc_counter_reload_value_read), (12 bytes).
    Removing gd32f30x_ctc.o(i.ctc_deinit), (22 bytes).
    Removing gd32f30x_ctc.o(i.ctc_flag_clear), (32 bytes).
    Removing gd32f30x_ctc.o(i.ctc_flag_get), (20 bytes).
    Removing gd32f30x_ctc.o(i.ctc_hardware_trim_mode_config), (24 bytes).
    Removing gd32f30x_ctc.o(i.ctc_interrupt_disable), (16 bytes).
    Removing gd32f30x_ctc.o(i.ctc_interrupt_enable), (16 bytes).
    Removing gd32f30x_ctc.o(i.ctc_interrupt_flag_clear), (32 bytes).
    Removing gd32f30x_ctc.o(i.ctc_interrupt_flag_get), (44 bytes).
    Removing gd32f30x_ctc.o(i.ctc_irc48m_trim_value_config), (24 bytes).
    Removing gd32f30x_ctc.o(i.ctc_irc48m_trim_value_read), (16 bytes).
    Removing gd32f30x_ctc.o(i.ctc_refsource_polarity_config), (24 bytes).
    Removing gd32f30x_ctc.o(i.ctc_refsource_prescaler_config), (24 bytes).
    Removing gd32f30x_ctc.o(i.ctc_refsource_signal_select), (24 bytes).
    Removing gd32f30x_ctc.o(i.ctc_software_refsource_pulse_generate), (16 bytes).
    Removing gd32f30x_dac.o(.rev16_text), (4 bytes).
    Removing gd32f30x_dac.o(.revsh_text), (4 bytes).
    Removing gd32f30x_dac.o(i.dac_concurrent_data_set), (44 bytes).
    Removing gd32f30x_dac.o(i.dac_concurrent_disable), (16 bytes).
    Removing gd32f30x_dac.o(i.dac_concurrent_enable), (16 bytes).
    Removing gd32f30x_dac.o(i.dac_concurrent_output_buffer_disable), (16 bytes).
    Removing gd32f30x_dac.o(i.dac_concurrent_output_buffer_enable), (16 bytes).
    Removing gd32f30x_dac.o(i.dac_concurrent_software_trigger_disable), (16 bytes).
    Removing gd32f30x_dac.o(i.dac_concurrent_software_trigger_enable), (16 bytes).
    Removing gd32f30x_dac.o(i.dac_data_set), (64 bytes).
    Removing gd32f30x_dac.o(i.dac_deinit), (22 bytes).
    Removing gd32f30x_dac.o(i.dac_disable), (28 bytes).
    Removing gd32f30x_dac.o(i.dac_dma_disable), (28 bytes).
    Removing gd32f30x_dac.o(i.dac_dma_enable), (28 bytes).
    Removing gd32f30x_dac.o(i.dac_enable), (28 bytes).
    Removing gd32f30x_dac.o(i.dac_lfsr_noise_config), (40 bytes).
    Removing gd32f30x_dac.o(i.dac_output_buffer_disable), (28 bytes).
    Removing gd32f30x_dac.o(i.dac_output_buffer_enable), (28 bytes).
    Removing gd32f30x_dac.o(i.dac_output_value_get), (20 bytes).
    Removing gd32f30x_dac.o(i.dac_software_trigger_disable), (28 bytes).
    Removing gd32f30x_dac.o(i.dac_software_trigger_enable), (28 bytes).
    Removing gd32f30x_dac.o(i.dac_triangle_noise_config), (40 bytes).
    Removing gd32f30x_dac.o(i.dac_trigger_disable), (28 bytes).
    Removing gd32f30x_dac.o(i.dac_trigger_enable), (28 bytes).
    Removing gd32f30x_dac.o(i.dac_trigger_source_config), (40 bytes).
    Removing gd32f30x_dac.o(i.dac_wave_bit_width_config), (40 bytes).
    Removing gd32f30x_dac.o(i.dac_wave_mode_config), (40 bytes).
    Removing gd32f30x_dbg.o(.rev16_text), (4 bytes).
    Removing gd32f30x_dbg.o(.revsh_text), (4 bytes).
    Removing gd32f30x_dbg.o(i.dbg_deinit), (12 bytes).
    Removing gd32f30x_dbg.o(i.dbg_id_get), (12 bytes).
    Removing gd32f30x_dbg.o(i.dbg_low_power_disable), (16 bytes).
    Removing gd32f30x_dbg.o(i.dbg_low_power_enable), (16 bytes).
    Removing gd32f30x_dbg.o(i.dbg_periph_disable), (28 bytes).
    Removing gd32f30x_dbg.o(i.dbg_periph_enable), (28 bytes).
    Removing gd32f30x_dbg.o(i.dbg_trace_pin_disable), (16 bytes).
    Removing gd32f30x_dbg.o(i.dbg_trace_pin_enable), (16 bytes).
    Removing gd32f30x_dbg.o(i.dbg_trace_pin_mode_set), (24 bytes).
    Removing gd32f30x_dma.o(.rev16_text), (4 bytes).
    Removing gd32f30x_dma.o(.revsh_text), (4 bytes).
    Removing gd32f30x_dma.o(i.dma_channel_disable), (32 bytes).
    Removing gd32f30x_dma.o(i.dma_channel_enable), (32 bytes).
    Removing gd32f30x_dma.o(i.dma_circulation_disable), (32 bytes).
    Removing gd32f30x_dma.o(i.dma_circulation_enable), (32 bytes).
    Removing gd32f30x_dma.o(i.dma_deinit), (54 bytes).
    Removing gd32f30x_dma.o(i.dma_flag_clear), (12 bytes).
    Removing gd32f30x_dma.o(i.dma_flag_get), (14 bytes).
    Removing gd32f30x_dma.o(i.dma_init), (120 bytes).
    Removing gd32f30x_dma.o(i.dma_interrupt_disable), (32 bytes).
    Removing gd32f30x_dma.o(i.dma_interrupt_enable), (32 bytes).
    Removing gd32f30x_dma.o(i.dma_interrupt_flag_clear), (12 bytes).
    Removing gd32f30x_dma.o(i.dma_interrupt_flag_get), (76 bytes).
    Removing gd32f30x_dma.o(i.dma_memory_address_config), (28 bytes).
    Removing gd32f30x_dma.o(i.dma_memory_increase_disable), (32 bytes).
    Removing gd32f30x_dma.o(i.dma_memory_increase_enable), (32 bytes).
    Removing gd32f30x_dma.o(i.dma_memory_to_memory_disable), (32 bytes).
    Removing gd32f30x_dma.o(i.dma_memory_to_memory_enable), (32 bytes).
    Removing gd32f30x_dma.o(i.dma_memory_width_config), (36 bytes).
    Removing gd32f30x_dma.o(i.dma_periph_address_config), (28 bytes).
    Removing gd32f30x_dma.o(i.dma_periph_and_channel_check), (24 bytes).
    Removing gd32f30x_dma.o(i.dma_periph_increase_disable), (32 bytes).
    Removing gd32f30x_dma.o(i.dma_periph_increase_enable), (32 bytes).
    Removing gd32f30x_dma.o(i.dma_periph_width_config), (36 bytes).
    Removing gd32f30x_dma.o(i.dma_priority_config), (36 bytes).
    Removing gd32f30x_dma.o(i.dma_struct_para_init), (26 bytes).
    Removing gd32f30x_dma.o(i.dma_transfer_direction_config), (42 bytes).
    Removing gd32f30x_dma.o(i.dma_transfer_number_config), (30 bytes).
    Removing gd32f30x_dma.o(i.dma_transfer_number_get), (26 bytes).
    Removing gd32f30x_enet.o(.rev16_text), (4 bytes).
    Removing gd32f30x_enet.o(.revsh_text), (4 bytes).
    Removing gd32f30x_exmc.o(.rev16_text), (4 bytes).
    Removing gd32f30x_exmc.o(.revsh_text), (4 bytes).
    Removing gd32f30x_exmc.o(i.exmc_ecc_get), (10 bytes).
    Removing gd32f30x_exmc.o(i.exmc_flag_clear), (14 bytes).
    Removing gd32f30x_exmc.o(i.exmc_flag_get), (20 bytes).
    Removing gd32f30x_exmc.o(i.exmc_interrupt_disable), (14 bytes).
    Removing gd32f30x_exmc.o(i.exmc_interrupt_enable), (14 bytes).
    Removing gd32f30x_exmc.o(i.exmc_interrupt_flag_clear), (16 bytes).
    Removing gd32f30x_exmc.o(i.exmc_interrupt_flag_get), (26 bytes).
    Removing gd32f30x_exmc.o(i.exmc_nand_deinit), (24 bytes).
    Removing gd32f30x_exmc.o(i.exmc_nand_disable), (16 bytes).
    Removing gd32f30x_exmc.o(i.exmc_nand_ecc_config), (26 bytes).
    Removing gd32f30x_exmc.o(i.exmc_nand_enable), (16 bytes).
    Removing gd32f30x_exmc.o(i.exmc_nand_init), (136 bytes).
    Removing gd32f30x_exmc.o(i.exmc_nand_struct_para_init), (54 bytes).
    Removing gd32f30x_exmc.o(i.exmc_norsram_deinit), (38 bytes).
    Removing gd32f30x_exmc.o(i.exmc_norsram_disable), (16 bytes).
    Removing gd32f30x_exmc.o(i.exmc_norsram_enable), (16 bytes).
    Removing gd32f30x_exmc.o(i.exmc_norsram_init), (244 bytes).
    Removing gd32f30x_exmc.o(i.exmc_norsram_page_size_config), (22 bytes).
    Removing gd32f30x_exmc.o(i.exmc_norsram_struct_para_init), (90 bytes).
    Removing gd32f30x_exmc.o(i.exmc_pccard_deinit), (26 bytes).
    Removing gd32f30x_exmc.o(i.exmc_pccard_disable), (16 bytes).
    Removing gd32f30x_exmc.o(i.exmc_pccard_enable), (16 bytes).
    Removing gd32f30x_exmc.o(i.exmc_pccard_init), (138 bytes).
    Removing gd32f30x_exmc.o(i.exmc_pccard_struct_para_init), (60 bytes).
    Removing gd32f30x_exti.o(.rev16_text), (4 bytes).
    Removing gd32f30x_exti.o(.revsh_text), (4 bytes).
    Removing gd32f30x_exti.o(i.exti_deinit), (28 bytes).
    Removing gd32f30x_exti.o(i.exti_event_disable), (16 bytes).
    Removing gd32f30x_exti.o(i.exti_event_enable), (16 bytes).
    Removing gd32f30x_exti.o(i.exti_flag_clear), (12 bytes).
    Removing gd32f30x_exti.o(i.exti_flag_get), (20 bytes).
    Removing gd32f30x_exti.o(i.exti_init), (104 bytes).
    Removing gd32f30x_exti.o(i.exti_interrupt_disable), (16 bytes).
    Removing gd32f30x_exti.o(i.exti_interrupt_enable), (16 bytes).
    Removing gd32f30x_exti.o(i.exti_software_interrupt_disable), (16 bytes).
    Removing gd32f30x_exti.o(i.exti_software_interrupt_enable), (16 bytes).
    Removing gd32f30x_fmc.o(.rev16_text), (4 bytes).
    Removing gd32f30x_fmc.o(.revsh_text), (4 bytes).
    Removing gd32f30x_fmc.o(i.fmc_bank0_erase), (56 bytes).
    Removing gd32f30x_fmc.o(i.fmc_bank0_lock), (16 bytes).
    Removing gd32f30x_fmc.o(i.fmc_bank0_ready_wait), (22 bytes).
    Removing gd32f30x_fmc.o(i.fmc_bank0_state_get), (40 bytes).
    Removing gd32f30x_fmc.o(i.fmc_bank0_unlock), (32 bytes).
    Removing gd32f30x_fmc.o(i.fmc_bank1_erase), (56 bytes).
    Removing gd32f30x_fmc.o(i.fmc_bank1_lock), (16 bytes).
    Removing gd32f30x_fmc.o(i.fmc_bank1_ready_wait), (22 bytes).
    Removing gd32f30x_fmc.o(i.fmc_bank1_state_get), (40 bytes).
    Removing gd32f30x_fmc.o(i.fmc_bank1_unlock), (32 bytes).
    Removing gd32f30x_fmc.o(i.fmc_flag_clear), (28 bytes).
    Removing gd32f30x_fmc.o(i.fmc_flag_get), (32 bytes).
    Removing gd32f30x_fmc.o(i.fmc_halfword_program), (112 bytes).
    Removing gd32f30x_fmc.o(i.fmc_interrupt_disable), (28 bytes).
    Removing gd32f30x_fmc.o(i.fmc_interrupt_enable), (28 bytes).
    Removing gd32f30x_fmc.o(i.fmc_interrupt_flag_clear), (28 bytes).
    Removing gd32f30x_fmc.o(i.fmc_interrupt_flag_get), (68 bytes).
    Removing gd32f30x_fmc.o(i.fmc_lock), (40 bytes).
    Removing gd32f30x_fmc.o(i.fmc_mass_erase), (152 bytes).
    Removing gd32f30x_fmc.o(i.fmc_page_erase), (136 bytes).
    Removing gd32f30x_fmc.o(i.fmc_unlock), (56 bytes).
    Removing gd32f30x_fmc.o(i.fmc_word_program), (112 bytes).
    Removing gd32f30x_fmc.o(i.fmc_word_reprogram), (136 bytes).
    Removing gd32f30x_fmc.o(i.fmc_wscnt_set), (20 bytes).
    Removing gd32f30x_fmc.o(i.ob_data_get), (16 bytes).
    Removing gd32f30x_fmc.o(i.ob_data_program), (56 bytes).
    Removing gd32f30x_fmc.o(i.ob_erase), (108 bytes).
    Removing gd32f30x_fmc.o(i.ob_lock), (16 bytes).
    Removing gd32f30x_fmc.o(i.ob_security_protection_config), (104 bytes).
    Removing gd32f30x_fmc.o(i.ob_spc_get), (20 bytes).
    Removing gd32f30x_fmc.o(i.ob_unlock), (32 bytes).
    Removing gd32f30x_fmc.o(i.ob_user_get), (16 bytes).
    Removing gd32f30x_fmc.o(i.ob_user_write), (84 bytes).
    Removing gd32f30x_fmc.o(i.ob_write_protection_enable), (136 bytes).
    Removing gd32f30x_fmc.o(i.ob_write_protection_get), (12 bytes).
    Removing gd32f30x_fwdgt.o(.rev16_text), (4 bytes).
    Removing gd32f30x_fwdgt.o(.revsh_text), (4 bytes).
    Removing gd32f30x_fwdgt.o(i.fwdgt_config), (80 bytes).
    Removing gd32f30x_fwdgt.o(i.fwdgt_counter_reload), (16 bytes).
    Removing gd32f30x_fwdgt.o(i.fwdgt_enable), (16 bytes).
    Removing gd32f30x_fwdgt.o(i.fwdgt_flag_get), (20 bytes).
    Removing gd32f30x_fwdgt.o(i.fwdgt_write_disable), (12 bytes).
    Removing gd32f30x_fwdgt.o(i.fwdgt_write_enable), (16 bytes).
    Removing gd32f30x_gpio.o(.rev16_text), (4 bytes).
    Removing gd32f30x_gpio.o(.revsh_text), (4 bytes).
    Removing gd32f30x_gpio.o(i.gpio_afio_deinit), (22 bytes).
    Removing gd32f30x_gpio.o(i.gpio_bit_reset), (4 bytes).
    Removing gd32f30x_gpio.o(i.gpio_bit_set), (4 bytes).
    Removing gd32f30x_gpio.o(i.gpio_compensation_config), (20 bytes).
    Removing gd32f30x_gpio.o(i.gpio_compensation_flag_get), (20 bytes).
    Removing gd32f30x_gpio.o(i.gpio_deinit), (112 bytes).
    Removing gd32f30x_gpio.o(i.gpio_event_output_config), (24 bytes).
    Removing gd32f30x_gpio.o(i.gpio_event_output_disable), (16 bytes).
    Removing gd32f30x_gpio.o(i.gpio_event_output_enable), (16 bytes).
    Removing gd32f30x_gpio.o(i.gpio_exti_source_select), (88 bytes).
    Removing gd32f30x_gpio.o(i.gpio_input_port_get), (6 bytes).
    Removing gd32f30x_gpio.o(i.gpio_output_bit_get), (10 bytes).
    Removing gd32f30x_gpio.o(i.gpio_output_port_get), (6 bytes).
    Removing gd32f30x_gpio.o(i.gpio_pin_lock), (16 bytes).
    Removing gd32f30x_gpio.o(i.gpio_port_write), (4 bytes).
    Removing gd32f30x_i2c.o(.rev16_text), (4 bytes).
    Removing gd32f30x_i2c.o(.revsh_text), (4 bytes).
    Removing gd32f30x_i2c.o(i.i2c_ack_config), (20 bytes).
    Removing gd32f30x_i2c.o(i.i2c_ackpos_config), (20 bytes).
    Removing gd32f30x_i2c.o(i.i2c_clock_config), (256 bytes).
    Removing gd32f30x_i2c.o(i.i2c_data_receive), (6 bytes).
    Removing gd32f30x_i2c.o(i.i2c_data_transmit), (4 bytes).
    Removing gd32f30x_i2c.o(i.i2c_deinit), (48 bytes).
    Removing gd32f30x_i2c.o(i.i2c_disable), (10 bytes).
    Removing gd32f30x_i2c.o(i.i2c_dma_enable), (12 bytes).
    Removing gd32f30x_i2c.o(i.i2c_dma_last_transfer_config), (12 bytes).
    Removing gd32f30x_i2c.o(i.i2c_dualaddr_disable), (10 bytes).
    Removing gd32f30x_i2c.o(i.i2c_dualaddr_enable), (12 bytes).
    Removing gd32f30x_i2c.o(i.i2c_enable), (10 bytes).
    Removing gd32f30x_i2c.o(i.i2c_flag_clear), (34 bytes).
    Removing gd32f30x_i2c.o(i.i2c_flag_get), (22 bytes).
    Removing gd32f30x_i2c.o(i.i2c_interrupt_disable), (20 bytes).
    Removing gd32f30x_i2c.o(i.i2c_interrupt_enable), (20 bytes).
    Removing gd32f30x_i2c.o(i.i2c_interrupt_flag_clear), (36 bytes).
    Removing gd32f30x_i2c.o(i.i2c_interrupt_flag_get), (84 bytes).
    Removing gd32f30x_i2c.o(i.i2c_master_addressing), (18 bytes).
    Removing gd32f30x_i2c.o(i.i2c_mode_addr_config), (22 bytes).
    Removing gd32f30x_i2c.o(i.i2c_pec_enable), (12 bytes).
    Removing gd32f30x_i2c.o(i.i2c_pec_transfer_enable), (12 bytes).
    Removing gd32f30x_i2c.o(i.i2c_pec_value_get), (8 bytes).
    Removing gd32f30x_i2c.o(i.i2c_slave_response_to_gcall_config), (12 bytes).
    Removing gd32f30x_i2c.o(i.i2c_smbus_arp_enable), (12 bytes).
    Removing gd32f30x_i2c.o(i.i2c_smbus_issue_alert), (12 bytes).
    Removing gd32f30x_i2c.o(i.i2c_smbus_type_config), (20 bytes).
    Removing gd32f30x_i2c.o(i.i2c_software_reset_config), (12 bytes).
    Removing gd32f30x_i2c.o(i.i2c_start_on_bus), (10 bytes).
    Removing gd32f30x_i2c.o(i.i2c_stop_on_bus), (10 bytes).
    Removing gd32f30x_i2c.o(i.i2c_stretch_scl_low_config), (12 bytes).
    Removing gd32f30x_misc.o(.rev16_text), (4 bytes).
    Removing gd32f30x_misc.o(.revsh_text), (4 bytes).
    Removing gd32f30x_misc.o(i.nvic_irq_disable), (22 bytes).
    Removing gd32f30x_misc.o(i.nvic_irq_enable), (148 bytes).
    Removing gd32f30x_misc.o(i.nvic_priority_group_set), (20 bytes).
    Removing gd32f30x_misc.o(i.nvic_vector_table_set), (20 bytes).
    Removing gd32f30x_misc.o(i.system_lowpower_reset), (16 bytes).
    Removing gd32f30x_misc.o(i.system_lowpower_set), (16 bytes).
    Removing gd32f30x_misc.o(i.systick_clksource_set), (24 bytes).
    Removing gd32f30x_pmu.o(.rev16_text), (4 bytes).
    Removing gd32f30x_pmu.o(.revsh_text), (4 bytes).
    Removing gd32f30x_pmu.o(i.pmu_backup_write_disable), (16 bytes).
    Removing gd32f30x_pmu.o(i.pmu_backup_write_enable), (16 bytes).
    Removing gd32f30x_pmu.o(i.pmu_deinit), (22 bytes).
    Removing gd32f30x_pmu.o(i.pmu_flag_clear), (32 bytes).
    Removing gd32f30x_pmu.o(i.pmu_flag_get), (20 bytes).
    Removing gd32f30x_pmu.o(i.pmu_highdriver_mode_disable), (16 bytes).
    Removing gd32f30x_pmu.o(i.pmu_highdriver_mode_enable), (16 bytes).
    Removing gd32f30x_pmu.o(i.pmu_highdriver_switch_select), (40 bytes).
    Removing gd32f30x_pmu.o(i.pmu_ldo_output_select), (24 bytes).
    Removing gd32f30x_pmu.o(i.pmu_lowdriver_mode_disable), (16 bytes).
    Removing gd32f30x_pmu.o(i.pmu_lowdriver_mode_enable), (16 bytes).
    Removing gd32f30x_pmu.o(i.pmu_lowpower_driver_config), (24 bytes).
    Removing gd32f30x_pmu.o(i.pmu_lvd_disable), (16 bytes).
    Removing gd32f30x_pmu.o(i.pmu_lvd_select), (40 bytes).
    Removing gd32f30x_pmu.o(i.pmu_normalpower_driver_config), (24 bytes).
    Removing gd32f30x_pmu.o(i.pmu_to_deepsleepmode), (152 bytes).
    Removing gd32f30x_pmu.o(i.pmu_to_sleepmode), (24 bytes).
    Removing gd32f30x_pmu.o(i.pmu_to_standbymode), (48 bytes).
    Removing gd32f30x_pmu.o(i.pmu_wakeup_pin_disable), (16 bytes).
    Removing gd32f30x_pmu.o(i.pmu_wakeup_pin_enable), (16 bytes).
    Removing gd32f30x_pmu.o(.bss), (16 bytes).
    Removing gd32f30x_rcu.o(.rev16_text), (4 bytes).
    Removing gd32f30x_rcu.o(.revsh_text), (4 bytes).
    Removing gd32f30x_rcu.o(i.rcu_adc_clock_config), (84 bytes).
    Removing gd32f30x_rcu.o(i.rcu_all_reset_flag_clear), (16 bytes).
    Removing gd32f30x_rcu.o(i.rcu_apb1_clock_config), (20 bytes).
    Removing gd32f30x_rcu.o(i.rcu_apb2_clock_config), (20 bytes).
    Removing gd32f30x_rcu.o(i.rcu_bkp_reset_disable), (16 bytes).
    Removing gd32f30x_rcu.o(i.rcu_bkp_reset_enable), (16 bytes).
    Removing gd32f30x_rcu.o(i.rcu_ck48m_clock_config), (20 bytes).
    Removing gd32f30x_rcu.o(i.rcu_ckout0_config), (20 bytes).
    Removing gd32f30x_rcu.o(i.rcu_clock_freq_get), (248 bytes).
    Removing gd32f30x_rcu.o(i.rcu_deepsleep_voltage_set), (16 bytes).
    Removing gd32f30x_rcu.o(i.rcu_deinit), (72 bytes).
    Removing gd32f30x_rcu.o(i.rcu_flag_get), (32 bytes).
    Removing gd32f30x_rcu.o(i.rcu_hxtal_clock_monitor_disable), (16 bytes).
    Removing gd32f30x_rcu.o(i.rcu_hxtal_clock_monitor_enable), (16 bytes).
    Removing gd32f30x_rcu.o(i.rcu_interrupt_disable), (28 bytes).
    Removing gd32f30x_rcu.o(i.rcu_interrupt_enable), (28 bytes).
    Removing gd32f30x_rcu.o(i.rcu_interrupt_flag_clear), (28 bytes).
    Removing gd32f30x_rcu.o(i.rcu_interrupt_flag_get), (32 bytes).
    Removing gd32f30x_rcu.o(i.rcu_irc8m_adjust_value_set), (24 bytes).
    Removing gd32f30x_rcu.o(i.rcu_lxtal_drive_capability_config), (20 bytes).
    Removing gd32f30x_rcu.o(i.rcu_osci_bypass_mode_disable), (60 bytes).
    Removing gd32f30x_rcu.o(i.rcu_osci_bypass_mode_enable), (60 bytes).
    Removing gd32f30x_rcu.o(i.rcu_osci_off), (28 bytes).
    Removing gd32f30x_rcu.o(i.rcu_osci_on), (28 bytes).
    Removing gd32f30x_rcu.o(i.rcu_osci_stab_wait), (192 bytes).
    Removing gd32f30x_rcu.o(i.rcu_periph_clock_disable), (28 bytes).
    Removing gd32f30x_rcu.o(i.rcu_periph_clock_sleep_disable), (28 bytes).
    Removing gd32f30x_rcu.o(i.rcu_periph_clock_sleep_enable), (28 bytes).
    Removing gd32f30x_rcu.o(i.rcu_periph_reset_disable), (28 bytes).
    Removing gd32f30x_rcu.o(i.rcu_periph_reset_enable), (28 bytes).
    Removing gd32f30x_rcu.o(i.rcu_pll_config), (28 bytes).
    Removing gd32f30x_rcu.o(i.rcu_pllpresel_config), (20 bytes).
    Removing gd32f30x_rcu.o(i.rcu_predv0_config), (24 bytes).
    Removing gd32f30x_rcu.o(i.rcu_rtc_clock_config), (20 bytes).
    Removing gd32f30x_rcu.o(i.rcu_system_clock_source_config), (20 bytes).
    Removing gd32f30x_rcu.o(i.rcu_system_clock_source_get), (16 bytes).
    Removing gd32f30x_rcu.o(i.rcu_usb_clock_config), (20 bytes).
    Removing gd32f30x_rtc.o(.rev16_text), (4 bytes).
    Removing gd32f30x_rtc.o(.revsh_text), (4 bytes).
    Removing gd32f30x_rtc.o(i.rtc_alarm_config), (32 bytes).
    Removing gd32f30x_rtc.o(i.rtc_configuration_mode_enter), (16 bytes).
    Removing gd32f30x_rtc.o(i.rtc_configuration_mode_exit), (16 bytes).
    Removing gd32f30x_rtc.o(i.rtc_counter_get), (20 bytes).
    Removing gd32f30x_rtc.o(i.rtc_counter_set), (32 bytes).
    Removing gd32f30x_rtc.o(i.rtc_divider_get), (24 bytes).
    Removing gd32f30x_rtc.o(i.rtc_flag_clear), (16 bytes).
    Removing gd32f30x_rtc.o(i.rtc_flag_get), (20 bytes).
    Removing gd32f30x_rtc.o(i.rtc_interrupt_disable), (16 bytes).
    Removing gd32f30x_rtc.o(i.rtc_interrupt_enable), (16 bytes).
    Removing gd32f30x_rtc.o(i.rtc_lwoff_wait), (16 bytes).
    Removing gd32f30x_rtc.o(i.rtc_prescaler_set), (36 bytes).
    Removing gd32f30x_rtc.o(i.rtc_register_sync_wait), (24 bytes).
    Removing gd32f30x_sdio.o(.rev16_text), (4 bytes).
    Removing gd32f30x_sdio.o(.revsh_text), (4 bytes).
    Removing gd32f30x_sdio.o(i.sdio_bus_mode_set), (24 bytes).
    Removing gd32f30x_sdio.o(i.sdio_ceata_command_completion_disable), (16 bytes).
    Removing gd32f30x_sdio.o(i.sdio_ceata_command_completion_enable), (16 bytes).
    Removing gd32f30x_sdio.o(i.sdio_ceata_command_disable), (16 bytes).
    Removing gd32f30x_sdio.o(i.sdio_ceata_command_enable), (16 bytes).
    Removing gd32f30x_sdio.o(i.sdio_ceata_interrupt_disable), (16 bytes).
    Removing gd32f30x_sdio.o(i.sdio_ceata_interrupt_enable), (16 bytes).
    Removing gd32f30x_sdio.o(i.sdio_clock_config), (44 bytes).
    Removing gd32f30x_sdio.o(i.sdio_clock_disable), (16 bytes).
    Removing gd32f30x_sdio.o(i.sdio_clock_enable), (16 bytes).
    Removing gd32f30x_sdio.o(i.sdio_command_index_get), (12 bytes).
    Removing gd32f30x_sdio.o(i.sdio_command_response_config), (32 bytes).
    Removing gd32f30x_sdio.o(i.sdio_csm_disable), (16 bytes).
    Removing gd32f30x_sdio.o(i.sdio_csm_enable), (16 bytes).
    Removing gd32f30x_sdio.o(i.sdio_data_config), (44 bytes).
    Removing gd32f30x_sdio.o(i.sdio_data_counter_get), (12 bytes).
    Removing gd32f30x_sdio.o(i.sdio_data_read), (12 bytes).
    Removing gd32f30x_sdio.o(i.sdio_data_transfer_config), (20 bytes).
    Removing gd32f30x_sdio.o(i.sdio_data_write), (12 bytes).
    Removing gd32f30x_sdio.o(i.sdio_deinit), (28 bytes).
    Removing gd32f30x_sdio.o(i.sdio_dma_disable), (16 bytes).
    Removing gd32f30x_sdio.o(i.sdio_dma_enable), (16 bytes).
    Removing gd32f30x_sdio.o(i.sdio_dsm_disable), (16 bytes).
    Removing gd32f30x_sdio.o(i.sdio_dsm_enable), (16 bytes).
    Removing gd32f30x_sdio.o(i.sdio_fifo_counter_get), (12 bytes).
    Removing gd32f30x_sdio.o(i.sdio_flag_clear), (12 bytes).
    Removing gd32f30x_sdio.o(i.sdio_flag_get), (20 bytes).
    Removing gd32f30x_sdio.o(i.sdio_hardware_clock_disable), (16 bytes).
    Removing gd32f30x_sdio.o(i.sdio_hardware_clock_enable), (16 bytes).
    Removing gd32f30x_sdio.o(i.sdio_interrupt_disable), (16 bytes).
    Removing gd32f30x_sdio.o(i.sdio_interrupt_enable), (16 bytes).
    Removing gd32f30x_sdio.o(i.sdio_interrupt_flag_clear), (12 bytes).
    Removing gd32f30x_sdio.o(i.sdio_interrupt_flag_get), (20 bytes).
    Removing gd32f30x_sdio.o(i.sdio_operation_disable), (16 bytes).
    Removing gd32f30x_sdio.o(i.sdio_operation_enable), (16 bytes).
    Removing gd32f30x_sdio.o(i.sdio_power_state_get), (12 bytes).
    Removing gd32f30x_sdio.o(i.sdio_power_state_set), (12 bytes).
    Removing gd32f30x_sdio.o(i.sdio_readwait_disable), (16 bytes).
    Removing gd32f30x_sdio.o(i.sdio_readwait_enable), (16 bytes).
    Removing gd32f30x_sdio.o(i.sdio_readwait_type_set), (28 bytes).
    Removing gd32f30x_sdio.o(i.sdio_response_get), (44 bytes).
    Removing gd32f30x_sdio.o(i.sdio_stop_readwait_disable), (16 bytes).
    Removing gd32f30x_sdio.o(i.sdio_stop_readwait_enable), (16 bytes).
    Removing gd32f30x_sdio.o(i.sdio_suspend_disable), (16 bytes).
    Removing gd32f30x_sdio.o(i.sdio_suspend_enable), (16 bytes).
    Removing gd32f30x_sdio.o(i.sdio_wait_type_set), (24 bytes).
    Removing gd32f30x_spi.o(.rev16_text), (4 bytes).
    Removing gd32f30x_spi.o(.revsh_text), (4 bytes).
    Removing gd32f30x_spi.o(i.i2s_disable), (10 bytes).
    Removing gd32f30x_spi.o(i.i2s_enable), (10 bytes).
    Removing gd32f30x_spi.o(i.i2s_init), (24 bytes).
    Removing gd32f30x_spi.o(i.i2s_psc_config), (106 bytes).
    Removing gd32f30x_spi.o(i.qspi_disable), (12 bytes).
    Removing gd32f30x_spi.o(i.qspi_enable), (12 bytes).
    Removing gd32f30x_spi.o(i.qspi_io23_output_disable), (12 bytes).
    Removing gd32f30x_spi.o(i.qspi_io23_output_enable), (12 bytes).
    Removing gd32f30x_spi.o(i.qspi_read_enable), (12 bytes).
    Removing gd32f30x_spi.o(i.qspi_write_enable), (12 bytes).
    Removing gd32f30x_spi.o(i.spi_bidirectional_transfer_config), (22 bytes).
    Removing gd32f30x_spi.o(i.spi_crc_error_clear), (10 bytes).
    Removing gd32f30x_spi.o(i.spi_crc_get), (12 bytes).
    Removing gd32f30x_spi.o(i.spi_crc_next), (10 bytes).
    Removing gd32f30x_spi.o(i.spi_crc_off), (10 bytes).
    Removing gd32f30x_spi.o(i.spi_crc_on), (10 bytes).
    Removing gd32f30x_spi.o(i.spi_crc_polynomial_get), (6 bytes).
    Removing gd32f30x_spi.o(i.spi_crc_polynomial_set), (12 bytes).
    Removing gd32f30x_spi.o(i.spi_disable), (10 bytes).
    Removing gd32f30x_spi.o(i.spi_dma_disable), (20 bytes).
    Removing gd32f30x_spi.o(i.spi_dma_enable), (20 bytes).
    Removing gd32f30x_spi.o(i.spi_enable), (10 bytes).
    Removing gd32f30x_spi.o(i.spi_i2s_data_frame_format_config), (16 bytes).
    Removing gd32f30x_spi.o(i.spi_i2s_data_receive), (6 bytes).
    Removing gd32f30x_spi.o(i.spi_i2s_data_transmit), (4 bytes).
    Removing gd32f30x_spi.o(i.spi_i2s_deinit), (60 bytes).
    Removing gd32f30x_spi.o(i.spi_i2s_flag_get), (10 bytes).
    Removing gd32f30x_spi.o(i.spi_i2s_interrupt_disable), (36 bytes).
    Removing gd32f30x_spi.o(i.spi_i2s_interrupt_enable), (36 bytes).
    Removing gd32f30x_spi.o(i.spi_i2s_interrupt_flag_get), (84 bytes).
    Removing gd32f30x_spi.o(i.spi_init), (46 bytes).
    Removing gd32f30x_spi.o(i.spi_nss_internal_high), (10 bytes).
    Removing gd32f30x_spi.o(i.spi_nss_internal_low), (10 bytes).
    Removing gd32f30x_spi.o(i.spi_nss_output_disable), (10 bytes).
    Removing gd32f30x_spi.o(i.spi_nss_output_enable), (10 bytes).
    Removing gd32f30x_spi.o(i.spi_nssp_mode_disable), (10 bytes).
    Removing gd32f30x_spi.o(i.spi_nssp_mode_enable), (10 bytes).
    Removing gd32f30x_spi.o(i.spi_struct_para_init), (18 bytes).
    Removing gd32f30x_spi.o(i.spi_ti_mode_disable), (10 bytes).
    Removing gd32f30x_spi.o(i.spi_ti_mode_enable), (10 bytes).
    Removing gd32f30x_timer.o(.rev16_text), (4 bytes).
    Removing gd32f30x_timer.o(.revsh_text), (4 bytes).
    Removing gd32f30x_timer.o(i.timer_auto_reload_shadow_disable), (10 bytes).
    Removing gd32f30x_timer.o(i.timer_auto_reload_shadow_enable), (10 bytes).
    Removing gd32f30x_timer.o(i.timer_automatic_output_disable), (10 bytes).
    Removing gd32f30x_timer.o(i.timer_automatic_output_enable), (10 bytes).
    Removing gd32f30x_timer.o(i.timer_autoreload_value_config), (4 bytes).
    Removing gd32f30x_timer.o(i.timer_break_config), (32 bytes).
    Removing gd32f30x_timer.o(i.timer_break_disable), (10 bytes).
    Removing gd32f30x_timer.o(i.timer_break_enable), (10 bytes).
    Removing gd32f30x_timer.o(i.timer_break_struct_para_init), (18 bytes).
    Removing gd32f30x_timer.o(i.timer_channel_capture_value_register_read), (34 bytes).
    Removing gd32f30x_timer.o(i.timer_channel_complementary_output_polarity_config), (58 bytes).
    Removing gd32f30x_timer.o(i.timer_channel_complementary_output_state_config), (58 bytes).
    Removing gd32f30x_timer.o(i.timer_channel_control_shadow_config), (20 bytes).
    Removing gd32f30x_timer.o(i.timer_channel_control_shadow_update_config), (24 bytes).
    Removing gd32f30x_timer.o(i.timer_channel_dma_request_source_select), (24 bytes).
    Removing gd32f30x_timer.o(i.timer_channel_input_capture_prescaler_config), (78 bytes).
    Removing gd32f30x_timer.o(i.timer_channel_input_struct_para_init), (14 bytes).
    Removing gd32f30x_timer.o(i.timer_channel_output_clear_config), (78 bytes).
    Removing gd32f30x_timer.o(i.timer_channel_output_config), (468 bytes).
    Removing gd32f30x_timer.o(i.timer_channel_output_fast_config), (78 bytes).
    Removing gd32f30x_timer.o(i.timer_channel_output_mode_config), (78 bytes).
    Removing gd32f30x_timer.o(i.timer_channel_output_polarity_config), (78 bytes).
    Removing gd32f30x_timer.o(i.timer_channel_output_pulse_value_config), (30 bytes).
    Removing gd32f30x_timer.o(i.timer_channel_output_shadow_config), (78 bytes).
    Removing gd32f30x_timer.o(i.timer_channel_output_state_config), (78 bytes).
    Removing gd32f30x_timer.o(i.timer_channel_output_struct_para_init), (16 bytes).
    Removing gd32f30x_timer.o(i.timer_counter_alignment), (16 bytes).
    Removing gd32f30x_timer.o(i.timer_counter_down_direction), (10 bytes).
    Removing gd32f30x_timer.o(i.timer_counter_read), (4 bytes).
    Removing gd32f30x_timer.o(i.timer_counter_up_direction), (10 bytes).
    Removing gd32f30x_timer.o(i.timer_counter_value_config), (4 bytes).
    Removing gd32f30x_timer.o(i.timer_deinit), (120 bytes).
    Removing gd32f30x_timer.o(i.timer_disable), (10 bytes).
    Removing gd32f30x_timer.o(i.timer_dma_disable), (8 bytes).
    Removing gd32f30x_timer.o(i.timer_dma_enable), (8 bytes).
    Removing gd32f30x_timer.o(i.timer_dma_transfer_config), (22 bytes).
    Removing gd32f30x_timer.o(i.timer_enable), (10 bytes).
    Removing gd32f30x_timer.o(i.timer_event_software_generate), (8 bytes).
    Removing gd32f30x_timer.o(i.timer_external_clock_mode0_config), (26 bytes).
    Removing gd32f30x_timer.o(i.timer_external_clock_mode1_config), (18 bytes).
    Removing gd32f30x_timer.o(i.timer_external_clock_mode1_disable), (10 bytes).
    Removing gd32f30x_timer.o(i.timer_external_trigger_as_external_clock_config), (156 bytes).
    Removing gd32f30x_timer.o(i.timer_external_trigger_config), (28 bytes).
    Removing gd32f30x_timer.o(i.timer_flag_clear), (6 bytes).
    Removing gd32f30x_timer.o(i.timer_flag_get), (10 bytes).
    Removing gd32f30x_timer.o(i.timer_hall_mode_config), (24 bytes).
    Removing gd32f30x_timer.o(i.timer_init), (148 bytes).
    Removing gd32f30x_timer.o(i.timer_input_capture_config), (300 bytes).
    Removing gd32f30x_timer.o(i.timer_input_pwm_capture_config), (334 bytes).
    Removing gd32f30x_timer.o(i.timer_input_trigger_source_select), (16 bytes).
    Removing gd32f30x_timer.o(i.timer_internal_clock_config), (10 bytes).
    Removing gd32f30x_timer.o(i.timer_internal_trigger_as_external_clock_config), (26 bytes).
    Removing gd32f30x_timer.o(i.timer_interrupt_disable), (8 bytes).
    Removing gd32f30x_timer.o(i.timer_interrupt_enable), (8 bytes).
    Removing gd32f30x_timer.o(i.timer_interrupt_flag_clear), (6 bytes).
    Removing gd32f30x_timer.o(i.timer_interrupt_flag_get), (20 bytes).
    Removing gd32f30x_timer.o(i.timer_master_output_trigger_source_select), (16 bytes).
    Removing gd32f30x_timer.o(i.timer_master_slave_mode_config), (24 bytes).
    Removing gd32f30x_timer.o(i.timer_output_value_selection_config), (30 bytes).
    Removing gd32f30x_timer.o(i.timer_prescaler_config), (16 bytes).
    Removing gd32f30x_timer.o(i.timer_prescaler_read), (6 bytes).
    Removing gd32f30x_timer.o(i.timer_primary_output_config), (20 bytes).
    Removing gd32f30x_timer.o(i.timer_quadrature_decoder_mode_config), (64 bytes).
    Removing gd32f30x_timer.o(i.timer_repetition_value_config), (4 bytes).
    Removing gd32f30x_timer.o(i.timer_single_pulse_mode_config), (24 bytes).
    Removing gd32f30x_timer.o(i.timer_slave_mode_select), (16 bytes).
    Removing gd32f30x_timer.o(i.timer_struct_para_init), (20 bytes).
    Removing gd32f30x_timer.o(i.timer_update_event_disable), (10 bytes).
    Removing gd32f30x_timer.o(i.timer_update_event_enable), (10 bytes).
    Removing gd32f30x_timer.o(i.timer_update_source_config), (24 bytes).
    Removing gd32f30x_timer.o(i.timer_write_chxval_register_config), (30 bytes).
    Removing gd32f30x_usart.o(.rev16_text), (4 bytes).
    Removing gd32f30x_usart.o(.revsh_text), (4 bytes).
    Removing gd32f30x_usart.o(i.usart_address_config), (20 bytes).
    Removing gd32f30x_usart.o(i.usart_baudrate_set), (84 bytes).
    Removing gd32f30x_usart.o(i.usart_block_length_config), (20 bytes).
    Removing gd32f30x_usart.o(i.usart_data_first_config), (18 bytes).
    Removing gd32f30x_usart.o(i.usart_deinit), (88 bytes).
    Removing gd32f30x_usart.o(i.usart_disable), (10 bytes).
    Removing gd32f30x_usart.o(i.usart_dma_receive_config), (12 bytes).
    Removing gd32f30x_usart.o(i.usart_dma_transmit_config), (12 bytes).
    Removing gd32f30x_usart.o(i.usart_enable), (10 bytes).
    Removing gd32f30x_usart.o(i.usart_flag_clear), (20 bytes).
    Removing gd32f30x_usart.o(i.usart_guard_time_config), (24 bytes).
    Removing gd32f30x_usart.o(i.usart_halfduplex_disable), (10 bytes).
    Removing gd32f30x_usart.o(i.usart_halfduplex_enable), (10 bytes).
    Removing gd32f30x_usart.o(i.usart_hardware_flow_cts_config), (12 bytes).
    Removing gd32f30x_usart.o(i.usart_hardware_flow_rts_config), (12 bytes).
    Removing gd32f30x_usart.o(i.usart_interrupt_disable), (20 bytes).
    Removing gd32f30x_usart.o(i.usart_interrupt_enable), (20 bytes).
    Removing gd32f30x_usart.o(i.usart_interrupt_flag_clear), (20 bytes).
    Removing gd32f30x_usart.o(i.usart_invert_config), (76 bytes).
    Removing gd32f30x_usart.o(i.usart_irda_lowpower_config), (20 bytes).
    Removing gd32f30x_usart.o(i.usart_irda_mode_disable), (10 bytes).
    Removing gd32f30x_usart.o(i.usart_irda_mode_enable), (10 bytes).
    Removing gd32f30x_usart.o(i.usart_lin_break_detection_length_config), (20 bytes).
    Removing gd32f30x_usart.o(i.usart_lin_mode_disable), (10 bytes).
    Removing gd32f30x_usart.o(i.usart_lin_mode_enable), (10 bytes).
    Removing gd32f30x_usart.o(i.usart_mute_mode_disable), (10 bytes).
    Removing gd32f30x_usart.o(i.usart_mute_mode_enable), (10 bytes).
    Removing gd32f30x_usart.o(i.usart_mute_mode_wakeup_config), (16 bytes).
    Removing gd32f30x_usart.o(i.usart_parity_config), (16 bytes).
    Removing gd32f30x_usart.o(i.usart_prescaler_config), (16 bytes).
    Removing gd32f30x_usart.o(i.usart_receive_config), (12 bytes).
    Removing gd32f30x_usart.o(i.usart_receiver_timeout_disable), (12 bytes).
    Removing gd32f30x_usart.o(i.usart_receiver_timeout_enable), (12 bytes).
    Removing gd32f30x_usart.o(i.usart_receiver_timeout_threshold_config), (18 bytes).
    Removing gd32f30x_usart.o(i.usart_send_break), (10 bytes).
    Removing gd32f30x_usart.o(i.usart_smartcard_autoretry_config), (24 bytes).
    Removing gd32f30x_usart.o(i.usart_smartcard_mode_disable), (10 bytes).
    Removing gd32f30x_usart.o(i.usart_smartcard_mode_enable), (10 bytes).
    Removing gd32f30x_usart.o(i.usart_smartcard_mode_nack_disable), (10 bytes).
    Removing gd32f30x_usart.o(i.usart_smartcard_mode_nack_enable), (10 bytes).
    Removing gd32f30x_usart.o(i.usart_stop_bit_set), (16 bytes).
    Removing gd32f30x_usart.o(i.usart_synchronous_clock_config), (30 bytes).
    Removing gd32f30x_usart.o(i.usart_synchronous_clock_disable), (10 bytes).
    Removing gd32f30x_usart.o(i.usart_synchronous_clock_enable), (10 bytes).
    Removing gd32f30x_usart.o(i.usart_transmit_config), (12 bytes).
    Removing gd32f30x_usart.o(i.usart_word_length_set), (16 bytes).
    Removing gd32f30x_wwdgt.o(.rev16_text), (4 bytes).
    Removing gd32f30x_wwdgt.o(.revsh_text), (4 bytes).
    Removing gd32f30x_wwdgt.o(i.wwdgt_config), (44 bytes).
    Removing gd32f30x_wwdgt.o(i.wwdgt_counter_update), (24 bytes).
    Removing gd32f30x_wwdgt.o(i.wwdgt_deinit), (22 bytes).
    Removing gd32f30x_wwdgt.o(i.wwdgt_enable), (16 bytes).
    Removing gd32f30x_wwdgt.o(i.wwdgt_flag_clear), (16 bytes).
    Removing gd32f30x_wwdgt.o(i.wwdgt_flag_get), (16 bytes).
    Removing gd32f30x_wwdgt.o(i.wwdgt_interrupt_enable), (16 bytes).
    Removing usbd_lld_core.o(.rev16_text), (4 bytes).
    Removing usbd_lld_core.o(.revsh_text), (4 bytes).
    Removing usbd_lld_core.o(i.lowpower_mode_exit), (144 bytes).
    Removing usbd_lld_core.o(i.usbd_address_set), (16 bytes).
    Removing usbd_lld_core.o(i.usbd_core_reset), (36 bytes).
    Removing usbd_lld_core.o(i.usbd_core_stop), (24 bytes).
    Removing usbd_lld_core.o(i.usbd_dp_pullup), (2 bytes).
    Removing usbd_lld_core.o(i.usbd_ep_data_read), (96 bytes).
    Removing usbd_lld_core.o(i.usbd_ep_data_write), (80 bytes).
    Removing usbd_lld_core.o(i.usbd_ep_disable), (88 bytes).
    Removing usbd_lld_core.o(i.usbd_ep_reset), (100 bytes).
    Removing usbd_lld_core.o(i.usbd_ep_rx_enable), (32 bytes).
    Removing usbd_lld_core.o(i.usbd_ep_setup), (320 bytes).
    Removing usbd_lld_core.o(i.usbd_ep_stall_clear), (144 bytes).
    Removing usbd_lld_core.o(i.usbd_ep_stall_set), (112 bytes).
    Removing usbd_lld_core.o(i.usbd_ep_status), (32 bytes).
    Removing usbd_lld_core.o(i.usbd_ep_status_get), (6 bytes).
    Removing usbd_lld_core.o(i.usbd_leave_suspend), (32 bytes).
    Removing usbd_lld_core.o(i.usbd_resume), (32 bytes).
    Removing usbd_lld_core.o(i.usbd_suspend), (16 bytes).
    Removing usbd_lld_core.o(i.user_buffer_free), (52 bytes).
    Removing usbd_lld_core.o(.constdata), (16 bytes).
    Removing usbd_lld_core.o(.data), (64 bytes).
    Removing usbd_lld_int.o(.rev16_text), (4 bytes).
    Removing usbd_lld_int.o(.revsh_text), (4 bytes).
    Removing usbd_lld_int.o(i.usbd_int_hpst), (228 bytes).
    Removing usbd_core.o(.rev16_text), (4 bytes).
    Removing usbd_core.o(.revsh_text), (4 bytes).
    Removing usbd_core.o(i.usbd_ep_recev), (30 bytes).
    Removing usbd_core.o(i.usbd_init), (96 bytes).
    Removing usbd_enum.o(.rev16_text), (4 bytes).
    Removing usbd_enum.o(.revsh_text), (4 bytes).
    Removing usbd_enum.o(i._usb_config_desc_get), (14 bytes).
    Removing usbd_enum.o(i._usb_dev_desc_get), (14 bytes).
    Removing usbd_enum.o(i._usb_std_clearfeature), (110 bytes).
    Removing usbd_enum.o(i._usb_std_getconfiguration), (42 bytes).
    Removing usbd_enum.o(i._usb_std_getdescriptor), (192 bytes).
    Removing usbd_enum.o(i._usb_std_getinterface), (44 bytes).
    Removing usbd_enum.o(i._usb_std_getstatus), (140 bytes).
    Removing usbd_enum.o(i._usb_std_reserved), (4 bytes).
    Removing usbd_enum.o(i._usb_std_setaddress), (40 bytes).
    Removing usbd_enum.o(i._usb_std_setconfiguration), (108 bytes).
    Removing usbd_enum.o(i._usb_std_setdescriptor), (4 bytes).
    Removing usbd_enum.o(i._usb_std_setfeature), (108 bytes).
    Removing usbd_enum.o(i._usb_std_setinterface), (44 bytes).
    Removing usbd_enum.o(i._usb_std_synchframe), (4 bytes).
    Removing usbd_enum.o(i._usb_str_desc_get), (14 bytes).
    Removing usbd_enum.o(i.int_to_unicode), (54 bytes).
    Removing usbd_enum.o(i.serial_string_get), (76 bytes).
    Removing usbd_enum.o(i.usbd_class_request), (24 bytes).
    Removing usbd_enum.o(i.usbd_ep_status_get), (6 bytes).
    Removing usbd_enum.o(i.usbd_standard_request), (16 bytes).
    Removing usbd_enum.o(i.usbd_vendor_request), (4 bytes).
    Removing usbd_enum.o(.data), (68 bytes).
    Removing usbd_pwr.o(.rev16_text), (4 bytes).
    Removing usbd_pwr.o(.revsh_text), (4 bytes).
    Removing usbd_pwr.o(i.usbd_remote_wakeup_active), (36 bytes).
    Removing usbd_transc.o(.rev16_text), (4 bytes).
    Removing usbd_transc.o(.revsh_text), (4 bytes).
    Removing usbd_transc.o(i._usb_in0_transc), (88 bytes).
    Removing usbd_transc.o(i._usb_out0_transc), (62 bytes).
    Removing usbd_transc.o(i._usb_setup_transc), (140 bytes).
    Removing usbd_transc.o(i.usb_ctl_status_in), (24 bytes).
    Removing usbd_transc.o(i.usb_stall_transc), (8 bytes).
    Removing standard_hid_core.o(.rev16_text), (4 bytes).
    Removing standard_hid_core.o(.revsh_text), (4 bytes).
    Removing standard_hid_core.o(i.hid_data_in_handler), (26 bytes).
    Removing standard_hid_core.o(i.hid_deinit), (14 bytes).
    Removing standard_hid_core.o(i.hid_init), (64 bytes).
    Removing standard_hid_core.o(i.hid_itfop_register), (12 bytes).
    Removing standard_hid_core.o(i.hid_report_send), (22 bytes).
    Removing standard_hid_core.o(i.hid_req_handler), (136 bytes).
    Removing standard_hid_core.o(.bss), (24 bytes).
    Removing standard_hid_core.o(.constdata), (176 bytes).
    Removing standard_hid_core.o(.data), (18 bytes).
    Removing standard_hid_core.o(.data), (76 bytes).
    Removing standard_hid_core.o(.data), (4 bytes).
    Removing standard_hid_core.o(.data), (130 bytes).
    Removing standard_hid_core.o(.data), (130 bytes).
    Removing standard_hid_core.o(.data), (130 bytes).
    Removing standard_hid_core.o(.data), (16 bytes).
    Removing standard_hid_core.o(.data), (16 bytes).

773 unused section(s) (total 27464 bytes) removed from the image.

==============================================================================

Image Symbol Table

    Local Symbols

    Symbol Name                              Value     Ov Type        Size  Object(Section)

    ../clib/microlib/init/entry.s            0x00000000   Number         0  entry8b.o ABSOLUTE
    ../clib/microlib/init/entry.s            0x00000000   Number         0  entry10b.o ABSOLUTE
    ../clib/microlib/init/entry.s            0x00000000   Number         0  entry11b.o ABSOLUTE
    ../clib/microlib/init/entry.s            0x00000000   Number         0  entry10a.o ABSOLUTE
    ../clib/microlib/init/entry.s            0x00000000   Number         0  entry.o ABSOLUTE
    ../clib/microlib/init/entry.s            0x00000000   Number         0  entry9b.o ABSOLUTE
    ../clib/microlib/init/entry.s            0x00000000   Number         0  entry12a.o ABSOLUTE
    ../clib/microlib/init/entry.s            0x00000000   Number         0  entry7a.o ABSOLUTE
    ../clib/microlib/init/entry.s            0x00000000   Number         0  entry11a.o ABSOLUTE
    ../clib/microlib/init/entry.s            0x00000000   Number         0  entry9a.o ABSOLUTE
    ../clib/microlib/init/entry.s            0x00000000   Number         0  entry8a.o ABSOLUTE
    ../clib/microlib/init/entry.s            0x00000000   Number         0  entry12b.o ABSOLUTE
    ../clib/microlib/init/entry.s            0x00000000   Number         0  entry7b.o ABSOLUTE
    ../clib/microlib/init/entry.s            0x00000000   Number         0  entry5.o ABSOLUTE
    ../clib/microlib/init/entry.s            0x00000000   Number         0  entry2.o ABSOLUTE
    ../clib/microlib/string/memset.c         0x00000000   Number         0  memseta.o ABSOLUTE
    ..\Code\Drivers\key.c                    0x00000000   Number         0  key.o ABSOLUTE
    ..\Code\Drivers\led.c                    0x00000000   Number         0  led.o ABSOLUTE
    ..\Code\Drivers\myiic.c                  0x00000000   Number         0  myiic.o ABSOLUTE
    ..\Code\Drivers\usart.c                  0x00000000   Number         0  usart.o ABSOLUTE
    ..\Code\GD32Api\CMSIS\GD\GD32F30x\Source\ARM\startup_gd32f30x_hd.s 0x00000000   Number         0  startup_gd32f30x_hd.o ABSOLUTE
    ..\Code\GD32Api\CMSIS\GD\GD32F30x\Source\system_gd32f30x.c 0x00000000   Number         0  system_gd32f30x.o ABSOLUTE
    ..\Code\GD32Api\F30x_stdperiph\Source\gd32f30x_adc.c 0x00000000   Number         0  gd32f30x_adc.o ABSOLUTE
    ..\Code\GD32Api\F30x_stdperiph\Source\gd32f30x_bkp.c 0x00000000   Number         0  gd32f30x_bkp.o ABSOLUTE
    ..\Code\GD32Api\F30x_stdperiph\Source\gd32f30x_can.c 0x00000000   Number         0  gd32f30x_can.o ABSOLUTE
    ..\Code\GD32Api\F30x_stdperiph\Source\gd32f30x_crc.c 0x00000000   Number         0  gd32f30x_crc.o ABSOLUTE
    ..\Code\GD32Api\F30x_stdperiph\Source\gd32f30x_ctc.c 0x00000000   Number         0  gd32f30x_ctc.o ABSOLUTE
    ..\Code\GD32Api\F30x_stdperiph\Source\gd32f30x_dac.c 0x00000000   Number         0  gd32f30x_dac.o ABSOLUTE
    ..\Code\GD32Api\F30x_stdperiph\Source\gd32f30x_dbg.c 0x00000000   Number         0  gd32f30x_dbg.o ABSOLUTE
    ..\Code\GD32Api\F30x_stdperiph\Source\gd32f30x_dma.c 0x00000000   Number         0  gd32f30x_dma.o ABSOLUTE
    ..\Code\GD32Api\F30x_stdperiph\Source\gd32f30x_enet.c 0x00000000   Number         0  gd32f30x_enet.o ABSOLUTE
    ..\Code\GD32Api\F30x_stdperiph\Source\gd32f30x_exmc.c 0x00000000   Number         0  gd32f30x_exmc.o ABSOLUTE
    ..\Code\GD32Api\F30x_stdperiph\Source\gd32f30x_exti.c 0x00000000   Number         0  gd32f30x_exti.o ABSOLUTE
    ..\Code\GD32Api\F30x_stdperiph\Source\gd32f30x_fmc.c 0x00000000   Number         0  gd32f30x_fmc.o ABSOLUTE
    ..\Code\GD32Api\F30x_stdperiph\Source\gd32f30x_fwdgt.c 0x00000000   Number         0  gd32f30x_fwdgt.o ABSOLUTE
    ..\Code\GD32Api\F30x_stdperiph\Source\gd32f30x_gpio.c 0x00000000   Number         0  gd32f30x_gpio.o ABSOLUTE
    ..\Code\GD32Api\F30x_stdperiph\Source\gd32f30x_i2c.c 0x00000000   Number         0  gd32f30x_i2c.o ABSOLUTE
    ..\Code\GD32Api\F30x_stdperiph\Source\gd32f30x_misc.c 0x00000000   Number         0  gd32f30x_misc.o ABSOLUTE
    ..\Code\GD32Api\F30x_stdperiph\Source\gd32f30x_pmu.c 0x00000000   Number         0  gd32f30x_pmu.o ABSOLUTE
    ..\Code\GD32Api\F30x_stdperiph\Source\gd32f30x_rcu.c 0x00000000   Number         0  gd32f30x_rcu.o ABSOLUTE
    ..\Code\GD32Api\F30x_stdperiph\Source\gd32f30x_rtc.c 0x00000000   Number         0  gd32f30x_rtc.o ABSOLUTE
    ..\Code\GD32Api\F30x_stdperiph\Source\gd32f30x_sdio.c 0x00000000   Number         0  gd32f30x_sdio.o ABSOLUTE
    ..\Code\GD32Api\F30x_stdperiph\Source\gd32f30x_spi.c 0x00000000   Number         0  gd32f30x_spi.o ABSOLUTE
    ..\Code\GD32Api\F30x_stdperiph\Source\gd32f30x_timer.c 0x00000000   Number         0  gd32f30x_timer.o ABSOLUTE
    ..\Code\GD32Api\F30x_stdperiph\Source\gd32f30x_usart.c 0x00000000   Number         0  gd32f30x_usart.o ABSOLUTE
    ..\Code\GD32Api\F30x_stdperiph\Source\gd32f30x_wwdgt.c 0x00000000   Number         0  gd32f30x_wwdgt.o ABSOLUTE
    ..\Code\Mains\gd32f30x_it.c              0x00000000   Number         0  gd32f30x_it.o ABSOLUTE
    ..\Code\Mains\gd32f30x_usbd_hw.c         0x00000000   Number         0  gd32f30x_usbd_hw.o ABSOLUTE
    ..\Code\Mains\hid_keyboard_itf.c         0x00000000   Number         0  hid_keyboard_itf.o ABSOLUTE
    ..\Code\Mains\main.c                     0x00000000   Number         0  main.o ABSOLUTE
    ..\Code\Mains\systick.c                  0x00000000   Number         0  systick.o ABSOLUTE
    ..\Code\USBD_Class\standard_hid_core.c   0x00000000   Number         0  standard_hid_core.o ABSOLUTE
    ..\Code\USBD_Device\usbd_core.c          0x00000000   Number         0  usbd_core.o ABSOLUTE
    ..\Code\USBD_Device\usbd_enum.c          0x00000000   Number         0  usbd_enum.o ABSOLUTE
    ..\Code\USBD_Device\usbd_pwr.c           0x00000000   Number         0  usbd_pwr.o ABSOLUTE
    ..\Code\USBD_Device\usbd_transc.c        0x00000000   Number         0  usbd_transc.o ABSOLUTE
    ..\Code\USBD_Drivers\usbd_lld_core.c     0x00000000   Number         0  usbd_lld_core.o ABSOLUTE
    ..\Code\USBD_Drivers\usbd_lld_int.c      0x00000000   Number         0  usbd_lld_int.o ABSOLUTE
    ..\\Code\\Drivers\\key.c                 0x00000000   Number         0  key.o ABSOLUTE
    ..\\Code\\Drivers\\led.c                 0x00000000   Number         0  led.o ABSOLUTE
    ..\\Code\\Drivers\\myiic.c               0x00000000   Number         0  myiic.o ABSOLUTE
    ..\\Code\\Drivers\\usart.c               0x00000000   Number         0  usart.o ABSOLUTE
    ..\\Code\\GD32Api\\CMSIS\\GD\\GD32F30x\\Source\\system_gd32f30x.c 0x00000000   Number         0  system_gd32f30x.o ABSOLUTE
    ..\\Code\\GD32Api\\F30x_stdperiph\\Source\\gd32f30x_adc.c 0x00000000   Number         0  gd32f30x_adc.o ABSOLUTE
    ..\\Code\\GD32Api\\F30x_stdperiph\\Source\\gd32f30x_bkp.c 0x00000000   Number         0  gd32f30x_bkp.o ABSOLUTE
    ..\\Code\\GD32Api\\F30x_stdperiph\\Source\\gd32f30x_can.c 0x00000000   Number         0  gd32f30x_can.o ABSOLUTE
    ..\\Code\\GD32Api\\F30x_stdperiph\\Source\\gd32f30x_crc.c 0x00000000   Number         0  gd32f30x_crc.o ABSOLUTE
    ..\\Code\\GD32Api\\F30x_stdperiph\\Source\\gd32f30x_ctc.c 0x00000000   Number         0  gd32f30x_ctc.o ABSOLUTE
    ..\\Code\\GD32Api\\F30x_stdperiph\\Source\\gd32f30x_dac.c 0x00000000   Number         0  gd32f30x_dac.o ABSOLUTE
    ..\\Code\\GD32Api\\F30x_stdperiph\\Source\\gd32f30x_dbg.c 0x00000000   Number         0  gd32f30x_dbg.o ABSOLUTE
    ..\\Code\\GD32Api\\F30x_stdperiph\\Source\\gd32f30x_dma.c 0x00000000   Number         0  gd32f30x_dma.o ABSOLUTE
    ..\\Code\\GD32Api\\F30x_stdperiph\\Source\\gd32f30x_enet.c 0x00000000   Number         0  gd32f30x_enet.o ABSOLUTE
    ..\\Code\\GD32Api\\F30x_stdperiph\\Source\\gd32f30x_exmc.c 0x00000000   Number         0  gd32f30x_exmc.o ABSOLUTE
    ..\\Code\\GD32Api\\F30x_stdperiph\\Source\\gd32f30x_exti.c 0x00000000   Number         0  gd32f30x_exti.o ABSOLUTE
    ..\\Code\\GD32Api\\F30x_stdperiph\\Source\\gd32f30x_fmc.c 0x00000000   Number         0  gd32f30x_fmc.o ABSOLUTE
    ..\\Code\\GD32Api\\F30x_stdperiph\\Source\\gd32f30x_fwdgt.c 0x00000000   Number         0  gd32f30x_fwdgt.o ABSOLUTE
    ..\\Code\\GD32Api\\F30x_stdperiph\\Source\\gd32f30x_gpio.c 0x00000000   Number         0  gd32f30x_gpio.o ABSOLUTE
    ..\\Code\\GD32Api\\F30x_stdperiph\\Source\\gd32f30x_i2c.c 0x00000000   Number         0  gd32f30x_i2c.o ABSOLUTE
    ..\\Code\\GD32Api\\F30x_stdperiph\\Source\\gd32f30x_misc.c 0x00000000   Number         0  gd32f30x_misc.o ABSOLUTE
    ..\\Code\\GD32Api\\F30x_stdperiph\\Source\\gd32f30x_pmu.c 0x00000000   Number         0  gd32f30x_pmu.o ABSOLUTE
    ..\\Code\\GD32Api\\F30x_stdperiph\\Source\\gd32f30x_rcu.c 0x00000000   Number         0  gd32f30x_rcu.o ABSOLUTE
    ..\\Code\\GD32Api\\F30x_stdperiph\\Source\\gd32f30x_rtc.c 0x00000000   Number         0  gd32f30x_rtc.o ABSOLUTE
    ..\\Code\\GD32Api\\F30x_stdperiph\\Source\\gd32f30x_sdio.c 0x00000000   Number         0  gd32f30x_sdio.o ABSOLUTE
    ..\\Code\\GD32Api\\F30x_stdperiph\\Source\\gd32f30x_spi.c 0x00000000   Number         0  gd32f30x_spi.o ABSOLUTE
    ..\\Code\\GD32Api\\F30x_stdperiph\\Source\\gd32f30x_timer.c 0x00000000   Number         0  gd32f30x_timer.o ABSOLUTE
    ..\\Code\\GD32Api\\F30x_stdperiph\\Source\\gd32f30x_usart.c 0x00000000   Number         0  gd32f30x_usart.o ABSOLUTE
    ..\\Code\\GD32Api\\F30x_stdperiph\\Source\\gd32f30x_wwdgt.c 0x00000000   Number         0  gd32f30x_wwdgt.o ABSOLUTE
    ..\\Code\\Mains\\gd32f30x_it.c           0x00000000   Number         0  gd32f30x_it.o ABSOLUTE
    ..\\Code\\Mains\\gd32f30x_usbd_hw.c      0x00000000   Number         0  gd32f30x_usbd_hw.o ABSOLUTE
    ..\\Code\\Mains\\hid_keyboard_itf.c      0x00000000   Number         0  hid_keyboard_itf.o ABSOLUTE
    ..\\Code\\Mains\\main.c                  0x00000000   Number         0  main.o ABSOLUTE
    ..\\Code\\Mains\\systick.c               0x00000000   Number         0  systick.o ABSOLUTE
    ..\\Code\\USBD_Class\\standard_hid_core.c 0x00000000   Number         0  standard_hid_core.o ABSOLUTE
    ..\\Code\\USBD_Device\\usbd_core.c       0x00000000   Number         0  usbd_core.o ABSOLUTE
    ..\\Code\\USBD_Device\\usbd_enum.c       0x00000000   Number         0  usbd_enum.o ABSOLUTE
    ..\\Code\\USBD_Device\\usbd_pwr.c        0x00000000   Number         0  usbd_pwr.o ABSOLUTE
    ..\\Code\\USBD_Device\\usbd_transc.c     0x00000000   Number         0  usbd_transc.o ABSOLUTE
    ..\\Code\\USBD_Drivers\\usbd_lld_core.c  0x00000000   Number         0  usbd_lld_core.o ABSOLUTE
    ..\\Code\\USBD_Drivers\\usbd_lld_int.c   0x00000000   Number         0  usbd_lld_int.o ABSOLUTE
    dc.s                                     0x00000000   Number         0  dc.o ABSOLUTE
    handlers.s                               0x00000000   Number         0  handlers.o ABSOLUTE
    init.s                                   0x00000000   Number         0  init.o ABSOLUTE
    RESET                                    0x08000000   Section      304  startup_gd32f30x_hd.o(RESET)
    .ARM.Collect$$$$00000000                 0x08000130   Section        0  entry.o(.ARM.Collect$$$$00000000)
    .ARM.Collect$$$$00000001                 0x08000130   Section        4  entry2.o(.ARM.Collect$$$$00000001)
    .ARM.Collect$$$$00000004                 0x08000134   Section        4  entry5.o(.ARM.Collect$$$$00000004)
    .ARM.Collect$$$$00000008                 0x08000138   Section        0  entry7b.o(.ARM.Collect$$$$00000008)
    .ARM.Collect$$$$0000000A                 0x08000138   Section        0  entry8b.o(.ARM.Collect$$$$0000000A)
    .ARM.Collect$$$$0000000B                 0x08000138   Section        8  entry9a.o(.ARM.Collect$$$$0000000B)
    .ARM.Collect$$$$0000000E                 0x08000140   Section        4  entry12b.o(.ARM.Collect$$$$0000000E)
    .ARM.Collect$$$$0000000F                 0x08000144   Section        0  entry10a.o(.ARM.Collect$$$$0000000F)
    .ARM.Collect$$$$00000011                 0x08000144   Section        0  entry11a.o(.ARM.Collect$$$$00000011)
    .ARM.Collect$$$$00002712                 0x08000144   Section        4  entry2.o(.ARM.Collect$$$$00002712)
    __lit__00000000                          0x08000144   Data           4  entry2.o(.ARM.Collect$$$$00002712)
    .text                                    0x08000148   Section       36  startup_gd32f30x_hd.o(.text)
    $v0                                      0x08000148   Number         0  startup_gd32f30x_hd.o(.text)
    .text                                    0x0800016c   Section       36  init.o(.text)
    i.BusFault_Handler                       0x08000190   Section        0  gd32f30x_it.o(i.BusFault_Handler)
    i.DebugMon_Handler                       0x08000192   Section        0  gd32f30x_it.o(i.DebugMon_Handler)
    i.EXTI5_9_IRQHandler                     0x08000194   Section        0  main.o(i.EXTI5_9_IRQHandler)
    i.HardFault_Handler                      0x080001cc   Section        0  gd32f30x_it.o(i.HardFault_Handler)
    i.MemManage_Handler                      0x080001ce   Section        0  gd32f30x_it.o(i.MemManage_Handler)
    i.NMI_Handler                            0x080001d0   Section        0  gd32f30x_it.o(i.NMI_Handler)
    i.NVIC_SetPriority                       0x080001d2   Section        0  systick.o(i.NVIC_SetPriority)
    NVIC_SetPriority                         0x080001d3   Thumb Code    32  systick.o(i.NVIC_SetPriority)
    i.PendSV_Handler                         0x080001f2   Section        0  gd32f30x_it.o(i.PendSV_Handler)
    i.SVC_Handler                            0x080001f4   Section        0  gd32f30x_it.o(i.SVC_Handler)
    i.SysTick_Handler                        0x080001f8   Section        0  main.o(i.SysTick_Handler)
    i.SystemInit                             0x08000228   Section        0  system_gd32f30x.o(i.SystemInit)
    i.USART0_IRQHandler                      0x08000284   Section        0  main.o(i.USART0_IRQHandler)
    i.USBD_LP_CAN0_RX0_IRQHandler            0x080002bc   Section        0  gd32f30x_it.o(i.USBD_LP_CAN0_RX0_IRQHandler)
    i.UsageFault_Handler                     0x080002c0   Section        0  gd32f30x_it.o(i.UsageFault_Handler)
    i.__scatterload_copy                     0x080002c2   Section       14  handlers.o(i.__scatterload_copy)
    i.__scatterload_null                     0x080002d0   Section        2  handlers.o(i.__scatterload_null)
    i.__scatterload_zeroinit                 0x080002d2   Section       14  handlers.o(i.__scatterload_zeroinit)
    i.com_put_char                           0x080002e0   Section        0  usart.o(i.com_put_char)
    i.delay_1ms                              0x08000300   Section        0  systick.o(i.delay_1ms)
    i.delay_decrement                        0x08000310   Section        0  systick.o(i.delay_decrement)
    i.exti_interrupt_flag_clear              0x08000324   Section        0  gd32f30x_exti.o(i.exti_interrupt_flag_clear)
    i.exti_interrupt_flag_get                0x08000330   Section        0  gd32f30x_exti.o(i.exti_interrupt_flag_get)
    i.gd_led_off                             0x08000354   Section        0  led.o(i.gd_led_off)
    i.gd_led_on                              0x0800036c   Section        0  led.o(i.gd_led_on)
    i.gd_led_toggle                          0x08000384   Section        0  led.o(i.gd_led_toggle)
    i.gpio_bit_write                         0x080003b4   Section        0  gd32f30x_gpio.o(i.gpio_bit_write)
    i.gpio_init                              0x080003be   Section        0  gd32f30x_gpio.o(i.gpio_init)
    i.gpio_input_bit_get                     0x0800045e   Section        0  gd32f30x_gpio.o(i.gpio_input_bit_get)
    i.gpio_pin_remap_config                  0x08000468   Section        0  gd32f30x_gpio.o(i.gpio_pin_remap_config)
    i.main                                   0x080004c0   Section        0  main.o(i.main)
    i.rcu_ahb_clock_config                   0x08000540   Section        0  gd32f30x_rcu.o(i.rcu_ahb_clock_config)
    i.rcu_periph_clock_enable                0x08000554   Section        0  gd32f30x_rcu.o(i.rcu_periph_clock_enable)
    i.system_clock_120m_irc8m                0x08000570   Section        0  system_gd32f30x.o(i.system_clock_120m_irc8m)
    system_clock_120m_irc8m                  0x08000571   Thumb Code   154  system_gd32f30x.o(i.system_clock_120m_irc8m)
    i.systick_config                         0x0800061c   Section        0  systick.o(i.systick_config)
    i.usart_data_receive                     0x0800065c   Section        0  gd32f30x_usart.o(i.usart_data_receive)
    i.usart_data_transmit                    0x08000664   Section        0  gd32f30x_usart.o(i.usart_data_transmit)
    i.usart_flag_get                         0x0800066c   Section        0  gd32f30x_usart.o(i.usart_flag_get)
    i.usart_interrupt_flag_get               0x08000682   Section        0  gd32f30x_usart.o(i.usart_interrupt_flag_get)
    i.usbd_ep_send                           0x080006b2   Section        0  usbd_core.o(i.usbd_ep_send)
    i.usbd_isr                               0x080006e8   Section        0  usbd_lld_int.o(i.usbd_isr)
    .data                                    0x20000000   Section       13  main.o(.data)
    touch_singal                             0x20000000   Data           1  main.o(.data)
    .data                                    0x20000010   Section        4  systick.o(.data)
    delay                                    0x20000010   Data           4  systick.o(.data)
    .data                                    0x20000014   Section        4  system_gd32f30x.o(.data)
    .data                                    0x20000018   Section       20  led.o(.data)
    GPIO_CLK                                 0x20000018   Data           4  led.o(.data)
    GPIO_PORT                                0x2000001c   Data           8  led.o(.data)
    GPIO_PIN                                 0x20000024   Data           8  led.o(.data)
    .data                                    0x2000002c   Section        8  usbd_lld_core.o(.data)
    .data                                    0x20000034   Section        4  usbd_core.o(.data)
    STACK                                    0x20000038   Section     1024  startup_gd32f30x_hd.o(STACK)
    .ARM.__AT_0x40006000                     0x40006000   Section       32  usbd_lld_core.o(.ARM.__AT_0x40006000)
    btable_ep                                0x40006000   Data          32  usbd_lld_core.o(.ARM.__AT_0x40006000)

    Global Symbols

    Symbol Name                              Value     Ov Type        Size  Object(Section)

    BuildAttributes$$THM_ISAv4$E$P$D$K$B$S$7EM$VFPi3$EXTD16$VFPS$VFMA$PE$A:L22UL41UL21$X:L11$S22US41US21$IEEE1$IW$USESV6$~STKCKD$USESV7$~SHL$OSPACE$EBA8$MICROLIB$REQ8$PRES8$EABIv2 0x00000000   Number         0  anon$$obj.o ABSOLUTE
    __ARM_use_no_argv                        0x00000000   Number         0  main.o ABSOLUTE
    __arm_fini_                               - Undefined Weak Reference
    __cpp_initialize__aeabi_                  - Undefined Weak Reference
    __cxa_finalize                            - Undefined Weak Reference
    __decompress                              - Undefined Weak Reference
    _clock_init                               - Undefined Weak Reference
    _microlib_exit                            - Undefined Weak Reference
    __Vectors_Size                           0x00000130   Number         0  startup_gd32f30x_hd.o ABSOLUTE
    __Vectors                                0x08000000   Data           4  startup_gd32f30x_hd.o(RESET)
    __Vectors_End                            0x08000130   Data           0  startup_gd32f30x_hd.o(RESET)
    __main                                   0x08000131   Thumb Code     0  entry.o(.ARM.Collect$$$$00000000)
    _main_stk                                0x08000131   Thumb Code     0  entry2.o(.ARM.Collect$$$$00000001)
    _main_scatterload                        0x08000135   Thumb Code     0  entry5.o(.ARM.Collect$$$$00000004)
    __main_after_scatterload                 0x08000139   Thumb Code     0  entry5.o(.ARM.Collect$$$$00000004)
    _main_clock                              0x08000139   Thumb Code     0  entry7b.o(.ARM.Collect$$$$00000008)
    _main_cpp_init                           0x08000139   Thumb Code     0  entry8b.o(.ARM.Collect$$$$0000000A)
    _main_init                               0x08000139   Thumb Code     0  entry9a.o(.ARM.Collect$$$$0000000B)
    __rt_lib_shutdown_fini                   0x08000141   Thumb Code     0  entry12b.o(.ARM.Collect$$$$0000000E)
    __rt_final_cpp                           0x08000145   Thumb Code     0  entry10a.o(.ARM.Collect$$$$0000000F)
    __rt_final_exit                          0x08000145   Thumb Code     0  entry11a.o(.ARM.Collect$$$$00000011)
    Reset_Handler                            0x08000149   Thumb Code     8  startup_gd32f30x_hd.o(.text)
    ADC0_1_IRQHandler                        0x08000163   Thumb Code     0  startup_gd32f30x_hd.o(.text)
    ADC2_IRQHandler                          0x08000163   Thumb Code     0  startup_gd32f30x_hd.o(.text)
    CAN0_EWMC_IRQHandler                     0x08000163   Thumb Code     0  startup_gd32f30x_hd.o(.text)
    CAN0_RX1_IRQHandler                      0x08000163   Thumb Code     0  startup_gd32f30x_hd.o(.text)
    DMA0_Channel0_IRQHandler                 0x08000163   Thumb Code     0  startup_gd32f30x_hd.o(.text)
    DMA0_Channel1_IRQHandler                 0x08000163   Thumb Code     0  startup_gd32f30x_hd.o(.text)
    DMA0_Channel2_IRQHandler                 0x08000163   Thumb Code     0  startup_gd32f30x_hd.o(.text)
    DMA0_Channel3_IRQHandler                 0x08000163   Thumb Code     0  startup_gd32f30x_hd.o(.text)
    DMA0_Channel4_IRQHandler                 0x08000163   Thumb Code     0  startup_gd32f30x_hd.o(.text)
    DMA0_Channel5_IRQHandler                 0x08000163   Thumb Code     0  startup_gd32f30x_hd.o(.text)
    DMA0_Channel6_IRQHandler                 0x08000163   Thumb Code     0  startup_gd32f30x_hd.o(.text)
    DMA1_Channel0_IRQHandler                 0x08000163   Thumb Code     0  startup_gd32f30x_hd.o(.text)
    DMA1_Channel1_IRQHandler                 0x08000163   Thumb Code     0  startup_gd32f30x_hd.o(.text)
    DMA1_Channel2_IRQHandler                 0x08000163   Thumb Code     0  startup_gd32f30x_hd.o(.text)
    DMA1_Channel3_4_IRQHandler               0x08000163   Thumb Code     0  startup_gd32f30x_hd.o(.text)
    EXMC_IRQHandler                          0x08000163   Thumb Code     0  startup_gd32f30x_hd.o(.text)
    EXTI0_IRQHandler                         0x08000163   Thumb Code     0  startup_gd32f30x_hd.o(.text)
    EXTI10_15_IRQHandler                     0x08000163   Thumb Code     0  startup_gd32f30x_hd.o(.text)
    EXTI1_IRQHandler                         0x08000163   Thumb Code     0  startup_gd32f30x_hd.o(.text)
    EXTI2_IRQHandler                         0x08000163   Thumb Code     0  startup_gd32f30x_hd.o(.text)
    EXTI3_IRQHandler                         0x08000163   Thumb Code     0  startup_gd32f30x_hd.o(.text)
    EXTI4_IRQHandler                         0x08000163   Thumb Code     0  startup_gd32f30x_hd.o(.text)
    FMC_IRQHandler                           0x08000163   Thumb Code     0  startup_gd32f30x_hd.o(.text)
    I2C0_ER_IRQHandler                       0x08000163   Thumb Code     0  startup_gd32f30x_hd.o(.text)
    I2C0_EV_IRQHandler                       0x08000163   Thumb Code     0  startup_gd32f30x_hd.o(.text)
    I2C1_ER_IRQHandler                       0x08000163   Thumb Code     0  startup_gd32f30x_hd.o(.text)
    I2C1_EV_IRQHandler                       0x08000163   Thumb Code     0  startup_gd32f30x_hd.o(.text)
    LVD_IRQHandler                           0x08000163   Thumb Code     0  startup_gd32f30x_hd.o(.text)
    RCU_CTC_IRQHandler                       0x08000163   Thumb Code     0  startup_gd32f30x_hd.o(.text)
    RTC_Alarm_IRQHandler                     0x08000163   Thumb Code     0  startup_gd32f30x_hd.o(.text)
    RTC_IRQHandler                           0x08000163   Thumb Code     0  startup_gd32f30x_hd.o(.text)
    SDIO_IRQHandler                          0x08000163   Thumb Code     0  startup_gd32f30x_hd.o(.text)
    SPI0_IRQHandler                          0x08000163   Thumb Code     0  startup_gd32f30x_hd.o(.text)
    SPI1_IRQHandler                          0x08000163   Thumb Code     0  startup_gd32f30x_hd.o(.text)
    SPI2_IRQHandler                          0x08000163   Thumb Code     0  startup_gd32f30x_hd.o(.text)
    TAMPER_IRQHandler                        0x08000163   Thumb Code     0  startup_gd32f30x_hd.o(.text)
    TIMER0_BRK_IRQHandler                    0x08000163   Thumb Code     0  startup_gd32f30x_hd.o(.text)
    TIMER0_Channel_IRQHandler                0x08000163   Thumb Code     0  startup_gd32f30x_hd.o(.text)
    TIMER0_TRG_CMT_IRQHandler                0x08000163   Thumb Code     0  startup_gd32f30x_hd.o(.text)
    TIMER0_UP_IRQHandler                     0x08000163   Thumb Code     0  startup_gd32f30x_hd.o(.text)
    TIMER1_IRQHandler                        0x08000163   Thumb Code     0  startup_gd32f30x_hd.o(.text)
    TIMER2_IRQHandler                        0x08000163   Thumb Code     0  startup_gd32f30x_hd.o(.text)
    TIMER3_IRQHandler                        0x08000163   Thumb Code     0  startup_gd32f30x_hd.o(.text)
    TIMER4_IRQHandler                        0x08000163   Thumb Code     0  startup_gd32f30x_hd.o(.text)
    TIMER5_IRQHandler                        0x08000163   Thumb Code     0  startup_gd32f30x_hd.o(.text)
    TIMER6_IRQHandler                        0x08000163   Thumb Code     0  startup_gd32f30x_hd.o(.text)
    TIMER7_BRK_IRQHandler                    0x08000163   Thumb Code     0  startup_gd32f30x_hd.o(.text)
    TIMER7_Channel_IRQHandler                0x08000163   Thumb Code     0  startup_gd32f30x_hd.o(.text)
    TIMER7_TRG_CMT_IRQHandler                0x08000163   Thumb Code     0  startup_gd32f30x_hd.o(.text)
    TIMER7_UP_IRQHandler                     0x08000163   Thumb Code     0  startup_gd32f30x_hd.o(.text)
    UART3_IRQHandler                         0x08000163   Thumb Code     0  startup_gd32f30x_hd.o(.text)
    UART4_IRQHandler                         0x08000163   Thumb Code     0  startup_gd32f30x_hd.o(.text)
    USART1_IRQHandler                        0x08000163   Thumb Code     0  startup_gd32f30x_hd.o(.text)
    USART2_IRQHandler                        0x08000163   Thumb Code     0  startup_gd32f30x_hd.o(.text)
    USBD_HP_CAN0_TX_IRQHandler               0x08000163   Thumb Code     0  startup_gd32f30x_hd.o(.text)
    USBD_WKUP_IRQHandler                     0x08000163   Thumb Code     0  startup_gd32f30x_hd.o(.text)
    WWDGT_IRQHandler                         0x08000163   Thumb Code     0  startup_gd32f30x_hd.o(.text)
    __scatterload                            0x0800016d   Thumb Code    28  init.o(.text)
    __scatterload_rt2                        0x0800016d   Thumb Code     0  init.o(.text)
    BusFault_Handler                         0x08000191   Thumb Code     2  gd32f30x_it.o(i.BusFault_Handler)
    DebugMon_Handler                         0x08000193   Thumb Code     2  gd32f30x_it.o(i.DebugMon_Handler)
    EXTI5_9_IRQHandler                       0x08000195   Thumb Code    48  main.o(i.EXTI5_9_IRQHandler)
    HardFault_Handler                        0x080001cd   Thumb Code     2  gd32f30x_it.o(i.HardFault_Handler)
    MemManage_Handler                        0x080001cf   Thumb Code     2  gd32f30x_it.o(i.MemManage_Handler)
    NMI_Handler                              0x080001d1   Thumb Code     2  gd32f30x_it.o(i.NMI_Handler)
    PendSV_Handler                           0x080001f3   Thumb Code     2  gd32f30x_it.o(i.PendSV_Handler)
    SVC_Handler                              0x080001f5   Thumb Code     2  gd32f30x_it.o(i.SVC_Handler)
    SysTick_Handler                          0x080001f9   Thumb Code    42  main.o(i.SysTick_Handler)
    SystemInit                               0x08000229   Thumb Code    80  system_gd32f30x.o(i.SystemInit)
    USART0_IRQHandler                        0x08000285   Thumb Code    46  main.o(i.USART0_IRQHandler)
    USBD_LP_CAN0_RX0_IRQHandler              0x080002bd   Thumb Code     4  gd32f30x_it.o(i.USBD_LP_CAN0_RX0_IRQHandler)
    UsageFault_Handler                       0x080002c1   Thumb Code     2  gd32f30x_it.o(i.UsageFault_Handler)
    __scatterload_copy                       0x080002c3   Thumb Code    14  handlers.o(i.__scatterload_copy)
    __scatterload_null                       0x080002d1   Thumb Code     2  handlers.o(i.__scatterload_null)
    __scatterload_zeroinit                   0x080002d3   Thumb Code    14  handlers.o(i.__scatterload_zeroinit)
    com_put_char                             0x080002e1   Thumb Code    26  usart.o(i.com_put_char)
    delay_1ms                                0x08000301   Thumb Code    12  systick.o(i.delay_1ms)
    delay_decrement                          0x08000311   Thumb Code    16  systick.o(i.delay_decrement)
    exti_interrupt_flag_clear                0x08000325   Thumb Code     6  gd32f30x_exti.o(i.exti_interrupt_flag_clear)
    exti_interrupt_flag_get                  0x08000331   Thumb Code    26  gd32f30x_exti.o(i.exti_interrupt_flag_get)
    gd_led_off                               0x08000355   Thumb Code    18  led.o(i.gd_led_off)
    gd_led_on                                0x0800036d   Thumb Code    18  led.o(i.gd_led_on)
    gd_led_toggle                            0x08000385   Thumb Code    44  led.o(i.gd_led_toggle)
    gpio_bit_write                           0x080003b5   Thumb Code    10  gd32f30x_gpio.o(i.gpio_bit_write)
    gpio_init                                0x080003bf   Thumb Code   160  gd32f30x_gpio.o(i.gpio_init)
    gpio_input_bit_get                       0x0800045f   Thumb Code    10  gd32f30x_gpio.o(i.gpio_input_bit_get)
    gpio_pin_remap_config                    0x08000469   Thumb Code    82  gd32f30x_gpio.o(i.gpio_pin_remap_config)
    main                                     0x080004c1   Thumb Code   116  main.o(i.main)
    rcu_ahb_clock_config                     0x08000541   Thumb Code    14  gd32f30x_rcu.o(i.rcu_ahb_clock_config)
    rcu_periph_clock_enable                  0x08000555   Thumb Code    22  gd32f30x_rcu.o(i.rcu_periph_clock_enable)
    systick_config                           0x0800061d   Thumb Code    60  systick.o(i.systick_config)
    usart_data_receive                       0x0800065d   Thumb Code     8  gd32f30x_usart.o(i.usart_data_receive)
    usart_data_transmit                      0x08000665   Thumb Code     8  gd32f30x_usart.o(i.usart_data_transmit)
    usart_flag_get                           0x0800066d   Thumb Code    22  gd32f30x_usart.o(i.usart_flag_get)
    usart_interrupt_flag_get                 0x08000683   Thumb Code    48  gd32f30x_usart.o(i.usart_interrupt_flag_get)
    usbd_ep_send                             0x080006b3   Thumb Code    54  usbd_core.o(i.usbd_ep_send)
    usbd_isr                                 0x080006e9   Thumb Code   458  usbd_lld_int.o(i.usbd_isr)
    Region$$Table$$Base                      0x080008c4   Number         0  anon$$obj.o(Region$$Table)
    Region$$Table$$Limit                     0x080008e4   Number         0  anon$$obj.o(Region$$Table)
    msCount                                  0x20000004   Data           4  main.o(.data)
    iic_data                                 0x20000008   Data           5  main.o(.data)
    SystemCoreClock                          0x20000014   Data           4  system_gd32f30x.o(.data)
    usbd_core                                0x2000002c   Data           8  usbd_lld_core.o(.data)
    usbd_int_fops                            0x20000034   Data           4  usbd_core.o(.data)
    __initial_sp                             0x20000438   Data           0  startup_gd32f30x_hd.o(STACK)



==============================================================================

Memory Map of the image

  Image Entry point : 0x08000131

  Load Region LR_IROM1 (Base: 0x08000000, Size: 0x0000091c, Max: 0x00020000, ABSOLUTE)

    Execution Region ER_IROM1 (Exec base: 0x08000000, Load base: 0x08000000, Size: 0x000008e4, Max: 0x00020000, ABSOLUTE)

    Exec Addr    Load Addr    Size         Type   Attr      Idx    E Section Name        Object

    0x08000000   0x08000000   0x00000130   Data   RO          659    RESET               startup_gd32f30x_hd.o
    0x08000130   0x08000130   0x00000000   Code   RO         5022  * .ARM.Collect$$$$00000000  mc_w.l(entry.o)
    0x08000130   0x08000130   0x00000004   Code   RO         5027    .ARM.Collect$$$$00000001  mc_w.l(entry2.o)
    0x08000134   0x08000134   0x00000004   Code   RO         5030    .ARM.Collect$$$$00000004  mc_w.l(entry5.o)
    0x08000138   0x08000138   0x00000000   Code   RO         5032    .ARM.Collect$$$$00000008  mc_w.l(entry7b.o)
    0x08000138   0x08000138   0x00000000   Code   RO         5034    .ARM.Collect$$$$0000000A  mc_w.l(entry8b.o)
    0x08000138   0x08000138   0x00000008   Code   RO         5035    .ARM.Collect$$$$0000000B  mc_w.l(entry9a.o)
    0x08000140   0x08000140   0x00000004   Code   RO         5042    .ARM.Collect$$$$0000000E  mc_w.l(entry12b.o)
    0x08000144   0x08000144   0x00000000   Code   RO         5037    .ARM.Collect$$$$0000000F  mc_w.l(entry10a.o)
    0x08000144   0x08000144   0x00000000   Code   RO         5039    .ARM.Collect$$$$00000011  mc_w.l(entry11a.o)
    0x08000144   0x08000144   0x00000004   Code   RO         5028    .ARM.Collect$$$$00002712  mc_w.l(entry2.o)
    0x08000148   0x08000148   0x00000024   Code   RO          660    .text               startup_gd32f30x_hd.o
    0x0800016c   0x0800016c   0x00000024   Code   RO         5043    .text               mc_w.l(init.o)
    0x08000190   0x08000190   0x00000002   Code   RO          267    i.BusFault_Handler  gd32f30x_it.o
    0x08000192   0x08000192   0x00000002   Code   RO          268    i.DebugMon_Handler  gd32f30x_it.o
    0x08000194   0x08000194   0x00000038   Code   RO            3    i.EXTI5_9_IRQHandler  main.o
    0x080001cc   0x080001cc   0x00000002   Code   RO          269    i.HardFault_Handler  gd32f30x_it.o
    0x080001ce   0x080001ce   0x00000002   Code   RO          270    i.MemManage_Handler  gd32f30x_it.o
    0x080001d0   0x080001d0   0x00000002   Code   RO          271    i.NMI_Handler       gd32f30x_it.o
    0x080001d2   0x080001d2   0x00000020   Code   RO          224    i.NVIC_SetPriority  systick.o
    0x080001f2   0x080001f2   0x00000002   Code   RO          272    i.PendSV_Handler    gd32f30x_it.o
    0x080001f4   0x080001f4   0x00000002   Code   RO          273    i.SVC_Handler       gd32f30x_it.o
    0x080001f6   0x080001f6   0x00000002   PAD
    0x080001f8   0x080001f8   0x00000030   Code   RO            4    i.SysTick_Handler   main.o
    0x08000228   0x08000228   0x0000005c   Code   RO          355    i.SystemInit        system_gd32f30x.o
    0x08000284   0x08000284   0x00000038   Code   RO            5    i.USART0_IRQHandler  main.o
    0x080002bc   0x080002bc   0x00000004   Code   RO          274    i.USBD_LP_CAN0_RX0_IRQHandler  gd32f30x_it.o
    0x080002c0   0x080002c0   0x00000002   Code   RO          275    i.UsageFault_Handler  gd32f30x_it.o
    0x080002c2   0x080002c2   0x0000000e   Code   RO         5047    i.__scatterload_copy  mc_w.l(handlers.o)
    0x080002d0   0x080002d0   0x00000002   Code   RO         5048    i.__scatterload_null  mc_w.l(handlers.o)
    0x080002d2   0x080002d2   0x0000000e   Code   RO         5049    i.__scatterload_zeroinit  mc_w.l(handlers.o)
    0x080002e0   0x080002e0   0x00000020   Code   RO          551    i.com_put_char      usart.o
    0x08000300   0x08000300   0x00000010   Code   RO          225    i.delay_1ms         systick.o
    0x08000310   0x08000310   0x00000014   Code   RO          226    i.delay_decrement   systick.o
    0x08000324   0x08000324   0x0000000c   Code   RO         1991    i.exti_interrupt_flag_clear  gd32f30x_exti.o
    0x08000330   0x08000330   0x00000024   Code   RO         1992    i.exti_interrupt_flag_get  gd32f30x_exti.o
    0x08000354   0x08000354   0x00000018   Code   RO          454    i.gd_led_off        led.o
    0x0800036c   0x0800036c   0x00000018   Code   RO          455    i.gd_led_on         led.o
    0x08000384   0x08000384   0x00000030   Code   RO          456    i.gd_led_toggle     led.o
    0x080003b4   0x080003b4   0x0000000a   Code   RO         2344    i.gpio_bit_write    gd32f30x_gpio.o
    0x080003be   0x080003be   0x000000a0   Code   RO         2352    i.gpio_init         gd32f30x_gpio.o
    0x0800045e   0x0800045e   0x0000000a   Code   RO         2353    i.gpio_input_bit_get  gd32f30x_gpio.o
    0x08000468   0x08000468   0x00000058   Code   RO         2358    i.gpio_pin_remap_config  gd32f30x_gpio.o
    0x080004c0   0x080004c0   0x00000080   Code   RO            6    i.main              main.o
    0x08000540   0x08000540   0x00000014   Code   RO         2861    i.rcu_ahb_clock_config  gd32f30x_rcu.o
    0x08000554   0x08000554   0x0000001c   Code   RO         2887    i.rcu_periph_clock_enable  gd32f30x_rcu.o
    0x08000570   0x08000570   0x000000ac   Code   RO          356    i.system_clock_120m_irc8m  system_gd32f30x.o
    0x0800061c   0x0800061c   0x00000040   Code   RO          227    i.systick_config    systick.o
    0x0800065c   0x0800065c   0x00000008   Code   RO         4186    i.usart_data_receive  gd32f30x_usart.o
    0x08000664   0x08000664   0x00000008   Code   RO         4187    i.usart_data_transmit  gd32f30x_usart.o
    0x0800066c   0x0800066c   0x00000016   Code   RO         4194    i.usart_flag_get    gd32f30x_usart.o
    0x08000682   0x08000682   0x00000030   Code   RO         4203    i.usart_interrupt_flag_get  gd32f30x_usart.o
    0x080006b2   0x080006b2   0x00000036   Code   RO         4705    i.usbd_ep_send      usbd_core.o
    0x080006e8   0x080006e8   0x000001dc   Code   RO         4676    i.usbd_isr          usbd_lld_int.o
    0x080008c4   0x080008c4   0x00000020   Data   RO         5045    Region$$Table       anon$$obj.o


    Execution Region RW_IRAM1 (Exec base: 0x20000000, Load base: 0x080008e4, Size: 0x00000438, Max: 0x0000c000, ABSOLUTE)

    Exec Addr    Load Addr    Size         Type   Attr      Idx    E Section Name        Object

    0x20000000   0x080008e4   0x0000000d   Data   RW           13    .data               main.o
    0x2000000d   0x080008f1   0x00000003   PAD
    0x20000010   0x080008f4   0x00000004   Data   RW          228    .data               systick.o
    0x20000014   0x080008f8   0x00000004   Data   RW          357    .data               system_gd32f30x.o
    0x20000018   0x080008fc   0x00000014   Data   RW          457    .data               led.o
    0x2000002c   0x08000910   0x00000008   Data   RW         4574    .data               usbd_lld_core.o
    0x20000034   0x08000918   0x00000004   Data   RW         4707    .data               usbd_core.o
    0x20000038        -       0x00000400   Zero   RW          657    STACK               startup_gd32f30x_hd.o



  Load Region LR$$.ARM.__AT_0x40006000 (Base: 0x40006000, Size: 0x00000000, Max: 0x00000020, ABSOLUTE)

    Execution Region ER$$.ARM.__AT_0x40006000 (Exec base: 0x40006000, Load base: 0x40006000, Size: 0x00000020, Max: 0x00000020, ABSOLUTE, UNINIT)

    Exec Addr    Load Addr    Size         Type   Attr      Idx    E Section Name        Object

    0x40006000        -       0x00000020   Zero   RW         4571    .ARM.__AT_0x40006000  usbd_lld_core.o


==============================================================================

Image component sizes


      Code (inc. data)   RO Data    RW Data    ZI Data      Debug   Object Name

        48         16          0          0          0       1278   gd32f30x_exti.o
       268          6          0          0          0       3138   gd32f30x_gpio.o
        20          0          0          0          0       4142   gd32f30x_it.o
        48         12          0          0          0       1141   gd32f30x_rcu.o
        86          0          0          0          0       2603   gd32f30x_usart.o
        96         16          0         20          0       2121   led.o
       288         36          0         13          0      60114   main.o
        36          8        304          0       1024        888   startup_gd32f30x_hd.o
       264         30          0          4          0       2419   system_gd32f30x.o
       132         12          0          4          0      29110   systick.o
        32          6          0          0          0        963   usart.o
        54          0          0          4          0       5659   usbd_core.o
         0          0          0          8         32       4957   usbd_lld_core.o
       476         18          0          0          0       2363   usbd_lld_int.o

    ----------------------------------------------------------------------
      1850        160        336         56       1056     120896   Object Totals
         0          0         32          0          0          0   (incl. Generated)
         2          0          0          3          0          0   (incl. Padding)

    ----------------------------------------------------------------------

      Code (inc. data)   RO Data    RW Data    ZI Data      Debug   Library Member Name

         0          0          0          0          0          0   entry.o
         0          0          0          0          0          0   entry10a.o
         0          0          0          0          0          0   entry11a.o
         4          0          0          0          0          0   entry12b.o
         8          4          0          0          0          0   entry2.o
         4          0          0          0          0          0   entry5.o
         0          0          0          0          0          0   entry7b.o
         0          0          0          0          0          0   entry8b.o
         8          4          0          0          0          0   entry9a.o
        30          0          0          0          0          0   handlers.o
        36          8          0          0          0         68   init.o

    ----------------------------------------------------------------------
        90         16          0          0          0         68   Library Totals
         0          0          0          0          0          0   (incl. Padding)

    ----------------------------------------------------------------------

      Code (inc. data)   RO Data    RW Data    ZI Data      Debug   Library Name

        90         16          0          0          0         68   mc_w.l

    ----------------------------------------------------------------------
        90         16          0          0          0         68   Library Totals

    ----------------------------------------------------------------------

==============================================================================


      Code (inc. data)   RO Data    RW Data    ZI Data      Debug   

      1940        176        336         56       1056     118168   Grand Totals
      1940        176        336         56       1056     118168   ELF Image Totals
      1940        176        336         56          0          0   ROM Totals

==============================================================================

    Total RO  Size (Code + RO Data)                 2276 (   2.22kB)
    Total RW  Size (RW Data + ZI Data)              1112 (   1.09kB)
    Total ROM Size (Code + RO Data + RW Data)       2332 (   2.28kB)

==============================================================================

