<html>
<body>
<pre>
<h1>礦ision Build Log</h1>
<h2>Tool Versions:</h2>
IDE-Version: μVision V5.35.0.0
Copyright (C) 2021 ARM Ltd and ARM Germany GmbH. All rights reserved.
License Information: 1 Robert, 1, LIC=EXJT4-F6SKB-NN8AF-6PJ58-KIDF9-415GM
 
Tool Versions:
Toolchain:       MDK-ARM Plus  Version: 5.35.0.2
Toolchain Path:  D:\Programs\MDK\ARM\ARMCC\Bin
C Compiler:      Armcc.exe V5.06 update 7 (build 960)
Assembler:       Armasm.exe V5.06 update 7 (build 960)
Linker/Locator:  ArmLink.exe V5.06 update 7 (build 960)
Library Manager: ArmAr.exe V5.06 update 7 (build 960)
Hex Converter:   FromElf.exe V5.06 update 7 (build 960)
CPU DLL:         SARMCM3.DLL V5.35.0.2
Dialog DLL:      DCM.DLL V1.17.3.0
Target DLL:      CMSIS_AGDI.dll V1.33.0.0
Dialog DLL:      TCM.DLL V1.53.0.0
 
<h2>Project:</h2>
D:\ExtCode\USB_HID\25.GPIO输出实验(8M内部晶振)\Project\Keil_project\GD32.uvprojx
Project File Date:  07/03/2023

<h2>Output:</h2>
*** Using Compiler 'V5.06 update 7 (build 960)', folder: 'D:\Programs\MDK\ARM\ARMCC\Bin'
Build target 'Target 1'
assembling startup_gd32f30x_hd.s...
compiling system_gd32f30x.c...
compiling gd32f30x_crc.c...
compiling gd32f30x_adc.c...
compiling gd32f30x_dma.c...
compiling gd32f30x_ctc.c...
compiling gd32f30x_dbg.c...
compiling gd32f30x_dac.c...
compiling gd32f30x_enet.c...
compiling gd32f30x_bkp.c...
compiling gd32f30x_exmc.c...
compiling gd32f30x_can.c...
compiling gd32f30x_exti.c...
compiling gd32f30x_fmc.c...
compiling gd32f30x_fwdgt.c...
compiling gd32f30x_gpio.c...
compiling gd32f30x_i2c.c...
compiling gd32f30x_pmu.c...
compiling gd32f30x_misc.c...
compiling gd32f30x_rtc.c...
compiling gd32f30x_rcu.c...
compiling gd32f30x_sdio.c...
compiling gd32f30x_spi.c...
compiling gd32f30x_usart.c...
compiling gd32f30x_wwdgt.c...
compiling gd32f30x_timer.c...
compiling gd32f30x_it.c...
compiling main.c...
..\main.c(32): warning:  #111-D: statement is unreachable
      return 0;
..\main.c: 1 warning, 0 errors
compiling systick.c...
linking...
Program Size: Code=1436 RO-data=336 RW-data=8 ZI-data=2144  
FromELF: creating hex file...
".\Objects\template.axf" - 0 Error(s), 1 Warning(s).

<h2>Software Packages used:</h2>

Package Vendor: GigaDevice
                https://gd32mcu.com/data/documents/pack/GigaDevice.GD32F30x_DFP.2.2.1.pack
                GigaDevice.GD32F30x_DFP.2.2.1
                GigaDevice GD32F30x Series Device Support and Examples

<h2>Collection of Component include folders:</h2>
  D:\Programs\Pack\GigaDevice\GD32F30x_DFP\2.2.1\Device\Include

<h2>Collection of Component Files used:</h2>
Build Time Elapsed:  00:00:01
</pre>
</body>
</html>
