<html>
<body>
<pre>
<h1>µVision Build Log</h1>
<h2>Tool Versions:</h2>
IDE-Version: ¦ÌVision V5.35.0.0
Copyright (C) 2021 ARM Ltd and ARM Germany GmbH. All rights reserved.
License Information: 1 Robert, 1, LIC=EXJT4-F6SKB-NN8AF-6PJ58-KIDF9-415GM
 
Tool Versions:
Toolchain:       MDK-ARM Plus  Version: 5.35.0.2
Toolchain Path:  D:\Programs\MDK\ARM\ARMCC\Bin
C Compiler:      Armcc.exe V5.06 update 7 (build 960)
Assembler:       Armasm.exe V5.06 update 7 (build 960)
Linker/Locator:  ArmLink.exe V5.06 update 7 (build 960)
Library Manager: ArmAr.exe V5.06 update 7 (build 960)
Hex Converter:   FromElf.exe V5.06 update 7 (build 960)
CPU DLL:         SARMCM3.DLL V5.35.0.2
Dialog DLL:      DCM.DLL V1.17.3.0
Target DLL:      CMSIS_AGDI.dll V1.33.0.0
Dialog DLL:      TCM.DLL V1.53.0.0
 
<h2>Project:</h2>
D:\ExtCode\gd32_usb\1_template\Keilpro\GD32F303.uvprojx
Project File Date:  05/11/2023

<h2>Output:</h2>
*** Using Compiler 'V5.06 update 7 (build 960)', folder: 'D:\Programs\MDK\ARM\ARMCC\Bin'
Build target 'GD32F303'
compiling main.c...
..\Code\Drivers\key.h(91): warning:  #1295-D: Deprecated declaration gd_key_init - give arg types
  void gd_key_init();
..\Code\Mains\main.c(12): warning:  #550-D: variable "touch_singal"  was set but never used
  static uint8_t touch_singal;
..\Code\Mains\main.c: 2 warnings, 0 errors
linking...
Program Size: Code=7068 RO-data=528 RW-data=1184 ZI-data=1240  
FromELF: creating hex file...
After Build - User command #1: fromelf --bin -o "D:\ExtCode\gd32_usb\1_template\Keilpro\Objects\GD32F303.bin" "D:\ExtCode\gd32_usb\1_template\Keilpro\Objects\GD32F303.axf"
".\Objects\GD32F303.axf" - 0 Error(s), 2 Warning(s).

<h2>Software Packages used:</h2>

Package Vendor: GigaDevice
                https://gd32mcu.com/data/documents/pack/GigaDevice.GD32F30x_DFP.2.2.1.pack
                GigaDevice.GD32F30x_DFP.2.2.1
                GigaDevice GD32F30x Series Device Support and Examples

<h2>Collection of Component include folders:</h2>
  D:\Programs\Pack\GigaDevice\GD32F30x_DFP\2.2.1\Device\Include

<h2>Collection of Component Files used:</h2>
Build Time Elapsed:  00:00:02
</pre>
</body>
</html>
